Archive member included to satisfy reference by file (symbol)

C:/devkitPro/libctru/lib\libcitro2d.a(base.o)
                              main.o (C2D_Init)
C:/devkitPro/libctru/lib\libcitro2d.a(render2d.shbin.o)
                              C:/devkitPro/libctru/lib\libcitro2d.a(base.o) (render2d_shbin)
C:/devkitPro/libctru/lib\libcitro3d.a(attribs.o)
                              C:/devkitPro/libctru/lib\libcitro2d.a(base.o) (AttrInfo_Init)
C:/devkitPro/libctru/lib\libcitro3d.a(base.o)
                              C:/devkitPro/libctru/lib\libcitro3d.a(attribs.o) (__C3D_Context)
C:/devkitPro/libctru/lib\libcitro3d.a(buffers.o)
                              C:/devkitPro/libctru/lib\libcitro2d.a(base.o) (BufInfo_Init)
C:/devkitPro/libctru/lib\libcitro3d.a(drawElements.o)
                              C:/devkitPro/libctru/lib\libcitro2d.a(base.o) (C3D_DrawElements)
C:/devkitPro/libctru/lib\libcitro3d.a(effect.o)
                              C:/devkitPro/libctru/lib\libcitro3d.a(base.o) (C3D_DepthMap)
C:/devkitPro/libctru/lib\libcitro3d.a(framebuffer.o)
                              C:/devkitPro/libctru/lib\libcitro3d.a(base.o) (C3Di_FrameBufBind)
C:/devkitPro/libctru/lib\libcitro3d.a(immediate.o)
                              C:/devkitPro/libctru/lib\libcitro3d.a(base.o) (C3D_ImmSendAttrib)
C:/devkitPro/libctru/lib\libcitro3d.a(proctex.o)
                              C:/devkitPro/libctru/lib\libcitro2d.a(base.o) (C3D_ProcTexInit)
C:/devkitPro/libctru/lib\libcitro3d.a(renderqueue.o)
                              C:/devkitPro/libctru/lib\libcitro3d.a(base.o) (C3Di_RenderQueueEnableVBlank)
C:/devkitPro/libctru/lib\libcitro3d.a(texenv.o)
                              C:/devkitPro/libctru/lib\libcitro2d.a(base.o) (C3D_GetTexEnv)
C:/devkitPro/libctru/lib\libcitro3d.a(texture.o)
                              C:/devkitPro/libctru/lib\libcitro2d.a(base.o) (C3D_TexBind)
C:/devkitPro/libctru/lib\libcitro3d.a(uniforms.o)
                              C:/devkitPro/libctru/lib\libcitro3d.a(base.o) (C3D_UpdateUniforms)
C:/devkitPro/libctru/lib\libcitro3d.a(mtx_multiply.o)
                              C:/devkitPro/libctru/lib\libcitro2d.a(base.o) (Mtx_Multiply)
C:/devkitPro/libctru/lib\libcitro3d.a(mtx_ortho.o)
                              C:/devkitPro/libctru/lib\libcitro2d.a(base.o) (Mtx_Ortho)
C:/devkitPro/libctru/lib\libcitro3d.a(mtx_orthotilt.o)
                              C:/devkitPro/libctru/lib\libcitro2d.a(base.o) (Mtx_OrthoTilt)
C:/devkitPro/libctru/lib\libcitro3d.a(mtx_rotatez.o)
                              C:/devkitPro/libctru/lib\libcitro2d.a(base.o) (Mtx_RotateZ)
C:/devkitPro/libctru/lib\libcitro3d.a(mtx_scale.o)
                              C:/devkitPro/libctru/lib\libcitro2d.a(base.o) (Mtx_Scale)
C:/devkitPro/libctru/lib\libcitro3d.a(mtx_translate.o)
                              C:/devkitPro/libctru/lib\libcitro2d.a(base.o) (Mtx_Translate)
C:/devkitPro/libctru/lib\libctru.a(linear.o)
                              C:/devkitPro/libctru/lib\libcitro2d.a(base.o) (linearAlloc)
C:/devkitPro/libctru/lib\libctru.a(mem_pool.o)
                              C:/devkitPro/libctru/lib\libctru.a(linear.o) (MemPool::Allocate(MemChunk&, unsigned long, int))
C:/devkitPro/libctru/lib\libctru.a(vram.o)
                              C:/devkitPro/libctru/lib\libcitro3d.a(renderqueue.o) (vramAlloc)
C:/devkitPro/libctru/lib\libctru.a(console.o)
                              main.o (consoleInit)
C:/devkitPro/libctru/lib\libctru.a(gfx.o)
                              C:/devkitPro/libctru/lib\libcitro2d.a(base.o) (gfxIsWide)
C:/devkitPro/libctru/lib\libctru.a(os.o)
                              C:/devkitPro/libctru/lib\libcitro3d.a(buffers.o) (osConvertVirtToPhys)
C:/devkitPro/libctru/lib\libctru.a(gpu.o)
                              C:/devkitPro/libctru/lib\libcitro3d.a(base.o) (gpuCmdBufOffset)
C:/devkitPro/libctru/lib\libctru.a(gx.o)
                              C:/devkitPro/libctru/lib\libcitro3d.a(renderqueue.o) (GX_BindQueue)
C:/devkitPro/libctru/lib\libctru.a(gxqueue.o)
                              C:/devkitPro/libctru/lib\libcitro3d.a(renderqueue.o) (gxCmdQueueClear)
C:/devkitPro/libctru/lib\libctru.a(shaderProgram.o)
                              C:/devkitPro/libctru/lib\libcitro2d.a(base.o) (shaderInstanceGetUniformLocation)
C:/devkitPro/libctru/lib\libctru.a(shbin.o)
                              C:/devkitPro/libctru/lib\libcitro2d.a(base.o) (DVLB_ParseFile)
C:/devkitPro/libctru/lib\libctru.a(apt.o)
                              C:/devkitPro/libctru/lib\libcitro3d.a(base.o) (aptHook)
C:/devkitPro/libctru/lib\libctru.a(gspgpu.o)
                              C:/devkitPro/libctru/lib\libctru.a(gfx.o) (gspInit)
C:/devkitPro/libctru/lib\libctru.a(hid.o)
                              main.o (hidScanInput)
C:/devkitPro/libctru/lib\libctru.a(irrst.o)
                              C:/devkitPro/libctru/lib\libctru.a(hid.o) (irrstInit)
[...]
Memory Configuration

Name             Origin             Length             Attributes
*default*        0x00000000         0xffffffff

Linker script and memory map

                0x00000000                        __sync_synchronize = __sync_synchronize_dmb
                0x00100000                        PROVIDE (__start__ = 0x100000)
                0x00100000                        . = __start__

.text           0x00100000    0x1c2b0
 *(.crt0)
 .crt0          0x00100000       0x94 C:/devkitPro/devkitARM/bin/../lib/gcc/arm-none-eabi/14.2.0/../../../../arm-none-eabi/lib/armv6k/fpu/3dsx_crt0.o
                0x00100000                _start
                0x00100008                __service_ptr
                0x0010000c                __apt_appid
                0x00100010                __heap_size
                0x00100014                __linear_heap_size
                0x00100018                __system_arglist
                0x0010001c                __system_runflags
 *(.init)
 .init          0x00100094        0xc C:/devkitPro/devkitARM/bin/../lib/gcc/arm-none-eabi/14.2.0/armv6k/fpu/crti.o
                0x00100094                _init
 .init          0x001000a0        0xc C:/devkitPro/devkitARM/bin/../lib/gcc/arm-none-eabi/14.2.0/armv6k/fpu/crtn.o
                0x001000ac                        . = ALIGN (0x4)
 *(.text)
 .text          0x001000ac      0x240 C:/devkitPro/devkitARM/bin/../lib/gcc/arm-none-eabi/14.2.0/armv6k/fpu\libgcc.a(_divsi3.o)
                0x001000ac                __divsi3
                0x001000ac                __aeabi_idiv
                0x001002cc                __aeabi_idivmod
 .text          0x001002ec        0x4 C:/devkitPro/devkitARM/bin/../lib/gcc/arm-none-eabi/14.2.0/armv6k/fpu\libgcc.a(_dvmd_tls.o)
                0x001002ec                __aeabi_idiv0
                0x001002ec                __aeabi_ldiv0
 .text          0x001002f0       0x3c C:/devkitPro/devkitARM/bin/../lib/gcc/arm-none-eabi/14.2.0/armv6k/fpu\libgcc.a(_aeabi_uldivmod.o)
                0x001002f0                __aeabi_uldivmod
 *fill*         0x0010032c       0x14 
 .text          0x00100340      0x390 C:/devkitPro/devkitARM/bin/../lib/gcc/arm-none-eabi/14.2.0/../../../../arm-none-eabi/lib/armv6k/fpu\libg.a(libc_a-strcmp.o)
                0x00100348                strcmp
 .text          0x001006d0      0x20c C:/devkitPro/devkitARM/bin/../lib/gcc/arm-none-eabi/14.2.0/armv6k/fpu\libgcc.a(_udivsi3.o)
                0x001006d0                __aeabi_uidiv
                0x001006d0                __udivsi3
                0x001008bc                __aeabi_uidivmod
 *(.text.*)
 .text.__do_global_dtors_aux
                0x001008dc       0x40 C:/devkitPro/devkitARM/bin/../lib/gcc/arm-none-eabi/14.2.0/armv6k/fpu/crtbegin.o
 .text.frame_dummy
                0x0010091c       0x2c C:/devkitPro/devkitARM/bin/../lib/gcc/arm-none-eabi/14.2.0/armv6k/fpu/crtbegin.o
 .text.startup.main
                0x00100948      0x224 main.o
                0x00100948                main
 .text.C2Di_FrameEndHook
                0x00100b6c       0x44 C:/devkitPro/libctru/lib\libcitro2d.a(base.o)
 .text.C2D_Init
                0x00100bb0      0x36c C:/devkitPro/libctru/lib\libcitro2d.a(base.o)
                0x00100bb0                C2D_Init
 .text.C2D_Fini
                0x00100f1c       0x4c C:/devkitPro/libctru/lib\libcitro2d.a(base.o)
                0x00100f1c                C2D_Fini
 .text.C2D_Prepare
                0x00100f68       0xb8 C:/devkitPro/libctru/lib\libcitro2d.a(base.o)
                0x00100f68                C2D_Prepare
 .text.C2D_Flush
                0x00101020       0x48 C:/devkitPro/libctru/lib\libcitro2d.a(base.o)
                0x00101020                C2D_Flush
 .text.C2D_SceneSize
                0x00101068      0x104 C:/devkitPro/libctru/lib\libcitro2d.a(base.o)
                0x00101068                C2D_SceneSize
 .text.C2D_CreateScreenTarget
                0x0010116c       0x58 C:/devkitPro/libctru/lib\libcitro2d.a(base.o)
                0x0010116c                C2D_CreateScreenTarget
 .text.C2D_TargetClear
                0x001011c4       0x64 C:/devkitPro/libctru/lib\libcitro2d.a(base.o)
                0x001011c4                C2D_TargetClear
 .text.C2Di_AppendQuad
                0x00101228       0x58 C:/devkitPro/libctru/lib\libcitro2d.a(base.o)
                0x00101228                C2Di_AppendQuad
 .text.C2Di_Update
                0x00101280      0x550 C:/devkitPro/libctru/lib\libcitro2d.a(base.o)
                0x00101280                C2Di_Update
 .text.C2D_DrawRectangle
                0x001017d0      0x158 C:/devkitPro/libctru/lib\libcitro2d.a(base.o)
                0x001017d0                C2D_DrawRectangle
 .text.AttrInfo_Init
                0x00101928       0x28 C:/devkitPro/libctru/lib\libcitro3d.a(attribs.o)
                0x00101928                AttrInfo_Init
 .text.AttrInfo_AddLoader
                0x00101950       0x94 C:/devkitPro/libctru/lib\libcitro3d.a(attribs.o)
                0x00101950                AttrInfo_AddLoader
 .text.C3D_SetAttrInfo
                0x001019e4       0x54 C:/devkitPro/libctru/lib\libcitro3d.a(attribs.o)
                0x001019e4                C3D_SetAttrInfo
 .text.C3Di_AttrInfoBind
                0x00101a38       0x80 C:/devkitPro/libctru/lib\libcitro3d.a(attribs.o)
                0x00101a38                C3Di_AttrInfoBind
 .text.C3Di_LightEnvUpdate
                0x00101ab8        0x4 C:/devkitPro/libctru/lib\libcitro3d.a(base.o)
                0x00101ab8                C3Di_LightEnvUpdate
 .text.C3Di_LightEnvDirty
                0x00101abc        0x4 C:/devkitPro/libctru/lib\libcitro3d.a(base.o)
                0x00101abc                C3Di_LightEnvDirty
 .text.C3Di_AptEventHook
                0x00101ac0       0xb4 C:/devkitPro/libctru/lib\libcitro3d.a(base.o)
 .text.C3Di_GasUpdate
                0x00101b74        0x4 C:/devkitPro/libctru/lib\libcitro3d.a(base.o)
                0x00101b74                C3Di_GasUpdate
 .text.C3D_Init
                0x00101b78      0x1d0 C:/devkitPro/libctru/lib\libcitro3d.a(base.o)
                0x00101b78                C3D_Init
 .text.C3D_SetViewport
                0x00101d48       0x98 C:/devkitPro/libctru/lib\libcitro3d.a(base.o)
                0x00101d48                C3D_SetViewport
 .text.C3Di_UpdateContext
                0x00101de0      0x4e8 C:/devkitPro/libctru/lib\libcitro3d.a(base.o)
                0x00101de0                C3Di_UpdateContext
 .text.C3Di_SplitFrame
                0x001022c8       0xe0 C:/devkitPro/libctru/lib\libcitro3d.a(base.o)
                0x001022c8                C3Di_SplitFrame
 .text.C3D_GetCmdBufUsage
                0x001023a8       0x10 C:/devkitPro/libctru/lib\libcitro3d.a(base.o)
                0x001023a8                C3D_GetCmdBufUsage
 .text.C3D_Fini
                0x001023b8       0x44 C:/devkitPro/libctru/lib\libcitro3d.a(base.o)
                0x001023b8                C3D_Fini
 .text.C3D_BindProgram
                0x001023fc      0x194 C:/devkitPro/libctru/lib\libcitro3d.a(base.o)
                0x001023fc                C3D_BindProgram
 .text.BufInfo_Init
                0x00102590       0x24 C:/devkitPro/libctru/lib\libcitro3d.a(buffers.o)
                0x00102590                BufInfo_Init
 .text.BufInfo_Add
                0x001025b4       0x80 C:/devkitPro/libctru/lib\libcitro3d.a(buffers.o)
                0x001025b4                BufInfo_Add
 .text.C3D_SetBufInfo
                0x00102634       0x3c C:/devkitPro/libctru/lib\libcitro3d.a(buffers.o)
                0x00102634                C3D_SetBufInfo
 .text.C3Di_BufInfoBind
                0x00102670       0x48 C:/devkitPro/libctru/lib\libcitro3d.a(buffers.o)
                0x00102670                C3Di_BufInfoBind
 .text.C3D_DrawElements
                0x001026b8      0x21c C:/devkitPro/libctru/lib\libcitro3d.a(drawElements.o)
                0x001026b8                C3D_DrawElements
 .text.C3D_DepthMap
                0x001028d4       0x40 C:/devkitPro/libctru/lib\libcitro3d.a(effect.o)
                0x001028d4                C3D_DepthMap
 .text.C3D_CullFace
                0x00102914       0x1c C:/devkitPro/libctru/lib\libcitro3d.a(effect.o)
                0x00102914                C3D_CullFace
 .text.C3D_StencilTest
                0x00102930       0x40 C:/devkitPro/libctru/lib\libcitro3d.a(effect.o)
                0x00102930                C3D_StencilTest
 .text.C3D_StencilOp
                0x00102970       0x24 C:/devkitPro/libctru/lib\libcitro3d.a(effect.o)
                0x00102970                C3D_StencilOp
 .text.C3D_BlendingColor
                0x00102994       0x1c C:/devkitPro/libctru/lib\libcitro3d.a(effect.o)
                0x00102994                C3D_BlendingColor
 .text.C3D_EarlyDepthTest
                0x001029b0       0x24 C:/devkitPro/libctru/lib\libcitro3d.a(effect.o)
                0x001029b0                C3D_EarlyDepthTest
 .text.C3D_DepthTest
                0x001029d4       0x2c C:/devkitPro/libctru/lib\libcitro3d.a(effect.o)
                0x001029d4                C3D_DepthTest
 .text.C3D_AlphaTest
                0x00102a00       0x2c C:/devkitPro/libctru/lib\libcitro3d.a(effect.o)
                0x00102a00                C3D_AlphaTest
 .text.C3D_AlphaBlend
                0x00102a2c       0x50 C:/devkitPro/libctru/lib\libcitro3d.a(effect.o)
                0x00102a2c                C3D_AlphaBlend
 .text.C3D_FragOpMode
                0x00102a7c       0x30 C:/devkitPro/libctru/lib\libcitro3d.a(effect.o)
                0x00102a7c                C3D_FragOpMode
 .text.C3D_FragOpShadow
                0x00102aac       0x44 C:/devkitPro/libctru/lib\libcitro3d.a(effect.o)
                0x00102aac                C3D_FragOpShadow
 .text.C3Di_EffectBind
                0x00102af0      0x1ac C:/devkitPro/libctru/lib\libcitro3d.a(effect.o)
                0x00102af0                C3Di_EffectBind
 .text.C3D_CalcColorBufSize
                0x00102c9c       0x1c C:/devkitPro/libctru/lib\libcitro3d.a(framebuffer.o)
                0x00102c9c                C3D_CalcColorBufSize
 .text.C3D_CalcDepthBufSize
                0x00102cb8       0x1c C:/devkitPro/libctru/lib\libcitro3d.a(framebuffer.o)
                0x00102cb8                C3D_CalcDepthBufSize
 .text.C3D_SetFrameBuf
                0x00102cd4       0x44 C:/devkitPro/libctru/lib\libcitro3d.a(framebuffer.o)
                0x00102cd4                C3D_SetFrameBuf
 .text.C3Di_FrameBufBind
                0x00102d18      0x16c C:/devkitPro/libctru/lib\libcitro3d.a(framebuffer.o)
                0x00102d18                C3Di_FrameBufBind
 .text.C3D_FrameBufClear
                0x00102e84       0xc8 C:/devkitPro/libctru/lib\libcitro3d.a(framebuffer.o)
                0x00102e84                C3D_FrameBufClear
 .text.C3D_FrameBufTransfer
                0x00102f4c       0x44 C:/devkitPro/libctru/lib\libcitro3d.a(framebuffer.o)
                0x00102f4c                C3D_FrameBufTransfer
 .text.C3D_ImmSendAttrib
                0x00102f90       0xa8 C:/devkitPro/libctru/lib\libcitro3d.a(immediate.o)
                0x00102f90                C3D_ImmSendAttrib
 .text.C3D_ProcTexInit
                0x00103038       0x70 C:/devkitPro/libctru/lib\libcitro3d.a(proctex.o)
                0x00103038                C3D_ProcTexInit
 .text.C3D_ProcTexBind
                0x001030a8       0x54 C:/devkitPro/libctru/lib\libcitro3d.a(proctex.o)
                0x001030a8                C3D_ProcTexBind
 .text.C3D_ProcTexLutBind
                0x001030fc       0x5c C:/devkitPro/libctru/lib\libcitro3d.a(proctex.o)
                0x001030fc                C3D_ProcTexLutBind
 .text.ProcTexLut_FromArray
                0x00103158       0xa4 C:/devkitPro/libctru/lib\libcitro3d.a(proctex.o)
                0x00103158                ProcTexLut_FromArray
 .text.C3Di_ProcTexUpdate
                0x001031fc      0x178 C:/devkitPro/libctru/lib\libcitro3d.a(proctex.o)
                0x001031fc                C3Di_ProcTexUpdate
 .text.C3Di_ProcTexDirty
                0x00103374       0x68 C:/devkitPro/libctru/lib\libcitro3d.a(proctex.o)
                0x00103374                C3Di_ProcTexDirty
 .text.onVBlank0
                0x001033dc       0x4c C:/devkitPro/libctru/lib\libcitro3d.a(renderqueue.o)
 .text.onVBlank1
                0x00103428       0x4c C:/devkitPro/libctru/lib\libcitro3d.a(renderqueue.o)
 .text.C3Di_RenderTargetDestroy
                0x00103474       0x80 C:/devkitPro/libctru/lib\libcitro3d.a(renderqueue.o)
 .text.onQueueFinish
                0x001034f4       0xf4 C:/devkitPro/libctru/lib\libcitro3d.a(renderqueue.o)
 .text.C3Di_RenderQueueEnableVBlank
                0x001035e8       0x38 C:/devkitPro/libctru/lib\libcitro3d.a(renderqueue.o)
                0x001035e8                C3Di_RenderQueueEnableVBlank
 .text.C3Di_RenderQueueDisableVBlank
                0x00103620       0x30 C:/devkitPro/libctru/lib\libcitro3d.a(renderqueue.o)
                0x00103620                C3Di_RenderQueueDisableVBlank
 .text.C3Di_RenderQueueInit
                0x00103650       0x60 C:/devkitPro/libctru/lib\libcitro3d.a(renderqueue.o)
                0x00103650                C3Di_RenderQueueInit
 .text.C3Di_RenderQueueExit
                0x001036b0       0xb4 C:/devkitPro/libctru/lib\libcitro3d.a(renderqueue.o)
                0x001036b0                C3Di_RenderQueueExit
 .text.C3Di_RenderQueueWaitDone
                0x00103764       0x34 C:/devkitPro/libctru/lib\libcitro3d.a(renderqueue.o)
                0x00103764                C3Di_RenderQueueWaitDone
 .text.C3D_FrameBegin
                0x00103798       0xe8 C:/devkitPro/libctru/lib\libcitro3d.a(renderqueue.o)
                0x00103798                C3D_FrameBegin
 .text.C3D_FrameDrawOn
                0x00103880       0x48 C:/devkitPro/libctru/lib\libcitro3d.a(renderqueue.o)
                0x00103880                C3D_FrameDrawOn
 .text.C3D_FrameSplit
                0x001038c8       0x58 C:/devkitPro/libctru/lib\libcitro3d.a(renderqueue.o)
                0x001038c8                C3D_FrameSplit
 .text.C3D_FrameEnd
                0x00103920      0x1d0 C:/devkitPro/libctru/lib\libcitro3d.a(renderqueue.o)
                0x00103920                C3D_FrameEnd
 .text.C3D_FrameEndHook
                0x00103af0       0x1c C:/devkitPro/libctru/lib\libcitro3d.a(renderqueue.o)
                0x00103af0                C3D_FrameEndHook
 .text.C3D_GetDrawingTime
                0x00103b0c       0x18 C:/devkitPro/libctru/lib\libcitro3d.a(renderqueue.o)
                0x00103b0c                C3D_GetDrawingTime
 .text.C3D_GetProcessingTime
                0x00103b24       0x18 C:/devkitPro/libctru/lib\libcitro3d.a(renderqueue.o)
                0x00103b24                C3D_GetProcessingTime
 .text.C3D_RenderTargetCreate
                0x00103b3c      0x170 C:/devkitPro/libctru/lib\libcitro3d.a(renderqueue.o)
                0x00103b3c                C3D_RenderTargetCreate
 .text.C3D_RenderTargetSetOutput
                0x00103cac       0xa8 C:/devkitPro/libctru/lib\libcitro3d.a(renderqueue.o)
                0x00103cac                C3D_RenderTargetSetOutput
 .text.C3D_GetTexEnv
                0x00103d54       0x34 C:/devkitPro/libctru/lib\libcitro3d.a(texenv.o)
                0x00103d54                C3D_GetTexEnv
 .text.C3Di_TexEnvBind
                0x00103d88       0x24 C:/devkitPro/libctru/lib\libcitro3d.a(texenv.o)
                0x00103d88                C3Di_TexEnvBind
 .text.C3D_TexBind
                0x00103dac       0x44 C:/devkitPro/libctru/lib\libcitro3d.a(texture.o)
                0x00103dac                C3D_TexBind
 .text.C3Di_SetTex
                0x00103df0      0x14c C:/devkitPro/libctru/lib\libcitro3d.a(texture.o)
                0x00103df0                C3Di_SetTex
 .text.C3D_UpdateUniforms
                0x00103f3c      0x290 C:/devkitPro/libctru/lib\libcitro3d.a(uniforms.o)
                0x00103f3c                C3D_UpdateUniforms
 .text.C3Di_DirtyUniforms
                0x001041cc       0xc0 C:/devkitPro/libctru/lib\libcitro3d.a(uniforms.o)
                0x001041cc                C3Di_DirtyUniforms
 .text.C3Di_LoadShaderUniforms
                0x0010428c       0xd8 C:/devkitPro/libctru/lib\libcitro3d.a(uniforms.o)
                0x0010428c                C3Di_LoadShaderUniforms
 .text.C3Di_ClearShaderUniforms
                0x00104364       0x28 C:/devkitPro/libctru/lib\libcitro3d.a(uniforms.o)
                0x00104364                C3Di_ClearShaderUniforms
 .text.Mtx_Ortho
                0x0010438c       0xcc C:/devkitPro/libctru/lib\libcitro3d.a(mtx_ortho.o)
                0x0010438c                Mtx_Ortho
 .text.Mtx_OrthoTilt
                0x00104458       0xcc C:/devkitPro/libctru/lib\libcitro3d.a(mtx_orthotilt.o)
                0x00104458                Mtx_OrthoTilt
 .text._ZL21addrMapNodeComparatorPK11rbtree_nodeS1_
                0x00104524       0x24 C:/devkitPro/libctru/lib\libctru.a(linear.o)
 .text._ZL21addrMapNodeDestructorP11rbtree_node
                0x00104548        0x4 C:/devkitPro/libctru/lib\libctru.a(linear.o)
 .text.linearMemAlign
                0x0010454c      0x120 C:/devkitPro/libctru/lib\libctru.a(linear.o)
                0x0010454c                linearMemAlign
 .text.linearAlloc
                0x0010466c        0x8 C:/devkitPro/libctru/lib\libctru.a(linear.o)
                0x0010466c                linearAlloc
 .text.linearFree
                0x00104674       0x5c C:/devkitPro/libctru/lib\libctru.a(linear.o)
                0x00104674                linearFree
 .text._ZN7MemPool13CoalesceRightEP8MemBlock
                0x001046d0       0x84 C:/devkitPro/libctru/lib\libctru.a(mem_pool.o)
                0x001046d0                MemPool::CoalesceRight(MemBlock*)
 .text._ZN7MemPool8AllocateER8MemChunkmi
                0x00104754      0x150 C:/devkitPro/libctru/lib\libctru.a(mem_pool.o)
                0x00104754                MemPool::Allocate(MemChunk&, unsigned long, int)
 .text._ZN7MemPool10DeallocateERK8MemChunk
                0x001048a4       0xfc C:/devkitPro/libctru/lib\libctru.a(mem_pool.o)
                0x001048a4                MemPool::Deallocate(MemChunk const&)
 .text._ZN7MemPool12GetFreeSpaceEv
                0x001049a0       0x30 C:/devkitPro/libctru/lib\libctru.a(mem_pool.o)
                0x001049a0                MemPool::GetFreeSpace()
 .text._ZL21addrMapNodeComparatorPK11rbtree_nodeS1_
                0x001049d0       0x24 C:/devkitPro/libctru/lib\libctru.a(vram.o)
 .text._ZL21addrMapNodeDestructorP11rbtree_node
                0x001049f4        0x4 C:/devkitPro/libctru/lib\libctru.a(vram.o)
 .text.vramMemAlignAt
                0x001049f8      0x244 C:/devkitPro/libctru/lib\libctru.a(vram.o)
                0x001049f8                vramMemAlignAt
 .text.vramAlloc
                0x00104c3c        0xc C:/devkitPro/libctru/lib\libctru.a(vram.o)
                0x00104c3c                vramAlloc
 .text.vramAllocAt
                0x00104c48        0xc C:/devkitPro/libctru/lib\libctru.a(vram.o)
                0x00104c48                vramAllocAt
 .text.vramFree
                0x00104c54       0x90 C:/devkitPro/libctru/lib\libctru.a(vram.o)
                0x00104c54                vramFree
 .text.consoleHandleColorEsc
                0x00104ce4      0x45c C:/devkitPro/libctru/lib\libctru.a(console.o)
 .text.consoleColorStateShift
                0x00105140       0xb8 C:/devkitPro/libctru/lib\libctru.a(console.o)
 .text.consoleDrawChar
                0x001051f8      0x1ac C:/devkitPro/libctru/lib\libctru.a(console.o)
                0x001051f8                consoleDrawChar
 .text.consolePrintChar
                0x001053a4      0x11c C:/devkitPro/libctru/lib\libctru.a(console.o)
                0x001053a4                consolePrintChar
 .text.con_write
                0x001054c0      0x5ec C:/devkitPro/libctru/lib\libctru.a(console.o)
                0x001054c0                con_write
 .text.newRow   0x00105aac      0x124 C:/devkitPro/libctru/lib\libctru.a(console.o)
 .text.consoleInit
                0x00105bd0      0x18c C:/devkitPro/libctru/lib\libctru.a(console.o)
                0x00105bd0                consoleInit
 .text.gfxPresentFramebuffer
                0x00105d5c       0xd0 C:/devkitPro/libctru/lib\libctru.a(gfx.o)
 .text.gfxIsWide
                0x00105e2c       0x1c C:/devkitPro/libctru/lib\libctru.a(gfx.o)
                0x00105e2c                gfxIsWide
 .text.gfxSetScreenFormat
                0x00105e48       0xec C:/devkitPro/libctru/lib\libctru.a(gfx.o)
                0x00105e48                gfxSetScreenFormat
 .text.gfxSetDoubleBuffering
                0x00105f34       0x10 C:/devkitPro/libctru/lib\libctru.a(gfx.o)
                0x00105f34                gfxSetDoubleBuffering
 .text.gfxInit  0x00105f44       0xd8 C:/devkitPro/libctru/lib\libctru.a(gfx.o)
                0x00105f44                gfxInit
 .text.gfxInitDefault
                0x0010601c       0x10 C:/devkitPro/libctru/lib\libctru.a(gfx.o)
                0x0010601c                gfxInitDefault
 .text.gfxExit  0x0010602c       0xb4 C:/devkitPro/libctru/lib\libctru.a(gfx.o)
                0x0010602c                gfxExit
 .text.gfxGetFramebuffer
                0x001060e0       0xa0 C:/devkitPro/libctru/lib\libctru.a(gfx.o)
                0x001060e0                gfxGetFramebuffer
 .text.gfxFlushBuffers
                0x00106180      0x100 C:/devkitPro/libctru/lib\libctru.a(gfx.o)
                0x00106180                gfxFlushBuffers
 .text.gfxScreenSwapBuffers
                0x00106280       0x30 C:/devkitPro/libctru/lib\libctru.a(gfx.o)
                0x00106280                gfxScreenSwapBuffers
 .text.gfxSwapBuffersGpu
                0x001062b0       0x50 C:/devkitPro/libctru/lib\libctru.a(gfx.o)
                0x001062b0                gfxSwapBuffersGpu
 .text.osConvertVirtToPhys
                0x00106300       0x74 C:/devkitPro/libctru/lib\libctru.a(os.o)
                0x00106300                osConvertVirtToPhys
 *fill*         0x00106374        0x4 
 .text.osTickCounterRead
                0x00106378       0x38 C:/devkitPro/libctru/lib\libctru.a(os.o)
                0x00106378                osTickCounterRead
 .text.__ctru_speedup_config
                0x001063b0       0x34 C:/devkitPro/libctru/lib\libctru.a(os.o)
                0x001063b0                __ctru_speedup_config
 .text.GPUCMD_Add
                0x001063e4      0x13c C:/devkitPro/libctru/lib\libctru.a(gpu.o)
                0x001063e4                GPUCMD_Add
 .text.GPUCMD_Split
                0x00106520       0xb0 C:/devkitPro/libctru/lib\libctru.a(gpu.o)
                0x00106520                GPUCMD_Split
 .text.f32tof16
                0x001065d0       0x34 C:/devkitPro/libctru/lib\libctru.a(gpu.o)
                0x001065d0                f32tof16
 .text.f32tof24
                0x00106604       0x34 C:/devkitPro/libctru/lib\libctru.a(gpu.o)
                0x00106604                f32tof24
 .text.f32tof31
                0x00106638       0x38 C:/devkitPro/libctru/lib\libctru.a(gpu.o)
                0x00106638                f32tof31
 .text.GX_BindQueue
                0x00106670       0x10 C:/devkitPro/libctru/lib\libctru.a(gx.o)
                0x00106670                GX_BindQueue
 .text.GX_ProcessCommandList
                0x00106680       0x78 C:/devkitPro/libctru/lib\libctru.a(gx.o)
                0x00106680                GX_ProcessCommandList
 .text.GX_MemoryFill
                0x001066f8       0x74 C:/devkitPro/libctru/lib\libctru.a(gx.o)
                0x001066f8                GX_MemoryFill
 .text.GX_DisplayTransfer
                0x0010676c       0x70 C:/devkitPro/libctru/lib\libctru.a(gx.o)
                0x0010676c                GX_DisplayTransfer
 .text.gxCmdQueueDoCommands.part.0
                0x001067dc       0x68 C:/devkitPro/libctru/lib\libctru.a(gxqueue.o)
 .text.gxCmdQueueInterrupt
                0x00106844       0xc8 C:/devkitPro/libctru/lib\libctru.a(gxqueue.o)
                0x00106844                gxCmdQueueInterrupt
 .text.gxCmdQueueClear
                0x0010690c       0x4c C:/devkitPro/libctru/lib\libctru.a(gxqueue.o)
                0x0010690c                gxCmdQueueClear
 .text.gxCmdQueueAdd
                0x00106958       0xf8 C:/devkitPro/libctru/lib\libctru.a(gxqueue.o)
                0x00106958                gxCmdQueueAdd
 .text.gxCmdQueueRun
                0x00106a50       0x80 C:/devkitPro/libctru/lib\libctru.a(gxqueue.o)
                0x00106a50                gxCmdQueueRun
 .text.gxCmdQueueStop
                0x00106ad0       0x60 C:/devkitPro/libctru/lib\libctru.a(gxqueue.o)
                0x00106ad0                gxCmdQueueStop
 .text.gxCmdQueueWait
                0x00106b30       0x8c C:/devkitPro/libctru/lib\libctru.a(gxqueue.o)
                0x00106b30                gxCmdQueueWait
 .text.shaderInstanceInit
                0x00106bbc      0x1d0 C:/devkitPro/libctru/lib\libctru.a(shaderProgram.o)
                0x00106bbc                shaderInstanceInit
 .text.shaderInstanceGetUniformLocation
                0x00106d8c       0x18 C:/devkitPro/libctru/lib\libctru.a(shaderProgram.o)
                0x00106d8c                shaderInstanceGetUniformLocation
 .text.shaderProgramInit
                0x00106da4       0x1c C:/devkitPro/libctru/lib\libctru.a(shaderProgram.o)
                0x00106da4                shaderProgramInit
 .text.shaderProgramFree
                0x00106dc0       0x64 C:/devkitPro/libctru/lib\libctru.a(shaderProgram.o)
                0x00106dc0                shaderProgramFree
 .text.shaderProgramSetVsh
                0x00106e24       0x80 C:/devkitPro/libctru/lib\libctru.a(shaderProgram.o)
                0x00106e24                shaderProgramSetVsh
 .text.shaderProgramConfigure
                0x00106ea4      0x8d0 C:/devkitPro/libctru/lib\libctru.a(shaderProgram.o)
                0x00106ea4                shaderProgramConfigure
 .text.DVLE_GenerateOutmap.part.0
                0x00107774      0x1dc C:/devkitPro/libctru/lib\libctru.a(shbin.o)
 .text.DVLB_ParseFile
                0x00107950      0x1b0 C:/devkitPro/libctru/lib\libctru.a(shbin.o)
                0x00107950                DVLB_ParseFile
 .text.DVLB_Free
                0x00107b00       0x38 C:/devkitPro/libctru/lib\libctru.a(shbin.o)
                0x00107b00                DVLB_Free
 .text.DVLE_GetUniformRegister
                0x00107b38       0x74 C:/devkitPro/libctru/lib\libctru.a(shbin.o)
                0x00107b38                DVLE_GetUniformRegister
 .text.aptConvertScreenForCapture
                0x00107bac      0x1b0 C:/devkitPro/libctru/lib\libctru.a(apt.o)
 .text.aptDspSleep
                0x00107d5c        0x8 C:/devkitPro/libctru/lib\libctru.a(apt.o)
                0x00107d5c                aptDspSleep
 .text.aptDspWakeup
                0x00107d64        0x4 C:/devkitPro/libctru/lib\libctru.a(apt.o)
                0x00107d64                aptDspWakeup
 .text.aptDspCancel
                0x00107d68        0x4 C:/devkitPro/libctru/lib\libctru.a(apt.o)
                0x00107d68                aptDspCancel
 .text.aptSendCommand
                0x00107d6c      0x158 C:/devkitPro/libctru/lib\libctru.a(apt.o)
                0x00107d6c                aptSendCommand
 *fill*         0x00107ec4        0x4 
 .text.aptExitProcess
                0x00107ec8       0x44 C:/devkitPro/libctru/lib\libctru.a(apt.o)
 .text.aptExit  0x00107f0c      0x380 C:/devkitPro/libctru/lib\libctru.a(apt.o)
                0x00107f0c                aptExit
 .text.aptHandleSleep
                0x0010828c       0xd8 C:/devkitPro/libctru/lib\libctru.a(apt.o)
                0x0010828c                aptHandleSleep
 .text.aptHook  0x00108364       0x30 C:/devkitPro/libctru/lib\libctru.a(apt.o)
                0x00108364                aptHook
 .text.aptUnhook
                0x00108394       0x30 C:/devkitPro/libctru/lib\libctru.a(apt.o)
                0x00108394                aptUnhook
 .text.APT_SleepIfShellClosed
                0x001083c4       0x84 C:/devkitPro/libctru/lib\libctru.a(apt.o)
                0x001083c4                APT_SleepIfShellClosed
 .text.aptSetSleepAllowed
                0x00108448       0x78 C:/devkitPro/libctru/lib\libctru.a(apt.o)
                0x00108448                aptSetSleepAllowed
 .text.APT_UnlockTransition
                0x001084c0       0x84 C:/devkitPro/libctru/lib\libctru.a(apt.o)
                0x001084c0                APT_UnlockTransition
 *fill*         0x00108544        0x4 
 .text.aptEventHandler
                0x00108548      0x478 C:/devkitPro/libctru/lib\libctru.a(apt.o)
 .text.APT_ReceiveParameter
                0x001089c0       0xb0 C:/devkitPro/libctru/lib\libctru.a(apt.o)
                0x001089c0                APT_ReceiveParameter
 .text.aptReceiveParameter.constprop.0
                0x00108a70       0xac C:/devkitPro/libctru/lib\libctru.a(apt.o)
 *fill*         0x00108b1c        0x4 
 .text.aptScreenTransfer
                0x00108b20      0x294 C:/devkitPro/libctru/lib\libctru.a(apt.o)
 .text.aptWaitForWakeUp.isra.0
                0x00108db4      0x2c8 C:/devkitPro/libctru/lib\libctru.a(apt.o)
 .text.aptJumpToHomeMenu
                0x0010907c       0xf4 C:/devkitPro/libctru/lib\libctru.a(apt.o)
                0x0010907c                aptJumpToHomeMenu
 .text.aptMainLoop
                0x00109170       0x48 C:/devkitPro/libctru/lib\libctru.a(apt.o)
                0x00109170                aptMainLoop
 .text.aptInit  0x001091b8      0x22c C:/devkitPro/libctru/lib\libctru.a(apt.o)
                0x001091b8                aptInit
 .text.APT_CheckNew3DS
                0x001093e4       0x7c C:/devkitPro/libctru/lib\libctru.a(apt.o)
                0x001093e4                APT_CheckNew3DS
 .text.gspHardwareInit
                0x00109460      0xc70 C:/devkitPro/libctru/lib\libctru.a(gspgpu.o)
 .text.gspInit  0x0010a0d0      0x248 C:/devkitPro/libctru/lib\libctru.a(gspgpu.o)
                0x0010a0d0                gspInit
 .text.gspExit  0x0010a318       0xe4 C:/devkitPro/libctru/lib\libctru.a(gspgpu.o)
                0x0010a318                gspExit
 .text.gspHasGpuRight
                0x0010a3fc       0x10 C:/devkitPro/libctru/lib\libctru.a(gspgpu.o)
                0x0010a3fc                gspHasGpuRight
 .text.gspPresentBuffer
                0x0010a40c       0xa0 C:/devkitPro/libctru/lib\libctru.a(gspgpu.o)
                0x0010a40c                gspPresentBuffer
 .text.gspSetEventCallback
                0x0010a4ac       0x30 C:/devkitPro/libctru/lib\libctru.a(gspgpu.o)
                0x0010a4ac                gspSetEventCallback
 .text.gspWaitForEvent
                0x0010a4dc       0x44 C:/devkitPro/libctru/lib\libctru.a(gspgpu.o)
                0x0010a4dc                gspWaitForEvent
 .text.gspWaitForAnyEvent
                0x0010a520       0x4c C:/devkitPro/libctru/lib\libctru.a(gspgpu.o)
                0x0010a520                gspWaitForAnyEvent
 .text.gspEventThreadMain
                0x0010a56c      0x160 C:/devkitPro/libctru/lib\libctru.a(gspgpu.o)
 .text.gspSubmitGxCommand
                0x0010a6cc      0x130 C:/devkitPro/libctru/lib\libctru.a(gspgpu.o)
                0x0010a6cc                gspSubmitGxCommand
 .text.GSPGPU_FlushDataCache
                0x0010a7fc       0x50 C:/devkitPro/libctru/lib\libctru.a(gspgpu.o)
                0x0010a7fc                GSPGPU_FlushDataCache
 .text.GSPGPU_SetLcdForceBlack
                0x0010a84c       0x34 C:/devkitPro/libctru/lib\libctru.a(gspgpu.o)
                0x0010a84c                GSPGPU_SetLcdForceBlack
 .text.GSPGPU_AcquireRight
                0x0010a880       0x68 C:/devkitPro/libctru/lib\libctru.a(gspgpu.o)
                0x0010a880                GSPGPU_AcquireRight
 .text.GSPGPU_ReleaseRight
                0x0010a8e8       0x48 C:/devkitPro/libctru/lib\libctru.a(gspgpu.o)
                0x0010a8e8                GSPGPU_ReleaseRight
 .text.GSPGPU_ImportDisplayCaptureInfo
                0x0010a930       0x7c C:/devkitPro/libctru/lib\libctru.a(gspgpu.o)
                0x0010a930                GSPGPU_ImportDisplayCaptureInfo
 .text.GSPGPU_SaveVramSysArea
                0x0010a9ac       0x2c C:/devkitPro/libctru/lib\libctru.a(gspgpu.o)
                0x0010a9ac                GSPGPU_SaveVramSysArea
 .text.GSPGPU_RestoreVramSysArea
                0x0010a9d8       0x2c C:/devkitPro/libctru/lib\libctru.a(gspgpu.o)
                0x0010a9d8                GSPGPU_RestoreVramSysArea
 .text.hidShouldUseIrrst
                0x0010aa04       0x24 C:/devkitPro/libctru/lib\libctru.a(hid.o)
                0x0010aa04                hidShouldUseIrrst
 .text.hidInit  0x0010aa28      0x18c C:/devkitPro/libctru/lib\libctru.a(hid.o)
                0x0010aa28                hidInit
 .text.hidExit  0x0010abb4       0xe8 C:/devkitPro/libctru/lib\libctru.a(hid.o)
                0x0010abb4                hidExit
 .text.hidScanInput
                0x0010ac9c      0x2a4 C:/devkitPro/libctru/lib\libctru.a(hid.o)
                0x0010ac9c                hidScanInput
 .text.hidKeysHeld
                0x0010af40       0x10 C:/devkitPro/libctru/lib\libctru.a(hid.o)
                0x0010af40                hidKeysHeld
 .text.hidKeysDown
                0x0010af50       0x10 C:/devkitPro/libctru/lib\libctru.a(hid.o)
                0x0010af50                hidKeysDown
 .text.hidKeysUp
                0x0010af60       0x10 C:/devkitPro/libctru/lib\libctru.a(hid.o)
                0x0010af60                hidKeysUp
 .text.hidTouchRead
                0x0010af70       0x18 C:/devkitPro/libctru/lib\libctru.a(hid.o)
                0x0010af70                hidTouchRead
 .text.hidCircleRead
                0x0010af88       0x18 C:/devkitPro/libctru/lib\libctru.a(hid.o)
                0x0010af88                hidCircleRead
 .text.irrstInit
                0x0010afa0      0x160 C:/devkitPro/libctru/lib\libctru.a(irrst.o)
                0x0010afa0                irrstInit
 .text.irrstExit
                0x0010b100       0xcc C:/devkitPro/libctru/lib\libctru.a(irrst.o)
                0x0010b100                irrstExit
 .text.irrstScanInput
                0x0010b1cc       0xb4 C:/devkitPro/libctru/lib\libctru.a(irrst.o)
                0x0010b1cc                irrstScanInput
 .text.irrstKeysHeld
                0x0010b280       0x24 C:/devkitPro/libctru/lib\libctru.a(irrst.o)
                0x0010b280                irrstKeysHeld
 .text.ptmSysmInit
                0x0010b2a4       0x74 C:/devkitPro/libctru/lib\libctru.a(ptmsysm.o)
                0x0010b2a4                ptmSysmInit
 .text.ptmSysmExit
                0x0010b318       0x3c C:/devkitPro/libctru/lib\libctru.a(ptmsysm.o)
                0x0010b318                ptmSysmExit
 .text.PTMSYSM_ConfigureNew3DSCPU
                0x0010b354       0x34 C:/devkitPro/libctru/lib\libctru.a(ptmsysm.o)
                0x0010b354                PTMSYSM_ConfigureNew3DSCPU
 .text.rbtree_find
                0x0010b388       0x74 C:/devkitPro/libctru/lib\libctru.a(rbtree_find.o)
                0x0010b388                rbtree_find
 .text.rbtree_init
                0x0010b3fc       0x10 C:/devkitPro/libctru/lib\libctru.a(rbtree_init.o)
                0x0010b3fc                rbtree_init
 .text.do_insert
                0x0010b40c      0x19c C:/devkitPro/libctru/lib\libctru.a(rbtree_insert.o)
 .text.rbtree_insert
                0x0010b5a8        0x8 C:/devkitPro/libctru/lib\libctru.a(rbtree_insert.o)
                0x0010b5a8                rbtree_insert
 .text.rbtree_remove
                0x0010b5b0      0x310 C:/devkitPro/libctru/lib\libctru.a(rbtree_remove.o)
                0x0010b5b0                rbtree_remove
 .text.rbtree_rotate
                0x0010b8c0       0x90 C:/devkitPro/libctru/lib\libctru.a(rbtree_rotate.o)
                0x0010b8c0                rbtree_rotate
 .text.__system_allocateHeaps
                0x0010b950      0x1e0 C:/devkitPro/libctru/lib\libctru.a(allocateHeaps.o)
                0x0010b950                __system_allocateHeaps
 .text.__libctru_init
                0x0010bb30       0x38 C:/devkitPro/libctru/lib\libctru.a(ctru_init.o)
                0x0010bb30                __libctru_init
 .text.__system_initArgv
                0x0010bb68      0x160 C:/devkitPro/libctru/lib\libctru.a(initArgv.o)
                0x0010bb68                __system_initArgv
 .text.__syscall_getreent
                0x0010bcc8       0x30 C:/devkitPro/libctru/lib\libctru.a(syscalls.o)
                0x0010bcc8                __syscall_getreent
 .text.__syscall_lock_acquire
                0x0010bcf8        0x4 C:/devkitPro/libctru/lib\libctru.a(syscalls.o)
                0x0010bcf8                __syscall_lock_acquire
 .text.__syscall_lock_release
                0x0010bcfc        0x4 C:/devkitPro/libctru/lib\libctru.a(syscalls.o)
                0x0010bcfc                __syscall_lock_release
 .text.__syscall_lock_acquire_recursive
                0x0010bd00        0x4 C:/devkitPro/libctru/lib\libctru.a(syscalls.o)
                0x0010bd00                __syscall_lock_acquire_recursive
 .text.__syscall_lock_release_recursive
                0x0010bd04        0x4 C:/devkitPro/libctru/lib\libctru.a(syscalls.o)
                0x0010bd04                __syscall_lock_release_recursive
 .text.__syscall_exit
                0x0010bd08        0x4 C:/devkitPro/libctru/lib\libctru.a(syscalls.o)
                0x0010bd08                __syscall_exit
 .text.initThreadVars
                0x0010bd0c       0x50 C:/devkitPro/libctru/lib\libctru.a(syscalls.o)
                0x0010bd0c                initThreadVars
 .text.__system_initSyscalls
                0x0010bd5c       0x80 C:/devkitPro/libctru/lib\libctru.a(syscalls.o)
                0x0010bd5c                __system_initSyscalls
 .text.svcControlMemory
                0x0010bddc       0x20 C:/devkitPro/libctru/lib\libctru.a(svc.o)
                0x0010bddc                svcControlMemory
 .text.svcQueryMemory
                0x0010bdfc       0x30 C:/devkitPro/libctru/lib\libctru.a(svc.o)
                0x0010bdfc                svcQueryMemory
 .text.svcExitProcess
                0x0010be2c        0x8 C:/devkitPro/libctru/lib\libctru.a(svc.o)
                0x0010be2c                svcExitProcess
 .text.svcCreateThread
                0x0010be34       0x20 C:/devkitPro/libctru/lib\libctru.a(svc.o)
                0x0010be34                svcCreateThread
 .text.svcExitThread
                0x0010be54        0x8 C:/devkitPro/libctru/lib\libctru.a(svc.o)
                0x0010be54                svcExitThread
 .text.svcSleepThread
                0x0010be5c        0x8 C:/devkitPro/libctru/lib\libctru.a(svc.o)
                0x0010be5c                svcSleepThread
 .text.svcReleaseMutex
                0x0010be64        0x8 C:/devkitPro/libctru/lib\libctru.a(svc.o)
                0x0010be64                svcReleaseMutex
 .text.svcCreateEvent
                0x0010be6c       0x14 C:/devkitPro/libctru/lib\libctru.a(svc.o)
                0x0010be6c                svcCreateEvent
 .text.svcSignalEvent
                0x0010be80        0x8 C:/devkitPro/libctru/lib\libctru.a(svc.o)
                0x0010be80                svcSignalEvent
 .text.svcClearEvent
                0x0010be88        0x8 C:/devkitPro/libctru/lib\libctru.a(svc.o)
                0x0010be88                svcClearEvent
 .text.svcMapMemoryBlock
                0x0010be90        0x8 C:/devkitPro/libctru/lib\libctru.a(svc.o)
                0x0010be90                svcMapMemoryBlock
 .text.svcUnmapMemoryBlock
                0x0010be98        0x8 C:/devkitPro/libctru/lib\libctru.a(svc.o)
                0x0010be98                svcUnmapMemoryBlock
 .text.svcCreateAddressArbiter
                0x0010bea0       0x14 C:/devkitPro/libctru/lib\libctru.a(svc.o)
                0x0010bea0                svcCreateAddressArbiter
 .text.svcArbitrateAddressNoTimeout
                0x0010beb4        0x8 C:/devkitPro/libctru/lib\libctru.a(svc.o)
                0x0010beb4                svcArbitrateAddressNoTimeout
 .text.svcCloseHandle
                0x0010bebc        0x8 C:/devkitPro/libctru/lib\libctru.a(svc.o)
                0x0010bebc                svcCloseHandle
 .text.svcWaitSynchronization
                0x0010bec4        0x8 C:/devkitPro/libctru/lib\libctru.a(svc.o)
                0x0010bec4                svcWaitSynchronization
 .text.svcWaitSynchronizationN
                0x0010becc       0x28 C:/devkitPro/libctru/lib\libctru.a(svc.o)
                0x0010becc                svcWaitSynchronizationN
 .text.svcDuplicateHandle
                0x0010bef4       0x14 C:/devkitPro/libctru/lib\libctru.a(svc.o)
                0x0010bef4                svcDuplicateHandle
 .text.svcGetSystemTick
                0x0010bf08        0x8 C:/devkitPro/libctru/lib\libctru.a(svc.o)
                0x0010bf08                svcGetSystemTick
 .text.svcConnectToPort
                0x0010bf10       0x14 C:/devkitPro/libctru/lib\libctru.a(svc.o)
                0x0010bf10                svcConnectToPort
 .text.svcSendSyncRequest
                0x0010bf24        0x8 C:/devkitPro/libctru/lib\libctru.a(svc.o)
                0x0010bf24                svcSendSyncRequest
 .text.svcGetResourceLimit
                0x0010bf2c       0x14 C:/devkitPro/libctru/lib\libctru.a(svc.o)
                0x0010bf2c                svcGetResourceLimit
 .text.svcGetResourceLimitLimitValues
                0x0010bf40        0x8 C:/devkitPro/libctru/lib\libctru.a(svc.o)
                0x0010bf40                svcGetResourceLimitLimitValues
 .text.svcGetResourceLimitCurrentValues
                0x0010bf48        0x8 C:/devkitPro/libctru/lib\libctru.a(svc.o)
                0x0010bf48                svcGetResourceLimitCurrentValues
 .text.svcBreak
                0x0010bf50        0x8 C:/devkitPro/libctru/lib\libctru.a(svc.o)
                0x0010bf50                svcBreak
 .text.initSystem
                0x0010bf58       0x50 C:/devkitPro/libctru/lib\libctru.a(stack_adjust.o)
                0x0010bf58                initSystem
 .text.__ctru_exit
                0x0010bfa8       0x14 C:/devkitPro/libctru/lib\libctru.a(stack_adjust.o)
                0x0010bfa8                __ctru_exit
 .text.envGetHandle
                0x0010bfbc       0x84 C:/devkitPro/libctru/lib\libctru.a(env.o)
                0x0010bfbc                envGetHandle
 .text.envDestroyHandles
                0x0010c040       0x50 C:/devkitPro/libctru/lib\libctru.a(env.o)
                0x0010c040                envDestroyHandles
 .text.srvInit  0x0010c090      0x12c C:/devkitPro/libctru/lib\libctru.a(srv.o)
                0x0010c090                srvInit
 .text.srvExit  0x0010c1bc       0x58 C:/devkitPro/libctru/lib\libctru.a(srv.o)
                0x0010c1bc                srvExit
 .text.srvEnableNotification
                0x0010c214       0x60 C:/devkitPro/libctru/lib\libctru.a(srv.o)
                0x0010c214                srvEnableNotification
 .text.srvGetServiceHandleDirect
                0x0010c274       0xa0 C:/devkitPro/libctru/lib\libctru.a(srv.o)
                0x0010c274                srvGetServiceHandleDirect
 .text.srvGetServiceHandle
                0x0010c314       0x38 C:/devkitPro/libctru/lib\libctru.a(srv.o)
                0x0010c314                srvGetServiceHandle
 .text.srvSubscribe
                0x0010c34c       0x34 C:/devkitPro/libctru/lib\libctru.a(srv.o)
                0x0010c34c                srvSubscribe
 .text.srvReceiveNotification
                0x0010c380       0x60 C:/devkitPro/libctru/lib\libctru.a(srv.o)
                0x0010c380                srvReceiveNotification
 .text.srvPublishToSubscriber
                0x0010c3e0       0x38 C:/devkitPro/libctru/lib\libctru.a(srv.o)
                0x0010c3e0                srvPublishToSubscriber
 .text.__sync_init
                0x0010c418        0xc C:/devkitPro/libctru/lib\libctru.a(synchronization.o)
                0x0010c418                __sync_init
 .text.__sync_fini
                0x0010c424       0x18 C:/devkitPro/libctru/lib\libctru.a(synchronization.o)
                0x0010c424                __sync_fini
 .text.syncArbitrateAddress
                0x0010c43c       0x2c C:/devkitPro/libctru/lib\libctru.a(synchronization.o)
                0x0010c43c                syncArbitrateAddress
 .text.LightLock_Lock
                0x0010c468       0xb0 C:/devkitPro/libctru/lib\libctru.a(synchronization.o)
                0x0010c468                LightLock_Lock
 .text.LightLock_Unlock
                0x0010c518       0x40 C:/devkitPro/libctru/lib\libctru.a(synchronization.o)
                0x0010c518                LightLock_Unlock
 .text.RecursiveLock_Lock
                0x0010c558       0x30 C:/devkitPro/libctru/lib\libctru.a(synchronization.o)
                0x0010c558                RecursiveLock_Lock
 .text.RecursiveLock_Unlock
                0x0010c588       0x54 C:/devkitPro/libctru/lib\libctru.a(synchronization.o)
                0x0010c588                RecursiveLock_Unlock
 .text.LightEvent_Init
                0x0010c5dc       0x40 C:/devkitPro/libctru/lib\libctru.a(synchronization.o)
                0x0010c5dc                LightEvent_Init
 .text.LightEvent_Clear
                0x0010c61c       0xa4 C:/devkitPro/libctru/lib\libctru.a(synchronization.o)
                0x0010c61c                LightEvent_Clear
 .text.LightEvent_Signal
                0x0010c6c0       0xc8 C:/devkitPro/libctru/lib\libctru.a(synchronization.o)
                0x0010c6c0                LightEvent_Signal
 .text.LightEvent_TryWait
                0x0010c788       0x50 C:/devkitPro/libctru/lib\libctru.a(synchronization.o)
                0x0010c788                LightEvent_TryWait
 .text.LightEvent_Wait
                0x0010c7d8       0xa0 C:/devkitPro/libctru/lib\libctru.a(synchronization.o)
                0x0010c7d8                LightEvent_Wait
 .text.threadCreate
                0x0010c878      0x1d4 C:/devkitPro/libctru/lib\libctru.a(thread.o)
                0x0010c878                threadCreate
 .text.threadFree
                0x0010ca4c       0x2c C:/devkitPro/libctru/lib\libctru.a(thread.o)
                0x0010ca4c                threadFree
 .text.threadJoin
                0x0010ca78       0x24 C:/devkitPro/libctru/lib\libctru.a(thread.o)
                0x0010ca78                threadJoin
 .text.threadGetCurrent
                0x0010ca9c       0x30 C:/devkitPro/libctru/lib\libctru.a(thread.o)
                0x0010ca9c                threadGetCurrent
 .text.threadExit
                0x0010cacc       0x40 C:/devkitPro/libctru/lib\libctru.a(thread.o)
                0x0010cacc                threadExit
 .text._thread_begin
                0x0010cb0c       0x20 C:/devkitPro/libctru/lib\libctru.a(thread.o)
 .text.mappableFindAddressWithin
                0x0010cb2c       0x90 C:/devkitPro/libctru/lib\libctru.a(mappable.o)
 .text.mappableInit
                0x0010cbbc       0x28 C:/devkitPro/libctru/lib\libctru.a(mappable.o)
                0x0010cbbc                mappableInit
 .text.mappableAlloc
                0x0010cbe4       0x80 C:/devkitPro/libctru/lib\libctru.a(mappable.o)
                0x0010cbe4                mappableAlloc
 .text.mappableFree
                0x0010cc64        0x4 C:/devkitPro/libctru/lib\libctru.a(mappable.o)
                0x0010cc64                mappableFree
 .text.srvPmGetSessionHandle
                0x0010cc68        0xc C:/devkitPro/libctru/lib\libctru.a(srvpm.o)
                0x0010cc68                srvPmGetSessionHandle
 .text.rbtree_node_next
                0x0010cc74       0x5c C:/devkitPro/libctru/lib\libctru.a(rbtree_iterator.o)
                0x0010cc74                rbtree_node_next
 .text.__appExit
                0x0010ccd0       0x30 C:/devkitPro/libctru/lib\libctru.a(appExit.o)
                0x0010ccd0                __appExit
 .text.__appInit
                0x0010cd00       0x30 C:/devkitPro/libctru/lib\libctru.a(appInit.o)
                0x0010cd00                __appInit
 .text.__libctru_exit
                0x0010cd30       0x90 C:/devkitPro/libctru/lib\libctru.a(ctru_exit.o)
                0x0010cd30                __libctru_exit
 .text.archive_link
                0x0010cdc0       0x14 C:/devkitPro/libctru/lib\libctru.a(archive_dev.o)
 .text.archive_dirreset
                0x0010cdd4       0x14 C:/devkitPro/libctru/lib\libctru.a(archive_dev.o)
 .text.archive_chmod
                0x0010cde8       0x14 C:/devkitPro/libctru/lib\libctru.a(archive_dev.o)
 .text.error_cmp
                0x0010cdfc       0x24 C:/devkitPro/libctru/lib\libctru.a(archive_dev.o)
 .text.archive_translate_error
                0x0010ce20       0x50 C:/devkitPro/libctru/lib\libctru.a(archive_dev.o)
 .text.archive_seek
                0x0010ce70       0xc4 C:/devkitPro/libctru/lib\libctru.a(archive_dev.o)
 .text._archiveInit.part.0
                0x0010cf34       0x78 C:/devkitPro/libctru/lib\libctru.a(archive_dev.o)
 .text.archiveFindDevice.part.0
                0x0010cfac       0xc4 C:/devkitPro/libctru/lib\libctru.a(archive_dev.o)
 .text.archive_utf16path
                0x0010d070      0x290 C:/devkitPro/libctru/lib\libctru.a(archive_dev.o)
 .text._archiveUnmountDeviceStruct.part.0
                0x0010d300       0x9c C:/devkitPro/libctru/lib\libctru.a(archive_dev.o)
 .text.archive_statvfs
                0x0010d39c       0x14 C:/devkitPro/libctru/lib\libctru.a(archive_dev.o)
 .text.archive_fchmod
                0x0010d3b0       0x14 C:/devkitPro/libctru/lib\libctru.a(archive_dev.o)
 .text._archiveMountDevice
                0x0010d3c4      0x168 C:/devkitPro/libctru/lib\libctru.a(archive_dev.o)
 .text.archive_diropen
                0x0010d52c       0xe8 C:/devkitPro/libctru/lib\libctru.a(archive_dev.o)
 .text.archive_fstat
                0x0010d614       0xa4 C:/devkitPro/libctru/lib\libctru.a(archive_dev.o)
 .text.archive_fsync
                0x0010d6b8       0x6c C:/devkitPro/libctru/lib\libctru.a(archive_dev.o)
 .text.archive_close
                0x0010d724       0x6c C:/devkitPro/libctru/lib\libctru.a(archive_dev.o)
 .text.archive_dirclose
                0x0010d790       0x70 C:/devkitPro/libctru/lib\libctru.a(archive_dev.o)
 .text.sdmc_statvfs
                0x0010d800       0xe4 C:/devkitPro/libctru/lib\libctru.a(archive_dev.o)
 .text.archive_chdir
                0x0010d8e4       0xec C:/devkitPro/libctru/lib\libctru.a(archive_dev.o)
 .text.archive_ftruncate
                0x0010d9d0       0x7c C:/devkitPro/libctru/lib\libctru.a(archive_dev.o)
 .text.archive_read
                0x0010da4c       0xac C:/devkitPro/libctru/lib\libctru.a(archive_dev.o)
 .text.archive_unlink
                0x0010daf8       0xa4 C:/devkitPro/libctru/lib\libctru.a(archive_dev.o)
 .text.archive_rmdir
                0x0010db9c       0xbc C:/devkitPro/libctru/lib\libctru.a(archive_dev.o)
 .text.archive_mkdir
                0x0010dc58       0xdc C:/devkitPro/libctru/lib\libctru.a(archive_dev.o)
 .text.archive_stat
                0x0010dd34      0x194 C:/devkitPro/libctru/lib\libctru.a(archive_dev.o)
 .text.archive_dirnext
                0x0010dec8      0x15c C:/devkitPro/libctru/lib\libctru.a(archive_dev.o)
 .text.archive_write
                0x0010e024      0x124 C:/devkitPro/libctru/lib\libctru.a(archive_dev.o)
 .text.archive_open
                0x0010e148      0x210 C:/devkitPro/libctru/lib\libctru.a(archive_dev.o)
 .text.archive_rename
                0x0010e358      0x268 C:/devkitPro/libctru/lib\libctru.a(archive_dev.o)
 .text.archiveMountSdmc
                0x0010e5c0      0x19c C:/devkitPro/libctru/lib\libctru.a(archive_dev.o)
                0x0010e5c0                archiveMountSdmc
 .text.archiveUnmountAll
                0x0010e75c       0x54 C:/devkitPro/libctru/lib\libctru.a(archive_dev.o)
                0x0010e75c                archiveUnmountAll
 .text.fsInit   0x0010e7b0       0xd0 C:/devkitPro/libctru/lib\libctru.a(fs.o)
                0x0010e7b0                fsInit
 .text.fsExit   0x0010e880       0x3c C:/devkitPro/libctru/lib\libctru.a(fs.o)
                0x0010e880                fsExit
 .text.fsExemptFromSession
                0x0010e8bc       0x60 C:/devkitPro/libctru/lib\libctru.a(fs.o)
                0x0010e8bc                fsExemptFromSession
 .text.fsUnexemptFromSession
                0x0010e91c       0x50 C:/devkitPro/libctru/lib\libctru.a(fs.o)
                0x0010e91c                fsUnexemptFromSession
 .text.FSUSER_OpenFile
                0x0010e96c       0xcc C:/devkitPro/libctru/lib\libctru.a(fs.o)
                0x0010e96c                FSUSER_OpenFile
 .text.FSUSER_DeleteFile
                0x0010ea38       0xbc C:/devkitPro/libctru/lib\libctru.a(fs.o)
                0x0010ea38                FSUSER_DeleteFile
 .text.FSUSER_RenameFile
                0x0010eaf4       0xf8 C:/devkitPro/libctru/lib\libctru.a(fs.o)
                0x0010eaf4                FSUSER_RenameFile
 .text.FSUSER_DeleteDirectory
                0x0010ebec       0xbc C:/devkitPro/libctru/lib\libctru.a(fs.o)
                0x0010ebec                FSUSER_DeleteDirectory
 .text.FSUSER_CreateFile
                0x0010eca8       0xd4 C:/devkitPro/libctru/lib\libctru.a(fs.o)
                0x0010eca8                FSUSER_CreateFile
 .text.FSUSER_CreateDirectory
                0x0010ed7c       0xc4 C:/devkitPro/libctru/lib\libctru.a(fs.o)
                0x0010ed7c                FSUSER_CreateDirectory
 .text.FSUSER_RenameDirectory
                0x0010ee40       0xf8 C:/devkitPro/libctru/lib\libctru.a(fs.o)
                0x0010ee40                FSUSER_RenameDirectory
 .text.FSUSER_OpenDirectory
                0x0010ef38       0xb4 C:/devkitPro/libctru/lib\libctru.a(fs.o)
                0x0010ef38                FSUSER_OpenDirectory
 .text.FSUSER_OpenArchive
                0x0010efec       0x94 C:/devkitPro/libctru/lib\libctru.a(fs.o)
                0x0010efec                FSUSER_OpenArchive
 .text.FSUSER_CloseArchive
                0x0010f080       0x8c C:/devkitPro/libctru/lib\libctru.a(fs.o)
                0x0010f080                FSUSER_CloseArchive
 .text.FSUSER_GetSdmcArchiveResource
                0x0010f10c       0x74 C:/devkitPro/libctru/lib\libctru.a(fs.o)
                0x0010f10c                FSUSER_GetSdmcArchiveResource
 .text.FSUSER_IsSdmcWritable
                0x0010f180       0x64 C:/devkitPro/libctru/lib\libctru.a(fs.o)
                0x0010f180                FSUSER_IsSdmcWritable
 .text.FSFILE_Read
                0x0010f1e4       0x58 C:/devkitPro/libctru/lib\libctru.a(fs.o)
                0x0010f1e4                FSFILE_Read
 .text.FSFILE_Write
                0x0010f23c       0x60 C:/devkitPro/libctru/lib\libctru.a(fs.o)
                0x0010f23c                FSFILE_Write
 .text.FSFILE_GetSize
                0x0010f29c       0x38 C:/devkitPro/libctru/lib\libctru.a(fs.o)
                0x0010f29c                FSFILE_GetSize
 .text.FSFILE_SetSize
                0x0010f2d4       0x28 C:/devkitPro/libctru/lib\libctru.a(fs.o)
                0x0010f2d4                FSFILE_SetSize
 .text.FSFILE_Close
                0x0010f2fc       0x3c C:/devkitPro/libctru/lib\libctru.a(fs.o)
                0x0010f2fc                FSFILE_Close
 .text.FSFILE_Flush
                0x0010f338       0x24 C:/devkitPro/libctru/lib\libctru.a(fs.o)
                0x0010f338                FSFILE_Flush
 .text.FSDIR_Read
                0x0010f35c       0x50 C:/devkitPro/libctru/lib\libctru.a(fs.o)
                0x0010f35c                FSDIR_Read
 .text.FSDIR_Close
                0x0010f3ac       0x3c C:/devkitPro/libctru/lib\libctru.a(fs.o)
                0x0010f3ac                FSDIR_Close
 .text.decode_utf8
                0x0010f3e8      0x13c C:/devkitPro/libctru/lib\libctru.a(decode_utf8.o)
                0x0010f3e8                decode_utf8
 .text.utf16_to_utf8
                0x0010f524       0xe8 C:/devkitPro/libctru/lib\libctru.a(utf16_to_utf8.o)
                0x0010f524                utf16_to_utf8
 .text.utf8_to_utf16
                0x0010f60c       0xc0 C:/devkitPro/libctru/lib\libctru.a(utf8_to_utf16.o)
                0x0010f60c                utf8_to_utf16
 .text.__aeabi_read_tp
                0x0010f6cc        0xc C:/devkitPro/libctru/lib\libctru.a(readtp.o)
                0x0010f6cc                __aeabi_read_tp
 .text.decode_utf16
                0x0010f6d8       0x64 C:/devkitPro/libctru/lib\libctru.a(decode_utf16.o)
                0x0010f6d8                decode_utf16
 .text.encode_utf16
                0x0010f73c       0x54 C:/devkitPro/libctru/lib\libctru.a(encode_utf16.o)
                0x0010f73c                encode_utf16
 .text.encode_utf8
                0x0010f790       0xe0 C:/devkitPro/libctru/lib\libctru.a(encode_utf8.o)
                0x0010f790                encode_utf8
 .text.__udivmoddi4
                0x0010f870      0x120 C:/devkitPro/devkitARM/bin/../lib/gcc/arm-none-eabi/14.2.0/armv6k/fpu\libgcc.a(_udivmoddi4.o)
                0x0010f870                __udivmoddi4
 .text.strncmp  0x0010f990       0xd8 C:/devkitPro/devkitARM/bin/../lib/gcc/arm-none-eabi/14.2.0/../../../../arm-none-eabi/lib/armv6k/fpu\libg.a(libc_a-strncmp.o)
                0x0010f990                strncmp
 .text.strlen   0x0010fa68       0x5c C:/devkitPro/devkitARM/bin/../lib/gcc/arm-none-eabi/14.2.0/../../../../arm-none-eabi/lib/armv6k/fpu\libg.a(libc_a-strlen-stub.o)
                0x0010fa68                strlen
 .text._strtoul_l.isra.0
                0x0010fac4      0x1e4 C:/devkitPro/devkitARM/bin/../lib/gcc/arm-none-eabi/14.2.0/../../../../arm-none-eabi/lib/armv6k/fpu\libg.a(libc_a-strtoul.o)
 .text.strtoul  0x0010fca8       0x34 C:/devkitPro/devkitARM/bin/../lib/gcc/arm-none-eabi/14.2.0/../../../../arm-none-eabi/lib/armv6k/fpu\libg.a(libc_a-strtoul.o)
                0x0010fca8                strtoul
 .text.strncat  0x0010fcdc       0xe4 C:/devkitPro/devkitARM/bin/../lib/gcc/arm-none-eabi/14.2.0/../../../../arm-none-eabi/lib/armv6k/fpu\libg.a(libc_a-strncat.o)
                0x0010fcdc                strncat
 .text.bsearch  0x0010fdc0       0x78 C:/devkitPro/devkitARM/bin/../lib/gcc/arm-none-eabi/14.2.0/../../../../arm-none-eabi/lib/armv6k/fpu\libg.a(libc_a-bsearch.o)
                0x0010fdc0                bsearch
 .text.calloc   0x0010fe38       0x20 C:/devkitPro/devkitARM/bin/../lib/gcc/arm-none-eabi/14.2.0/../../../../arm-none-eabi/lib/armv6k/fpu\libg.a(libc_a-calloc.o)
                0x0010fe38                calloc
 .text._calloc_r
                0x0010fe58       0xc0 C:/devkitPro/devkitARM/bin/../lib/gcc/arm-none-eabi/14.2.0/../../../../arm-none-eabi/lib/armv6k/fpu\libg.a(libc_a-callocr.o)
                0x0010fe58                _calloc_r
 .text.memalign
                0x0010ff18       0x20 C:/devkitPro/devkitARM/bin/../lib/gcc/arm-none-eabi/14.2.0/../../../../arm-none-eabi/lib/armv6k/fpu\libg.a(libc_a-malign.o)
                0x0010ff18                memalign
 .text.stdio_exit_handler
                0x0010ff38       0x1c C:/devkitPro/devkitARM/bin/../lib/gcc/arm-none-eabi/14.2.0/../../../../arm-none-eabi/lib/armv6k/fpu\libg.a(libc_a-findfp.o)
 .text.cleanup_stdio
                0x0010ff54       0x5c C:/devkitPro/devkitARM/bin/../lib/gcc/arm-none-eabi/14.2.0/../../../../arm-none-eabi/lib/armv6k/fpu\libg.a(libc_a-findfp.o)
 .text.global_stdio_init.part.0
                0x0010ffb0      0x154 C:/devkitPro/devkitARM/bin/../lib/gcc/arm-none-eabi/14.2.0/../../../../arm-none-eabi/lib/armv6k/fpu\libg.a(libc_a-findfp.o)
 .text.__sinit  0x00110104       0x5c C:/devkitPro/devkitARM/bin/../lib/gcc/arm-none-eabi/14.2.0/../../../../arm-none-eabi/lib/armv6k/fpu\libg.a(libc_a-findfp.o)
                0x00110104                __sinit
 .text.__sfp_lock_acquire
                0x00110160        0xc C:/devkitPro/devkitARM/bin/../lib/gcc/arm-none-eabi/14.2.0/../../../../arm-none-eabi/lib/armv6k/fpu\libg.a(libc_a-findfp.o)
                0x00110160                __sfp_lock_acquire
 .text.__sfp_lock_release
                0x0011016c        0xc C:/devkitPro/devkitARM/bin/../lib/gcc/arm-none-eabi/14.2.0/../../../../arm-none-eabi/lib/armv6k/fpu\libg.a(libc_a-findfp.o)
                0x0011016c                __sfp_lock_release
 .text._malloc_r
                0x00110178      0x7e8 C:/devkitPro/devkitARM/bin/../lib/gcc/arm-none-eabi/14.2.0/../../../../arm-none-eabi/lib/armv6k/fpu\libg.a(libc_a-mallocr.o)
                0x00110178                _malloc_r
 .text._malloc_trim_r
                0x00110960       0xf8 C:/devkitPro/devkitARM/bin/../lib/gcc/arm-none-eabi/14.2.0/../../../../arm-none-eabi/lib/armv6k/fpu\libg.a(libc_a-freer.o)
                0x00110960                _malloc_trim_r
 .text._free_r  0x00110a58      0x300 C:/devkitPro/devkitARM/bin/../lib/gcc/arm-none-eabi/14.2.0/../../../../arm-none-eabi/lib/armv6k/fpu\libg.a(libc_a-freer.o)
                0x00110a58                _free_r
 .text.setvbuf  0x00110d58      0x294 C:/devkitPro/devkitARM/bin/../lib/gcc/arm-none-eabi/14.2.0/../../../../arm-none-eabi/lib/armv6k/fpu\libg.a(libc_a-setvbuf.o)
                0x00110d58                setvbuf
 .text.strnlen  0x00110fec       0x4c C:/devkitPro/devkitARM/bin/../lib/gcc/arm-none-eabi/14.2.0/../../../../arm-none-eabi/lib/armv6k/fpu\libg.a(libc_a-strnlen.o)
                0x00110fec                strnlen
 .text.__errno  0x00111038        0xc C:/devkitPro/devkitARM/bin/../lib/gcc/arm-none-eabi/14.2.0/../../../../arm-none-eabi/lib/armv6k/fpu\libg.a(libc_a-errno.o)
                0x00111038                __errno
 .text.malloc   0x00111044       0x34 C:/devkitPro/devkitARM/bin/../lib/gcc/arm-none-eabi/14.2.0/../../../../arm-none-eabi/lib/armv6k/fpu\libg.a(libc_a-malloc.o)
                0x00111044                malloc
 .text.free     0x00111078       0x18 C:/devkitPro/devkitARM/bin/../lib/gcc/arm-none-eabi/14.2.0/../../../../arm-none-eabi/lib/armv6k/fpu\libg.a(libc_a-malloc.o)
                0x00111078                free
 .text.memcpy   0x00111090      0x130 C:/devkitPro/devkitARM/bin/../lib/gcc/arm-none-eabi/14.2.0/../../../../arm-none-eabi/lib/armv6k/fpu\libg.a(libc_a-memcpy-stub.o)
                0x00111090                memcpy
 .text.printf   0x001111c0       0x34 C:/devkitPro/devkitARM/bin/../lib/gcc/arm-none-eabi/14.2.0/../../../../arm-none-eabi/lib/armv6k/fpu\libg.a(libc_a-printf.o)
                0x001111c0                printf
 .text.memset   0x001111f4       0xe8 C:/devkitPro/devkitARM/bin/../lib/gcc/arm-none-eabi/14.2.0/../../../../arm-none-eabi/lib/armv6k/fpu\libg.a(libc_a-memset.o)
                0x001111f4                memset
 .text._fwalk_sglue
                0x001112dc       0x70 C:/devkitPro/devkitARM/bin/../lib/gcc/arm-none-eabi/14.2.0/../../../../arm-none-eabi/lib/armv6k/fpu\libg.a(libc_a-fwalk.o)
                0x001112dc                _fwalk_sglue
 .text.__malloc_lock
                0x0011134c        0xc C:/devkitPro/devkitARM/bin/../lib/gcc/arm-none-eabi/14.2.0/../../../../arm-none-eabi/lib/armv6k/fpu\libg.a(libc_a-mlock.o)
                0x0011134c                __malloc_lock
 .text.__malloc_unlock
                0x00111358        0xc C:/devkitPro/devkitARM/bin/../lib/gcc/arm-none-eabi/14.2.0/../../../../arm-none-eabi/lib/armv6k/fpu\libg.a(libc_a-mlock.o)
                0x00111358                __malloc_unlock
 .text.__call_exitprocs
                0x00111364        0x4 C:/devkitPro/devkitARM/bin/../lib/gcc/arm-none-eabi/14.2.0/../../../../arm-none-eabi/lib/armv6k/fpu\libg.a(libc_a-exit.o)
                0x00111364                __call_exitprocs
 .text.exit     0x00111368       0x30 C:/devkitPro/devkitARM/bin/../lib/gcc/arm-none-eabi/14.2.0/../../../../arm-none-eabi/lib/armv6k/fpu\libg.a(libc_a-exit.o)
                0x00111368                exit
 .text.strncpy  0x00111398       0xc4 C:/devkitPro/devkitARM/bin/../lib/gcc/arm-none-eabi/14.2.0/../../../../arm-none-eabi/lib/armv6k/fpu\libg.a(libc_a-strncpy.o)
                0x00111398                strncpy
 .text.__libc_init_array
                0x0011145c       0x84 C:/devkitPro/devkitARM/bin/../lib/gcc/arm-none-eabi/14.2.0/../../../../arm-none-eabi/lib/armv6k/fpu\libg.a(libc_a-init.o)
                0x0011145c                __libc_init_array
 .text.__sflush_r
                0x001114e0      0x228 C:/devkitPro/devkitARM/bin/../lib/gcc/arm-none-eabi/14.2.0/../../../../arm-none-eabi/lib/armv6k/fpu\libg.a(libc_a-fflush.o)
                0x001114e0                __sflush_r
 .text._fflush_r
                0x00111708       0x94 C:/devkitPro/devkitARM/bin/../lib/gcc/arm-none-eabi/14.2.0/../../../../arm-none-eabi/lib/armv6k/fpu\libg.a(libc_a-fflush.o)
                0x00111708                _fflush_r
 .text._memalign_r
                0x0011179c      0x150 C:/devkitPro/devkitARM/bin/../lib/gcc/arm-none-eabi/14.2.0/../../../../arm-none-eabi/lib/armv6k/fpu\libg.a(libc_a-malignr.o)
                0x0011179c                _memalign_r
 .text.__libc_fini_array
                0x001118ec       0x3c C:/devkitPro/devkitARM/bin/../lib/gcc/arm-none-eabi/14.2.0/../../../../arm-none-eabi/lib/armv6k/fpu\libg.a(libc_a-fini.o)
                0x001118ec                __libc_fini_array
 .text.__sread  0x00111928       0x44 C:/devkitPro/devkitARM/bin/../lib/gcc/arm-none-eabi/14.2.0/../../../../arm-none-eabi/lib/armv6k/fpu\libg.a(libc_a-stdio.o)
                0x00111928                __sread
 .text.__swrite
                0x0011196c       0x68 C:/devkitPro/devkitARM/bin/../lib/gcc/arm-none-eabi/14.2.0/../../../../arm-none-eabi/lib/armv6k/fpu\libg.a(libc_a-stdio.o)
                0x0011196c                __swrite
 .text.__sseek  0x001119d4       0x40 C:/devkitPro/devkitARM/bin/../lib/gcc/arm-none-eabi/14.2.0/../../../../arm-none-eabi/lib/armv6k/fpu\libg.a(libc_a-stdio.o)
                0x001119d4                __sseek
 .text.__sclose
                0x00111a14        0x8 C:/devkitPro/devkitARM/bin/../lib/gcc/arm-none-eabi/14.2.0/../../../../arm-none-eabi/lib/armv6k/fpu\libg.a(libc_a-stdio.o)
                0x00111a14                __sclose
 .text._fclose_r
                0x00111a1c      0x148 C:/devkitPro/devkitARM/bin/../lib/gcc/arm-none-eabi/14.2.0/../../../../arm-none-eabi/lib/armv6k/fpu\libg.a(libc_a-fclose.o)
                0x00111a1c                _fclose_r
 .text.get_arg  0x00111b64      0x5e4 C:/devkitPro/devkitARM/bin/../lib/gcc/arm-none-eabi/14.2.0/../../../../arm-none-eabi/lib/armv6k/fpu\libg.a(libc_a-vfprintf.o)
 .text._vfprintf_r
                0x00112148     0x342c C:/devkitPro/devkitARM/bin/../lib/gcc/arm-none-eabi/14.2.0/../../../../arm-none-eabi/lib/armv6k/fpu\libg.a(libc_a-vfprintf.o)
                0x00112148                _vfprintf_r
 .text.__sbprintf
                0x00115574       0xb8 C:/devkitPro/devkitARM/bin/../lib/gcc/arm-none-eabi/14.2.0/../../../../arm-none-eabi/lib/armv6k/fpu\libg.a(libc_a-vfprintf.o)
 .text.__smakebuf_r
                0x0011562c      0x144 C:/devkitPro/devkitARM/bin/../lib/gcc/arm-none-eabi/14.2.0/../../../../arm-none-eabi/lib/armv6k/fpu\libg.a(libc_a-makebuf.o)
                0x0011562c                __smakebuf_r
 .text.__swhatbuf_r
                0x00115770       0x8c C:/devkitPro/devkitARM/bin/../lib/gcc/arm-none-eabi/14.2.0/../../../../arm-none-eabi/lib/armv6k/fpu\libg.a(libc_a-makebuf.o)
                0x00115770                __swhatbuf_r
 .text.quorem   0x001157fc      0x1b4 C:/devkitPro/devkitARM/bin/../lib/gcc/arm-none-eabi/14.2.0/../../../../arm-none-eabi/lib/armv6k/fpu\libg.a(libc_a-dtoa.o)
 .text._dtoa_r  0x001159b0     0x1370 C:/devkitPro/devkitARM/bin/../lib/gcc/arm-none-eabi/14.2.0/../../../../arm-none-eabi/lib/armv6k/fpu\libg.a(libc_a-dtoa.o)
                0x001159b0                _dtoa_r
 .text._wcrtomb_r
                0x00116d20       0xa0 C:/devkitPro/devkitARM/bin/../lib/gcc/arm-none-eabi/14.2.0/../../../../arm-none-eabi/lib/armv6k/fpu\libg.a(libc_a-wcrtomb.o)
                0x00116d20                _wcrtomb_r
 .text._wcsrtombs_r
                0x00116dc0       0x28 C:/devkitPro/devkitARM/bin/../lib/gcc/arm-none-eabi/14.2.0/../../../../arm-none-eabi/lib/armv6k/fpu\libg.a(libc_a-wcsrtombs.o)
                0x00116dc0                _wcsrtombs_r
 .text.__swsetup_r
                0x00116de8      0x194 C:/devkitPro/devkitARM/bin/../lib/gcc/arm-none-eabi/14.2.0/../../../../arm-none-eabi/lib/armv6k/fpu\libg.a(libc_a-wsetup.o)
                0x00116de8                __swsetup_r
 *fill*         0x00116f7c        0x4 
 .text.frexp    0x00116f80       0x88 C:/devkitPro/devkitARM/bin/../lib/gcc/arm-none-eabi/14.2.0/../../../../arm-none-eabi/lib/armv6k/fpu\libg.a(libm_a-s_frexp.o)
                0x00116f80                frexp
 .text.__assert_func
                0x00117008       0x5c C:/devkitPro/devkitARM/bin/../lib/gcc/arm-none-eabi/14.2.0/../../../../arm-none-eabi/lib/armv6k/fpu\libg.a(libc_a-assert.o)
                0x00117008                __assert_func
 .text._Balloc  0x00117064       0x88 C:/devkitPro/devkitARM/bin/../lib/gcc/arm-none-eabi/14.2.0/../../../../arm-none-eabi/lib/armv6k/fpu\libg.a(libc_a-mprec.o)
                0x00117064                _Balloc
 .text._Bfree   0x001170ec       0x1c C:/devkitPro/devkitARM/bin/../lib/gcc/arm-none-eabi/14.2.0/../../../../arm-none-eabi/lib/armv6k/fpu\libg.a(libc_a-mprec.o)
                0x001170ec                _Bfree
 .text.__multadd
                0x00117108       0xf4 C:/devkitPro/devkitARM/bin/../lib/gcc/arm-none-eabi/14.2.0/../../../../arm-none-eabi/lib/armv6k/fpu\libg.a(libc_a-mprec.o)
                0x00117108                __multadd
 .text.__hi0bits
                0x001171fc       0x80 C:/devkitPro/devkitARM/bin/../lib/gcc/arm-none-eabi/14.2.0/../../../../arm-none-eabi/lib/armv6k/fpu\libg.a(libc_a-mprec.o)
                0x001171fc                __hi0bits
 .text.__lo0bits
                0x0011727c       0xf4 C:/devkitPro/devkitARM/bin/../lib/gcc/arm-none-eabi/14.2.0/../../../../arm-none-eabi/lib/armv6k/fpu\libg.a(libc_a-mprec.o)
                0x0011727c                __lo0bits
 .text.__i2b    0x00117370       0xa4 C:/devkitPro/devkitARM/bin/../lib/gcc/arm-none-eabi/14.2.0/../../../../arm-none-eabi/lib/armv6k/fpu\libg.a(libc_a-mprec.o)
                0x00117370                __i2b
 .text.__multiply
                0x00117414      0x208 C:/devkitPro/devkitARM/bin/../lib/gcc/arm-none-eabi/14.2.0/../../../../arm-none-eabi/lib/armv6k/fpu\libg.a(libc_a-mprec.o)
                0x00117414                __multiply
 .text.__pow5mult
                0x0011761c      0x130 C:/devkitPro/devkitARM/bin/../lib/gcc/arm-none-eabi/14.2.0/../../../../arm-none-eabi/lib/armv6k/fpu\libg.a(libc_a-mprec.o)
                0x0011761c                __pow5mult
 .text.__lshift
                0x0011774c      0x138 C:/devkitPro/devkitARM/bin/../lib/gcc/arm-none-eabi/14.2.0/../../../../arm-none-eabi/lib/armv6k/fpu\libg.a(libc_a-mprec.o)
                0x0011774c                __lshift
 .text.__mcmp   0x00117884       0x58 C:/devkitPro/devkitARM/bin/../lib/gcc/arm-none-eabi/14.2.0/../../../../arm-none-eabi/lib/armv6k/fpu\libg.a(libc_a-mprec.o)
                0x00117884                __mcmp
 .text.__mdiff  0x001178dc      0x1f0 C:/devkitPro/devkitARM/bin/../lib/gcc/arm-none-eabi/14.2.0/../../../../arm-none-eabi/lib/armv6k/fpu\libg.a(libc_a-mprec.o)
                0x001178dc                __mdiff
 .text.__d2b    0x00117acc      0x120 C:/devkitPro/devkitARM/bin/../lib/gcc/arm-none-eabi/14.2.0/../../../../arm-none-eabi/lib/armv6k/fpu\libg.a(libc_a-mprec.o)
                0x00117acc                __d2b
 .text.__locale_mb_cur_max
                0x00117bec       0x24 C:/devkitPro/devkitARM/bin/../lib/gcc/arm-none-eabi/14.2.0/../../../../arm-none-eabi/lib/armv6k/fpu\libg.a(libc_a-locale.o)
                0x00117bec                __locale_mb_cur_max
 .text.fiprintf
                0x00117c10       0x3c C:/devkitPro/devkitARM/bin/../lib/gcc/arm-none-eabi/14.2.0/../../../../arm-none-eabi/lib/armv6k/fpu\libg.a(libc_a-fiprintf.o)
                0x00117c10                fiprintf
 .text.memchr   0x00117c4c       0xe0 C:/devkitPro/devkitARM/bin/../lib/gcc/arm-none-eabi/14.2.0/../../../../arm-none-eabi/lib/armv6k/fpu\libg.a(libc_a-memchr-stub.o)
                0x00117c4c                memchr
 .text._wcsnrtombs_l
                0x00117d2c      0x160 C:/devkitPro/devkitARM/bin/../lib/gcc/arm-none-eabi/14.2.0/../../../../arm-none-eabi/lib/armv6k/fpu\libg.a(libc_a-wcsnrtombs.o)
                0x00117d2c                _wcsnrtombs_l
 .text._wcsnrtombs_r
                0x00117e8c       0x64 C:/devkitPro/devkitARM/bin/../lib/gcc/arm-none-eabi/14.2.0/../../../../arm-none-eabi/lib/armv6k/fpu\libg.a(libc_a-wcsnrtombs.o)
                0x00117e8c                _wcsnrtombs_r
 .text.__utf8_mbtowc
                0x00117ef0      0x324 C:/devkitPro/devkitARM/bin/../lib/gcc/arm-none-eabi/14.2.0/../../../../arm-none-eabi/lib/armv6k/fpu\libg.a(libc_a-mbtowc_r.o)
                0x00117ef0                __utf8_mbtowc
 .text.__sprint_r
                0x00118214       0x30 C:/devkitPro/devkitARM/bin/../lib/gcc/arm-none-eabi/14.2.0/../../../../arm-none-eabi/lib/armv6k/fpu\libg.a(libc_a-sprint_r.o)
                0x00118214                __sprint_r
 .text.abort    0x00118244       0x14 C:/devkitPro/devkitARM/bin/../lib/gcc/arm-none-eabi/14.2.0/../../../../arm-none-eabi/lib/armv6k/fpu\libg.a(libc_a-abort.o)
                0x00118244                abort
 .text._localeconv_r
                0x00118258       0x24 C:/devkitPro/devkitARM/bin/../lib/gcc/arm-none-eabi/14.2.0/../../../../arm-none-eabi/lib/armv6k/fpu\libg.a(libc_a-localeconv.o)
                0x00118258                _localeconv_r
 .text.__utf8_wctomb
                0x0011827c       0xf0 C:/devkitPro/devkitARM/bin/../lib/gcc/arm-none-eabi/14.2.0/../../../../arm-none-eabi/lib/armv6k/fpu\libg.a(libc_a-wctomb_r.o)
                0x0011827c                __utf8_wctomb
 .text.strchr   0x0011836c      0x130 C:/devkitPro/devkitARM/bin/../lib/gcc/arm-none-eabi/14.2.0/../../../../arm-none-eabi/lib/armv6k/fpu\libg.a(libc_a-strchr.o)
                0x0011836c                strchr
 .text.memmove  0x0011849c      0x160 C:/devkitPro/devkitARM/bin/../lib/gcc/arm-none-eabi/14.2.0/../../../../arm-none-eabi/lib/armv6k/fpu\libg.a(libc_a-memmove.o)
                0x0011849c                memmove
 .text._raise_r
                0x001185fc       0x90 C:/devkitPro/devkitARM/bin/../lib/gcc/arm-none-eabi/14.2.0/../../../../arm-none-eabi/lib/armv6k/fpu\libg.a(libc_a-signal.o)
                0x001185fc                _raise_r
 .text.raise    0x0011868c       0x18 C:/devkitPro/devkitARM/bin/../lib/gcc/arm-none-eabi/14.2.0/../../../../arm-none-eabi/lib/armv6k/fpu\libg.a(libc_a-signal.o)
                0x0011868c                raise
 .text.__sfvwrite_r
                0x001186a4      0x480 C:/devkitPro/devkitARM/bin/../lib/gcc/arm-none-eabi/14.2.0/../../../../arm-none-eabi/lib/armv6k/fpu\libg.a(libc_a-fvwrite.o)
                0x001186a4                __sfvwrite_r
 .text.get_arg  0x00118b24      0x5e4 C:/devkitPro/devkitARM/bin/../lib/gcc/arm-none-eabi/14.2.0/../../../../arm-none-eabi/lib/armv6k/fpu\libg.a(libc_a-vfiprintf.o)
 .text._vfiprintf_r
                0x00119108     0x2264 C:/devkitPro/devkitARM/bin/../lib/gcc/arm-none-eabi/14.2.0/../../../../arm-none-eabi/lib/armv6k/fpu\libg.a(libc_a-vfiprintf.o)
                0x00119108                _vfiprintf_r
 .text.__sbprintf
                0x0011b36c       0xb8 C:/devkitPro/devkitARM/bin/../lib/gcc/arm-none-eabi/14.2.0/../../../../arm-none-eabi/lib/armv6k/fpu\libg.a(libc_a-vfiprintf.o)
 .text._realloc_r
                0x0011b424      0x4a4 C:/devkitPro/devkitARM/bin/../lib/gcc/arm-none-eabi/14.2.0/../../../../arm-none-eabi/lib/armv6k/fpu\libg.a(libc_a-reallocr.o)
                0x0011b424                _realloc_r
 .text._exit    0x0011b8c8       0x20 C:/devkitPro/devkitARM/bin/../lib/gcc/arm-none-eabi/14.2.0/../../../../arm-none-eabi/lib/armv6k/fpu\libsysbase.a(libsysbase_libsysbase_a-_exit.o)
                0x0011b8c8                _exit
 .text.chdir    0x0011b8e8      0x13c C:/devkitPro/devkitARM/bin/../lib/gcc/arm-none-eabi/14.2.0/../../../../arm-none-eabi/lib/armv6k/fpu\libsysbase.a(libsysbase_libsysbase_a-chdir.o)
                0x0011b8e8                chdir
 .text._concatenate_path
                0x0011ba24      0x1cc C:/devkitPro/devkitARM/bin/../lib/gcc/arm-none-eabi/14.2.0/../../../../arm-none-eabi/lib/armv6k/fpu\libsysbase.a(libsysbase_libsysbase_a-concatenate.o)
                0x0011ba24                _concatenate_path
 .text._fstat_r
                0x0011bbf0       0x88 C:/devkitPro/devkitARM/bin/../lib/gcc/arm-none-eabi/14.2.0/../../../../arm-none-eabi/lib/armv6k/fpu\libsysbase.a(libsysbase_libsysbase_a-fstat.o)
                0x0011bbf0                _fstat_r
 .text._getpid_r
                0x0011bc78       0x14 C:/devkitPro/devkitARM/bin/../lib/gcc/arm-none-eabi/14.2.0/../../../../arm-none-eabi/lib/armv6k/fpu\libsysbase.a(libsysbase_libsysbase_a-getpid.o)
                0x0011bc78                _getpid_r
 .text.__getreent
                0x0011bc8c       0x2c C:/devkitPro/devkitARM/bin/../lib/gcc/arm-none-eabi/14.2.0/../../../../arm-none-eabi/lib/armv6k/fpu\libsysbase.a(libsysbase_libsysbase_a-getreent.o)
                0x0011bc8c                __getreent
 .text.__get_handle
                0x0011bcb8       0x3c C:/devkitPro/devkitARM/bin/../lib/gcc/arm-none-eabi/14.2.0/../../../../arm-none-eabi/lib/armv6k/fpu\libsysbase.a(libsysbase_libsysbase_a-handle_manager.o)
                0x0011bcb8                __get_handle
 .text._close_r
                0x0011bcf4       0xf4 C:/devkitPro/devkitARM/bin/../lib/gcc/arm-none-eabi/14.2.0/../../../../arm-none-eabi/lib/armv6k/fpu\libsysbase.a(libsysbase_libsysbase_a-handle_manager.o)
                0x0011bcf4                _close_r
 .text.null_write
                0x0011bde8        0x8 C:/devkitPro/devkitARM/bin/../lib/gcc/arm-none-eabi/14.2.0/../../../../arm-none-eabi/lib/armv6k/fpu\libsysbase.a(libsysbase_libsysbase_a-iosupport.o)
 .text.setDefaultDevice
                0x0011bdf0       0x18 C:/devkitPro/devkitARM/bin/../lib/gcc/arm-none-eabi/14.2.0/../../../../arm-none-eabi/lib/armv6k/fpu\libsysbase.a(libsysbase_libsysbase_a-iosupport.o)
                0x0011bdf0                setDefaultDevice
 .text.FindDevice
                0x0011be08       0xc8 C:/devkitPro/devkitARM/bin/../lib/gcc/arm-none-eabi/14.2.0/../../../../arm-none-eabi/lib/armv6k/fpu\libsysbase.a(libsysbase_libsysbase_a-iosupport.o)
                0x0011be08                FindDevice
 .text.RemoveDevice
                0x0011bed0       0x28 C:/devkitPro/devkitARM/bin/../lib/gcc/arm-none-eabi/14.2.0/../../../../arm-none-eabi/lib/armv6k/fpu\libsysbase.a(libsysbase_libsysbase_a-iosupport.o)
                0x0011bed0                RemoveDevice
 .text.AddDevice
                0x0011bef8       0x98 C:/devkitPro/devkitARM/bin/../lib/gcc/arm-none-eabi/14.2.0/../../../../arm-none-eabi/lib/armv6k/fpu\libsysbase.a(libsysbase_libsysbase_a-iosupport.o)
                0x0011bef8                AddDevice
 .text.GetDeviceOpTab
                0x0011bf90       0x20 C:/devkitPro/devkitARM/bin/../lib/gcc/arm-none-eabi/14.2.0/../../../../arm-none-eabi/lib/armv6k/fpu\libsysbase.a(libsysbase_libsysbase_a-iosupport.o)
                0x0011bf90                GetDeviceOpTab
 .text._isatty_r
                0x0011bfb0        0x8 C:/devkitPro/devkitARM/bin/../lib/gcc/arm-none-eabi/14.2.0/../../../../arm-none-eabi/lib/armv6k/fpu\libsysbase.a(libsysbase_libsysbase_a-isatty.o)
                0x0011bfb0                _isatty_r
 .text._kill_r  0x0011bfb8       0x14 C:/devkitPro/devkitARM/bin/../lib/gcc/arm-none-eabi/14.2.0/../../../../arm-none-eabi/lib/armv6k/fpu\libsysbase.a(libsysbase_libsysbase_a-kill.o)
                0x0011bfb8                _kill_r
 .text._lseek_r
                0x0011bfcc       0x8c C:/devkitPro/devkitARM/bin/../lib/gcc/arm-none-eabi/14.2.0/../../../../arm-none-eabi/lib/armv6k/fpu\libsysbase.a(libsysbase_libsysbase_a-lseek.o)
                0x0011bfcc                _lseek_r
 .text._read_r  0x0011c058       0x88 C:/devkitPro/devkitARM/bin/../lib/gcc/arm-none-eabi/14.2.0/../../../../arm-none-eabi/lib/armv6k/fpu\libsysbase.a(libsysbase_libsysbase_a-read.o)
                0x0011c058                _read_r
 .text._sbrk_r  0x0011c0e0       0x78 C:/devkitPro/devkitARM/bin/../lib/gcc/arm-none-eabi/14.2.0/../../../../arm-none-eabi/lib/armv6k/fpu\libsysbase.a(libsysbase_libsysbase_a-sbrk.o)
                0x0011c0e0                _sbrk_r
 .text.__libc_lock_acquire
                0x0011c158       0x1c C:/devkitPro/devkitARM/bin/../lib/gcc/arm-none-eabi/14.2.0/../../../../arm-none-eabi/lib/armv6k/fpu\libsysbase.a(libsysbase_libsysbase_a-syscall_support.o)
                0x0011c158                __libc_lock_acquire
 .text.__libc_lock_release
                0x0011c174       0x1c C:/devkitPro/devkitARM/bin/../lib/gcc/arm-none-eabi/14.2.0/../../../../arm-none-eabi/lib/armv6k/fpu\libsysbase.a(libsysbase_libsysbase_a-syscall_support.o)
                0x0011c174                __libc_lock_release
 .text.__libc_lock_acquire_recursive
                0x0011c190       0x1c C:/devkitPro/devkitARM/bin/../lib/gcc/arm-none-eabi/14.2.0/../../../../arm-none-eabi/lib/armv6k/fpu\libsysbase.a(libsysbase_libsysbase_a-syscall_support.o)
                0x0011c190                __libc_lock_acquire_recursive
 .text.__libc_lock_release_recursive
                0x0011c1ac       0x1c C:/devkitPro/devkitARM/bin/../lib/gcc/arm-none-eabi/14.2.0/../../../../arm-none-eabi/lib/armv6k/fpu\libsysbase.a(libsysbase_libsysbase_a-syscall_support.o)
                0x0011c1ac                __libc_lock_release_recursive
 .text._write_r
                0x0011c1c8       0x88 C:/devkitPro/devkitARM/bin/../lib/gcc/arm-none-eabi/14.2.0/../../../../arm-none-eabi/lib/armv6k/fpu\libsysbase.a(libsysbase_libsysbase_a-write.o)
                0x0011c1c8                _write_r
 .text.strrchr  0x0011c250       0x48 C:/devkitPro/devkitARM/bin/../lib/gcc/arm-none-eabi/14.2.0/../../../../arm-none-eabi/lib/armv6k/fpu\libg.a(libc_a-strrchr.o)
                0x0011c250                strrchr
 *(.glue_7)
 .glue_7        0x0011c298        0x0 linker stubs
 *(.glue_7t)
 .glue_7t       0x0011c298        0x0 linker stubs
 *(.stub)
 *(.gnu.warning)
 *(.gnu.linkonce.t*)
                0x0011c298                        . = ALIGN (0x4)
 *(.fini)
 .fini          0x0011c298        0xc C:/devkitPro/devkitARM/bin/../lib/gcc/arm-none-eabi/14.2.0/armv6k/fpu/crti.o
                0x0011c298                _fini
 .fini          0x0011c2a4        0xc C:/devkitPro/devkitARM/bin/../lib/gcc/arm-none-eabi/14.2.0/armv6k/fpu/crtn.o
                0x0011c2b0                        . = ALIGN (0x4)

.vfp11_veneer   0x0011c2b0        0x0
 .vfp11_veneer  0x0011c2b0        0x0 linker stubs

.v4_bx          0x0011c2b0        0x0
 .v4_bx         0x0011c2b0        0x0 linker stubs

.iplt           0x0011c2b0        0x0
 .iplt          0x0011c2b0        0x0 C:/devkitPro/devkitARM/bin/../lib/gcc/arm-none-eabi/14.2.0/../../../../arm-none-eabi/lib/armv6k/fpu/3dsx_crt0.o
                0x0011d000                        . = ALIGN (0x1000)

.rodata         0x0011d000     0x1568
 *(.rodata)
 .rodata        0x0011d000        0xc C:/devkitPro/libctru/lib\libctru.a(archive_dev.o)
 *(.roda)
 *(.rodata.*)
 .rodata.str1.4
                0x0011d00c      0x284 main.o
                                 0x9d (size before relaxing)
 .rodata.C2D_Init.str1.4
                0x0011d290       0x10 C:/devkitPro/libctru/lib\libcitro2d.a(base.o)
 .rodata.render2d_shbin
                0x0011d290      0x190 C:/devkitPro/libctru/lib\libcitro2d.a(render2d.shbin.o)
                0x0011d290                render2d_shbin
                0x0011d41c                render2d_shbin_end
                0x0011d41c                render2d_shbin_size
 .rodata.depthFmtSizes
                0x0011d420        0x4 C:/devkitPro/libctru/lib\libcitro3d.a(framebuffer.o)
 .rodata.colorFmtSizes
                0x0011d424        0x5 C:/devkitPro/libctru/lib\libcitro3d.a(framebuffer.o)
 *fill*         0x0011d429        0x3 
 .rodata.CSWTCH.11
                0x0011d42c       0x10 C:/devkitPro/libctru/lib\libcitro3d.a(proctex.o)
 .rodata.consoleHandleColorEsc
                0x0011d43c       0x6c C:/devkitPro/libctru/lib\libctru.a(console.o)
 .rodata.consolePrintChar
                0x0011d4a8        0x6 C:/devkitPro/libctru/lib\libctru.a(console.o)
 .rodata.con_write
                0x0011d4ae       0x46 C:/devkitPro/libctru/lib\libctru.a(console.o)
 .rodata.str1.4
                0x0011d4f4       0x10 C:/devkitPro/libctru/lib\libctru.a(console.o)
 .rodata.dotab_stdout
                0x0011d4f4       0x80 C:/devkitPro/libctru/lib\libctru.a(console.o)
 .rodata.grayScale
                0x0011d574       0x18 C:/devkitPro/libctru/lib\libctru.a(console.o)
 .rodata.colorCube
                0x0011d58c        0x6 C:/devkitPro/libctru/lib\libctru.a(console.o)
 *fill*         0x0011d592        0x2 
 .rodata.colorTable
                0x0011d594       0x30 C:/devkitPro/libctru/lib\libctru.a(console.o)
 .rodata.DVLE_GenerateOutmap.part.0
                0x0011d5c4        0x9 C:/devkitPro/libctru/lib\libctru.a(shbin.o)
 .rodata.aptSendCommand.str1.4
                0x0011d5cd       0x16 C:/devkitPro/libctru/lib\libctru.a(apt.o)
 .rodata.aptEventHandler
                0x0011d5cd        0xb C:/devkitPro/libctru/lib\libctru.a(apt.o)
 .rodata.aptWaitForWakeUp.isra.0
                0x0011d5d8       0x11 C:/devkitPro/libctru/lib\libctru.a(apt.o)
 *fill*         0x0011d5e9        0x3 
 .rodata.morton_y.2
                0x0011d5ec        0x8 C:/devkitPro/libctru/lib\libctru.a(apt.o)
 .rodata.morton_x.3
                0x0011d5f4        0x8 C:/devkitPro/libctru/lib\libctru.a(apt.o)
 .rodata.s_sleepWakeEvents.4
                0x0011d5fc        0x8 C:/devkitPro/libctru/lib\libctru.a(apt.o)
 .rodata.gspInit.str1.4
                0x0011d604        0x9 C:/devkitPro/libctru/lib\libctru.a(gspgpu.o)
 .rodata.hidInit.str1.4
                0x0011d604       0x15 C:/devkitPro/libctru/lib\libctru.a(hid.o)
 .rodata.irrstInit.str1.4
                0x0011d604        0x7 C:/devkitPro/libctru/lib\libctru.a(irrst.o)
 .rodata.ptmSysmInit.str1.4
                0x0011d604        0x9 C:/devkitPro/libctru/lib\libctru.a(ptmsysm.o)
 .rodata.__system_initArgv.str1.4
                0x0011d604        0xa C:/devkitPro/libctru/lib\libctru.a(initArgv.o)
 .rodata.default_font_bin
                0x0011d604      0x800 C:/devkitPro/libctru/lib\libctru.a(default_font.bin.o)
                0x0011d604                default_font_bin
                0x0011de04                default_font_bin_end
 .rodata.srvInit.str1.4
                0x0011de04        0x5 C:/devkitPro/libctru/lib\libctru.a(srv.o)
 .rodata.archive_utf16path.str1.4
                0x0011de04        0x2 C:/devkitPro/libctru/lib\libctru.a(archive_dev.o)
 .rodata._archiveUnmountDeviceStruct.part.0.str1.4
                0x0011de04        0x2 C:/devkitPro/libctru/lib\libctru.a(archive_dev.o)
 .rodata._archiveMountDevice.str1.4
                0x0011de04        0xc C:/devkitPro/libctru/lib\libctru.a(archive_dev.o)
 .rodata.archiveMountSdmc.str1.4
                0x0011de04        0x5 C:/devkitPro/libctru/lib\libctru.a(archive_dev.o)
 .rodata.error_table
                0x0011de04       0x30 C:/devkitPro/libctru/lib\libctru.a(archive_dev.o)
 .rodata.str1.4
                0x0011de34        0x8 C:/devkitPro/libctru/lib\libctru.a(archive_dev.o)
 .rodata.archive_devoptab
                0x0011de34       0x80 C:/devkitPro/libctru/lib\libctru.a(archive_dev.o)
 .rodata.fsInit.str1.4
                0x0011deb4        0x8 C:/devkitPro/libctru/lib\libctru.a(fs.o)
 .rodata._ctype_
                0x0011deb4      0x101 C:/devkitPro/devkitARM/bin/../lib/gcc/arm-none-eabi/14.2.0/../../../../arm-none-eabi/lib/armv6k/fpu\libg.a(libc_a-ctype_.o)
                0x0011deb4                _ctype_
 *fill*         0x0011dfb5        0x1 
 .rodata.get_arg
                0x0011dfb6       0x34 C:/devkitPro/devkitARM/bin/../lib/gcc/arm-none-eabi/14.2.0/../../../../arm-none-eabi/lib/armv6k/fpu\libg.a(libc_a-vfprintf.o)
 .rodata._vfprintf_r.str1.1
                0x0011dfea       0x3b C:/devkitPro/devkitARM/bin/../lib/gcc/arm-none-eabi/14.2.0/../../../../arm-none-eabi/lib/armv6k/fpu\libg.a(libc_a-vfprintf.o)
 *fill*         0x0011e025        0x1 
 .rodata._vfprintf_r
                0x0011e026       0xb6 C:/devkitPro/devkitARM/bin/../lib/gcc/arm-none-eabi/14.2.0/../../../../arm-none-eabi/lib/armv6k/fpu\libg.a(libc_a-vfprintf.o)
 .rodata.zeroes.0
                0x0011e0dc       0x10 C:/devkitPro/devkitARM/bin/../lib/gcc/arm-none-eabi/14.2.0/../../../../arm-none-eabi/lib/armv6k/fpu\libg.a(libc_a-vfprintf.o)
 .rodata.blanks.1
                0x0011e0ec       0x10 C:/devkitPro/devkitARM/bin/../lib/gcc/arm-none-eabi/14.2.0/../../../../arm-none-eabi/lib/armv6k/fpu\libg.a(libc_a-vfprintf.o)
 .rodata._dtoa_r.str1.4
                0x0011e0fc       0x6a C:/devkitPro/devkitARM/bin/../lib/gcc/arm-none-eabi/14.2.0/../../../../arm-none-eabi/lib/armv6k/fpu\libg.a(libc_a-dtoa.o)
 .rodata._dtoa_r
                0x0011e0fc        0x8 C:/devkitPro/devkitARM/bin/../lib/gcc/arm-none-eabi/14.2.0/../../../../arm-none-eabi/lib/armv6k/fpu\libg.a(libc_a-dtoa.o)
 .rodata.__action_table
                0x0011e104       0x6c C:/devkitPro/devkitARM/bin/../lib/gcc/arm-none-eabi/14.2.0/../../../../arm-none-eabi/lib/armv6k/fpu\libg.a(libc_a-svfiprintf.o)
                0x0011e104                __action_table
 .rodata.__state_table
                0x0011e170       0x6c C:/devkitPro/devkitARM/bin/../lib/gcc/arm-none-eabi/14.2.0/../../../../arm-none-eabi/lib/armv6k/fpu\libg.a(libc_a-svfiprintf.o)
                0x0011e170                __state_table
 .rodata.__chclass
                0x0011e1dc      0x100 C:/devkitPro/devkitARM/bin/../lib/gcc/arm-none-eabi/14.2.0/../../../../arm-none-eabi/lib/armv6k/fpu\libg.a(libc_a-svfiprintf.o)
                0x0011e1dc                __chclass
 .rodata.__assert_func.str1.4
                0x0011e2dc       0x43 C:/devkitPro/devkitARM/bin/../lib/gcc/arm-none-eabi/14.2.0/../../../../arm-none-eabi/lib/armv6k/fpu\libg.a(libc_a-assert.o)
 .rodata.__multadd.str1.4
                0x0011e2dc       0x57 C:/devkitPro/devkitARM/bin/../lib/gcc/arm-none-eabi/14.2.0/../../../../arm-none-eabi/lib/armv6k/fpu\libg.a(libc_a-mprec.o)
 .rodata.p05.0  0x0011e2dc        0xc C:/devkitPro/devkitARM/bin/../lib/gcc/arm-none-eabi/14.2.0/../../../../arm-none-eabi/lib/armv6k/fpu\libg.a(libc_a-mprec.o)
 .rodata.__mprec_bigtens
                0x0011e2e8       0x28 C:/devkitPro/devkitARM/bin/../lib/gcc/arm-none-eabi/14.2.0/../../../../arm-none-eabi/lib/armv6k/fpu\libg.a(libc_a-mprec.o)
                0x0011e2e8                __mprec_bigtens
 .rodata.__mprec_tens
                0x0011e310       0xc8 C:/devkitPro/devkitARM/bin/../lib/gcc/arm-none-eabi/14.2.0/../../../../arm-none-eabi/lib/armv6k/fpu\libg.a(libc_a-mprec.o)
                0x0011e310                __mprec_tens
 .rodata.str1.4
                0x0011e3d8       0x4c C:/devkitPro/devkitARM/bin/../lib/gcc/arm-none-eabi/14.2.0/../../../../arm-none-eabi/lib/armv6k/fpu\libg.a(libc_a-locale.o)
 .rodata.get_arg
                0x0011e3d8       0x34 C:/devkitPro/devkitARM/bin/../lib/gcc/arm-none-eabi/14.2.0/../../../../arm-none-eabi/lib/armv6k/fpu\libg.a(libc_a-vfiprintf.o)
 .rodata._vfiprintf_r.str1.1
                0x0011e40c       0x29 C:/devkitPro/devkitARM/bin/../lib/gcc/arm-none-eabi/14.2.0/../../../../arm-none-eabi/lib/armv6k/fpu\libg.a(libc_a-vfiprintf.o)
 .rodata._vfiprintf_r
                0x0011e40c       0xb6 C:/devkitPro/devkitARM/bin/../lib/gcc/arm-none-eabi/14.2.0/../../../../arm-none-eabi/lib/armv6k/fpu\libg.a(libc_a-vfiprintf.o)
 *fill*         0x0011e4c2        0x2 
 .rodata.zeroes.0
                0x0011e4c4       0x10 C:/devkitPro/devkitARM/bin/../lib/gcc/arm-none-eabi/14.2.0/../../../../arm-none-eabi/lib/armv6k/fpu\libg.a(libc_a-vfiprintf.o)
 .rodata.blanks.1
                0x0011e4d4       0x10 C:/devkitPro/devkitARM/bin/../lib/gcc/arm-none-eabi/14.2.0/../../../../arm-none-eabi/lib/armv6k/fpu\libg.a(libc_a-vfiprintf.o)
 .rodata.AddDevice.str1.4
                0x0011e4e4        0x8 C:/devkitPro/devkitARM/bin/../lib/gcc/arm-none-eabi/14.2.0/../../../../arm-none-eabi/lib/armv6k/fpu\libsysbase.a(libsysbase_libsysbase_a-iosupport.o)
 .rodata.dotab_stdnull
                0x0011e4e4       0x80 C:/devkitPro/devkitARM/bin/../lib/gcc/arm-none-eabi/14.2.0/../../../../arm-none-eabi/lib/armv6k/fpu\libsysbase.a(libsysbase_libsysbase_a-iosupport.o)
                0x0011e4e4                dotab_stdnull
 *all.rodata*(*)
 *(.gnu.linkonce.r*)
                0x0011e564                        . = ALIGN (0x4)
                0x0011e564                        __tdata_align = .