Archive member included to satisfy reference by file (symbol)

C:/devkitPro/libctru/lib\libcitro2d.a(base.o)
                              main.o (C2D_Init)
C:/devkitPro/libctru/lib\libcitro2d.a(render2d.shbin.o)
                              C:/devkitPro/libctru/lib\libcitro2d.a(base.o) (render2d_shbin)
C:/devkitPro/libctru/lib\libcitro3d.a(attribs.o)
                              C:/devkitPro/libctru/lib\libcitro2d.a(base.o) (AttrInfo_Init)
C:/devkitPro/libctru/lib\libcitro3d.a(base.o)
                              C:/devkitPro/libctru/lib\libcitro3d.a(attribs.o) (__C3D_Context)
C:/devkitPro/libctru/lib\libcitro3d.a(buffers.o)
                              C:/devkitPro/libctru/lib\libcitro2d.a(base.o) (BufInfo_Init)
C:/devkitPro/libctru/lib\libcitro3d.a(drawElements.o)
                              C:/devkitPro/libctru/lib\libcitro2d.a(base.o) (C3D_DrawElements)
C:/devkitPro/libctru/lib\libcitro3d.a(effect.o)
                              C:/devkitPro/libctru/lib\libcitro3d.a(base.o) (C3D_DepthMap)
C:/devkitPro/libctru/lib\libcitro3d.a(framebuffer.o)
                              C:/devkitPro/libctru/lib\libcitro3d.a(base.o) (C3Di_FrameBufBind)
C:/devkitPro/libctru/lib\libcitro3d.a(immediate.o)
                              C:/devkitPro/libctru/lib\libcitro3d.a(base.o) (C3D_ImmSendAttrib)
C:/devkitPro/libctru/lib\libcitro3d.a(proctex.o)
                              C:/devkitPro/libctru/lib\libcitro2d.a(base.o) (C3D_ProcTexInit)
C:/devkitPro/libctru/lib\libcitro3d.a(renderqueue.o)
                              C:/devkitPro/libctru/lib\libcitro3d.a(base.o) (C3Di_RenderQueueEnableVBlank)
C:/devkitPro/libctru/lib\libcitro3d.a(texenv.o)
                              C:/devkitPro/libctru/lib\libcitro2d.a(base.o) (C3D_GetTexEnv)
C:/devkitPro/libctru/lib\libcitro3d.a(texture.o)
                              C:/devkitPro/libctru/lib\libcitro2d.a(base.o) (C3D_TexBind)
C:/devkitPro/libctru/lib\libcitro3d.a(uniforms.o)
                              C:/devkitPro/libctru/lib\libcitro3d.a(base.o) (C3D_UpdateUniforms)
C:/devkitPro/libctru/lib\libcitro3d.a(mtx_multiply.o)
                              C:/devkitPro/libctru/lib\libcitro2d.a(base.o) (Mtx_Multiply)
C:/devkitPro/libctru/lib\libcitro3d.a(mtx_ortho.o)
                              C:/devkitPro/libctru/lib\libcitro2d.a(base.o) (Mtx_Ortho)
C:/devkitPro/libctru/lib\libcitro3d.a(mtx_orthotilt.o)
                              C:/devkitPro/libctru/lib\libcitro2d.a(base.o) (Mtx_OrthoTilt)
C:/devkitPro/libctru/lib\libcitro3d.a(mtx_rotatez.o)
                              C:/devkitPro/libctru/lib\libcitro2d.a(base.o) (Mtx_RotateZ)
C:/devkitPro/libctru/lib\libcitro3d.a(mtx_scale.o)
                              C:/devkitPro/libctru/lib\libcitro2d.a(base.o) (Mtx_Scale)
C:/devkitPro/libctru/lib\libcitro3d.a(mtx_translate.o)
                              C:/devkitPro/libctru/lib\libcitro2d.a(base.o) (Mtx_Translate)
C:/devkitPro/libctru/lib\libctru.a(linear.o)
                              C:/devkitPro/libctru/lib\libcitro2d.a(base.o) (linearAlloc)
C:/devkitPro/libctru/lib\libctru.a(mem_pool.o)
                              C:/devkitPro/libctru/lib\libctru.a(linear.o) (MemPool::Allocate(MemChunk&, unsigned long, int))
C:/devkitPro/libctru/lib\libctru.a(vram.o)
                              C:/devkitPro/libctru/lib\libcitro3d.a(renderqueue.o) (vramAlloc)
C:/devkitPro/libctru/lib\libctru.a(gfx.o)
                              C:/devkitPro/libctru/lib\libcitro2d.a(base.o) (gfxIsWide)
C:/devkitPro/libctru/lib\libctru.a(os.o)
                              C:/devkitPro/libctru/lib\libcitro3d.a(buffers.o) (osConvertVirtToPhys)
C:/devkitPro/libctru/lib\libctru.a(gpu.o)
                              C:/devkitPro/libctru/lib\libcitro3d.a(base.o) (gpuCmdBufOffset)
C:/devkitPro/libctru/lib\libctru.a(gx.o)
                              C:/devkitPro/libctru/lib\libcitro3d.a(renderqueue.o) (GX_BindQueue)
C:/devkitPro/libctru/lib\libctru.a(gxqueue.o)
                              C:/devkitPro/libctru/lib\libcitro3d.a(renderqueue.o) (gxCmdQueueClear)
C:/devkitPro/libctru/lib\libctru.a(shaderProgram.o)
                              C:/devkitPro/libctru/lib\libcitro2d.a(base.o) (shaderInstanceGetUniformLocation)
C:/devkitPro/libctru/lib\libctru.a(shbin.o)
                              C:/devkitPro/libctru/lib\libcitro2d.a(base.o) (DVLB_ParseFile)
C:/devkitPro/libctru/lib\libctru.a(apt.o)
                              C:/devkitPro/libctru/lib\libcitro3d.a(base.o) (aptHook)
C:/devkitPro/libctru/lib\libctru.a(gspgpu.o)
                              C:/devkitPro/libctru/lib\libctru.a(gfx.o) (gspInit)
C:/devkitPro/libctru/lib\libctru.a(hid.o)
                              main.o (hidScanInput)
C:/devkitPro/libctru/lib\libctru.a(irrst.o)
                              C:/devkitPro/libctru/lib\libctru.a(hid.o) (irrstInit)
C:/devkitPro/libctru/lib\libctru.a(ptmsysm.o)
[...]
Memory Configuration

Name             Origin             Length             Attributes
*default*        0x00000000         0xffffffff

Linker script and memory map

                0x00000000                        __sync_synchronize = __sync_synchronize_dmb
                0x00100000                        PROVIDE (__start__ = 0x100000)
                0x00100000                        . = __start__

.text           0x00100000    0x1ad0c
 *(.crt0)
 .crt0          0x00100000       0x94 C:/devkitPro/devkitARM/bin/../lib/gcc/arm-none-eabi/14.2.0/../../../../arm-none-eabi/lib/armv6k/fpu/3dsx_crt0.o
                0x00100000                _start
                0x00100008                __service_ptr
                0x0010000c                __apt_appid
                0x00100010                __heap_size
                0x00100014                __linear_heap_size
                0x00100018                __system_arglist
                0x0010001c                __system_runflags
 *(.init)
 .init          0x00100094        0xc C:/devkitPro/devkitARM/bin/../lib/gcc/arm-none-eabi/14.2.0/armv6k/fpu/crti.o
                0x00100094                _init
 .init          0x001000a0        0xc C:/devkitPro/devkitARM/bin/../lib/gcc/arm-none-eabi/14.2.0/armv6k/fpu/crtn.o
                0x001000ac                        . = ALIGN (0x4)
 *(.text)
 .text          0x001000ac       0x3c C:/devkitPro/devkitARM/bin/../lib/gcc/arm-none-eabi/14.2.0/armv6k/fpu\libgcc.a(_aeabi_uldivmod.o)
                0x001000ac                __aeabi_uldivmod
 .text          0x001000e8        0x4 C:/devkitPro/devkitARM/bin/../lib/gcc/arm-none-eabi/14.2.0/armv6k/fpu\libgcc.a(_dvmd_tls.o)
                0x001000e8                __aeabi_idiv0
                0x001000e8                __aeabi_ldiv0
 *fill*         0x001000ec       0x14 
 .text          0x00100100      0x390 C:/devkitPro/devkitARM/bin/../lib/gcc/arm-none-eabi/14.2.0/../../../../arm-none-eabi/lib/armv6k/fpu\libg.a(libc_a-strcmp.o)
                0x00100108                strcmp
 .text          0x00100490      0x20c C:/devkitPro/devkitARM/bin/../lib/gcc/arm-none-eabi/14.2.0/armv6k/fpu\libgcc.a(_udivsi3.o)
                0x00100490                __aeabi_uidiv
                0x00100490                __udivsi3
                0x0010067c                __aeabi_uidivmod
 .text          0x0010069c      0x240 C:/devkitPro/devkitARM/bin/../lib/gcc/arm-none-eabi/14.2.0/armv6k/fpu\libgcc.a(_divsi3.o)
                0x0010069c                __divsi3
                0x0010069c                __aeabi_idiv
                0x001008bc                __aeabi_idivmod
 *(.text.*)
 .text.__do_global_dtors_aux
                0x001008dc       0x40 C:/devkitPro/devkitARM/bin/../lib/gcc/arm-none-eabi/14.2.0/armv6k/fpu/crtbegin.o
 .text.frame_dummy
                0x0010091c       0x2c C:/devkitPro/devkitARM/bin/../lib/gcc/arm-none-eabi/14.2.0/armv6k/fpu/crtbegin.o
 .text.startup.main
                0x00100948      0x208 main.o
                0x00100948                main
 .text.C2Di_FrameEndHook
                0x00100b50       0x44 C:/devkitPro/libctru/lib\libcitro2d.a(base.o)
 *fill*         0x00100b94        0x4 
 .text.C2D_Init
                0x00100b98      0x36c C:/devkitPro/libctru/lib\libcitro2d.a(base.o)
                0x00100b98                C2D_Init
 .text.C2D_Fini
                0x00100f04       0x4c C:/devkitPro/libctru/lib\libcitro2d.a(base.o)
                0x00100f04                C2D_Fini
 .text.C2D_Prepare
                0x00100f50       0xb8 C:/devkitPro/libctru/lib\libcitro2d.a(base.o)
                0x00100f50                C2D_Prepare
 .text.C2D_Flush
                0x00101008       0x48 C:/devkitPro/libctru/lib\libcitro2d.a(base.o)
                0x00101008                C2D_Flush
 .text.C2D_SceneSize
                0x00101050      0x104 C:/devkitPro/libctru/lib\libcitro2d.a(base.o)
                0x00101050                C2D_SceneSize
 .text.C2D_CreateScreenTarget
                0x00101154       0x58 C:/devkitPro/libctru/lib\libcitro2d.a(base.o)
                0x00101154                C2D_CreateScreenTarget
 .text.C2D_TargetClear
                0x001011ac       0x64 C:/devkitPro/libctru/lib\libcitro2d.a(base.o)
                0x001011ac                C2D_TargetClear
 .text.C2Di_AppendQuad
                0x00101210       0x58 C:/devkitPro/libctru/lib\libcitro2d.a(base.o)
                0x00101210                C2Di_AppendQuad
 .text.C2Di_Update
                0x00101268      0x550 C:/devkitPro/libctru/lib\libcitro2d.a(base.o)
                0x00101268                C2Di_Update
 .text.C2D_DrawRectangle
                0x001017b8      0x158 C:/devkitPro/libctru/lib\libcitro2d.a(base.o)
                0x001017b8                C2D_DrawRectangle
 .text.AttrInfo_Init
                0x00101910       0x28 C:/devkitPro/libctru/lib\libcitro3d.a(attribs.o)
                0x00101910                AttrInfo_Init
 .text.AttrInfo_AddLoader
                0x00101938       0x94 C:/devkitPro/libctru/lib\libcitro3d.a(attribs.o)
                0x00101938                AttrInfo_AddLoader
 .text.C3D_SetAttrInfo
                0x001019cc       0x54 C:/devkitPro/libctru/lib\libcitro3d.a(attribs.o)
                0x001019cc                C3D_SetAttrInfo
 .text.C3Di_AttrInfoBind
                0x00101a20       0x80 C:/devkitPro/libctru/lib\libcitro3d.a(attribs.o)
                0x00101a20                C3Di_AttrInfoBind
 .text.C3Di_LightEnvUpdate
                0x00101aa0        0x4 C:/devkitPro/libctru/lib\libcitro3d.a(base.o)
                0x00101aa0                C3Di_LightEnvUpdate
 .text.C3Di_LightEnvDirty
                0x00101aa4        0x4 C:/devkitPro/libctru/lib\libcitro3d.a(base.o)
                0x00101aa4                C3Di_LightEnvDirty
 .text.C3Di_AptEventHook
                0x00101aa8       0xb4 C:/devkitPro/libctru/lib\libcitro3d.a(base.o)
 .text.C3Di_GasUpdate
                0x00101b5c        0x4 C:/devkitPro/libctru/lib\libcitro3d.a(base.o)
                0x00101b5c                C3Di_GasUpdate
 .text.C3D_Init
                0x00101b60      0x1d0 C:/devkitPro/libctru/lib\libcitro3d.a(base.o)
                0x00101b60                C3D_Init
 .text.C3D_SetViewport
                0x00101d30       0x98 C:/devkitPro/libctru/lib\libcitro3d.a(base.o)
                0x00101d30                C3D_SetViewport
 .text.C3Di_UpdateContext
                0x00101dc8      0x4e8 C:/devkitPro/libctru/lib\libcitro3d.a(base.o)
                0x00101dc8                C3Di_UpdateContext
 .text.C3Di_SplitFrame
                0x001022b0       0xe0 C:/devkitPro/libctru/lib\libcitro3d.a(base.o)
                0x001022b0                C3Di_SplitFrame
 .text.C3D_Fini
                0x00102390       0x44 C:/devkitPro/libctru/lib\libcitro3d.a(base.o)
                0x00102390                C3D_Fini
 .text.C3D_BindProgram
                0x001023d4      0x194 C:/devkitPro/libctru/lib\libcitro3d.a(base.o)
                0x001023d4                C3D_BindProgram
 .text.BufInfo_Init
                0x00102568       0x24 C:/devkitPro/libctru/lib\libcitro3d.a(buffers.o)
                0x00102568                BufInfo_Init
 .text.BufInfo_Add
                0x0010258c       0x80 C:/devkitPro/libctru/lib\libcitro3d.a(buffers.o)
                0x0010258c                BufInfo_Add
 .text.C3D_SetBufInfo
                0x0010260c       0x3c C:/devkitPro/libctru/lib\libcitro3d.a(buffers.o)
                0x0010260c                C3D_SetBufInfo
 .text.C3Di_BufInfoBind
                0x00102648       0x48 C:/devkitPro/libctru/lib\libcitro3d.a(buffers.o)
                0x00102648                C3Di_BufInfoBind
 .text.C3D_DrawElements
                0x00102690      0x21c C:/devkitPro/libctru/lib\libcitro3d.a(drawElements.o)
                0x00102690                C3D_DrawElements
 .text.C3D_DepthMap
                0x001028ac       0x40 C:/devkitPro/libctru/lib\libcitro3d.a(effect.o)
                0x001028ac                C3D_DepthMap
 .text.C3D_CullFace
                0x001028ec       0x1c C:/devkitPro/libctru/lib\libcitro3d.a(effect.o)
                0x001028ec                C3D_CullFace
 .text.C3D_StencilTest
                0x00102908       0x40 C:/devkitPro/libctru/lib\libcitro3d.a(effect.o)
                0x00102908                C3D_StencilTest
 .text.C3D_StencilOp
                0x00102948       0x24 C:/devkitPro/libctru/lib\libcitro3d.a(effect.o)
                0x00102948                C3D_StencilOp
 .text.C3D_BlendingColor
                0x0010296c       0x1c C:/devkitPro/libctru/lib\libcitro3d.a(effect.o)
                0x0010296c                C3D_BlendingColor
 .text.C3D_EarlyDepthTest
                0x00102988       0x24 C:/devkitPro/libctru/lib\libcitro3d.a(effect.o)
                0x00102988                C3D_EarlyDepthTest
 .text.C3D_DepthTest
                0x001029ac       0x2c C:/devkitPro/libctru/lib\libcitro3d.a(effect.o)
                0x001029ac                C3D_DepthTest
 .text.C3D_AlphaTest
                0x001029d8       0x2c C:/devkitPro/libctru/lib\libcitro3d.a(effect.o)
                0x001029d8                C3D_AlphaTest
 .text.C3D_AlphaBlend
                0x00102a04       0x50 C:/devkitPro/libctru/lib\libcitro3d.a(effect.o)
                0x00102a04                C3D_AlphaBlend
 .text.C3D_FragOpMode
                0x00102a54       0x30 C:/devkitPro/libctru/lib\libcitro3d.a(effect.o)
                0x00102a54                C3D_FragOpMode
 .text.C3D_FragOpShadow
                0x00102a84       0x44 C:/devkitPro/libctru/lib\libcitro3d.a(effect.o)
                0x00102a84                C3D_FragOpShadow
 .text.C3Di_EffectBind
                0x00102ac8      0x1ac C:/devkitPro/libctru/lib\libcitro3d.a(effect.o)
                0x00102ac8                C3Di_EffectBind
 .text.C3D_CalcColorBufSize
                0x00102c74       0x1c C:/devkitPro/libctru/lib\libcitro3d.a(framebuffer.o)
                0x00102c74                C3D_CalcColorBufSize
 .text.C3D_CalcDepthBufSize
                0x00102c90       0x1c C:/devkitPro/libctru/lib\libcitro3d.a(framebuffer.o)
                0x00102c90                C3D_CalcDepthBufSize
 .text.C3D_SetFrameBuf
                0x00102cac       0x44 C:/devkitPro/libctru/lib\libcitro3d.a(framebuffer.o)
                0x00102cac                C3D_SetFrameBuf
 .text.C3Di_FrameBufBind
                0x00102cf0      0x16c C:/devkitPro/libctru/lib\libcitro3d.a(framebuffer.o)
                0x00102cf0                C3Di_FrameBufBind
 .text.C3D_FrameBufClear
                0x00102e5c       0xc8 C:/devkitPro/libctru/lib\libcitro3d.a(framebuffer.o)
                0x00102e5c                C3D_FrameBufClear
 .text.C3D_FrameBufTransfer
                0x00102f24       0x44 C:/devkitPro/libctru/lib\libcitro3d.a(framebuffer.o)
                0x00102f24                C3D_FrameBufTransfer
 .text.C3D_ImmSendAttrib
                0x00102f68       0xa8 C:/devkitPro/libctru/lib\libcitro3d.a(immediate.o)
                0x00102f68                C3D_ImmSendAttrib
 .text.C3D_ProcTexInit
                0x00103010       0x70 C:/devkitPro/libctru/lib\libcitro3d.a(proctex.o)
                0x00103010                C3D_ProcTexInit
 .text.C3D_ProcTexBind
                0x00103080       0x54 C:/devkitPro/libctru/lib\libcitro3d.a(proctex.o)
                0x00103080                C3D_ProcTexBind
 .text.C3D_ProcTexLutBind
                0x001030d4       0x5c C:/devkitPro/libctru/lib\libcitro3d.a(proctex.o)
                0x001030d4                C3D_ProcTexLutBind
 .text.ProcTexLut_FromArray
                0x00103130       0xa4 C:/devkitPro/libctru/lib\libcitro3d.a(proctex.o)
                0x00103130                ProcTexLut_FromArray
 .text.C3Di_ProcTexUpdate
                0x001031d4      0x178 C:/devkitPro/libctru/lib\libcitro3d.a(proctex.o)
                0x001031d4                C3Di_ProcTexUpdate
 .text.C3Di_ProcTexDirty
                0x0010334c       0x68 C:/devkitPro/libctru/lib\libcitro3d.a(proctex.o)
                0x0010334c                C3Di_ProcTexDirty
 .text.onVBlank0
                0x001033b4       0x4c C:/devkitPro/libctru/lib\libcitro3d.a(renderqueue.o)
 .text.onVBlank1
                0x00103400       0x4c C:/devkitPro/libctru/lib\libcitro3d.a(renderqueue.o)
 .text.C3Di_RenderTargetDestroy
                0x0010344c       0x80 C:/devkitPro/libctru/lib\libcitro3d.a(renderqueue.o)
 .text.onQueueFinish
                0x001034cc       0xf4 C:/devkitPro/libctru/lib\libcitro3d.a(renderqueue.o)
 .text.C3Di_RenderQueueEnableVBlank
                0x001035c0       0x38 C:/devkitPro/libctru/lib\libcitro3d.a(renderqueue.o)
                0x001035c0                C3Di_RenderQueueEnableVBlank
 .text.C3Di_RenderQueueDisableVBlank
                0x001035f8       0x30 C:/devkitPro/libctru/lib\libcitro3d.a(renderqueue.o)
                0x001035f8                C3Di_RenderQueueDisableVBlank
 .text.C3Di_RenderQueueInit
                0x00103628       0x60 C:/devkitPro/libctru/lib\libcitro3d.a(renderqueue.o)
                0x00103628                C3Di_RenderQueueInit
 .text.C3Di_RenderQueueExit
                0x00103688       0xb4 C:/devkitPro/libctru/lib\libcitro3d.a(renderqueue.o)
                0x00103688                C3Di_RenderQueueExit
 .text.C3Di_RenderQueueWaitDone
                0x0010373c       0x34 C:/devkitPro/libctru/lib\libcitro3d.a(renderqueue.o)
                0x0010373c                C3Di_RenderQueueWaitDone
 .text.C3D_FrameBegin
                0x00103770       0xe8 C:/devkitPro/libctru/lib\libcitro3d.a(renderqueue.o)
                0x00103770                C3D_FrameBegin
 .text.C3D_FrameDrawOn
                0x00103858       0x48 C:/devkitPro/libctru/lib\libcitro3d.a(renderqueue.o)
                0x00103858                C3D_FrameDrawOn
 .text.C3D_FrameSplit
                0x001038a0       0x58 C:/devkitPro/libctru/lib\libcitro3d.a(renderqueue.o)
                0x001038a0                C3D_FrameSplit
 .text.C3D_FrameEnd
                0x001038f8      0x1d0 C:/devkitPro/libctru/lib\libcitro3d.a(renderqueue.o)
                0x001038f8                C3D_FrameEnd
 .text.C3D_FrameEndHook
                0x00103ac8       0x1c C:/devkitPro/libctru/lib\libcitro3d.a(renderqueue.o)
                0x00103ac8                C3D_FrameEndHook
 .text.C3D_RenderTargetCreate
                0x00103ae4      0x170 C:/devkitPro/libctru/lib\libcitro3d.a(renderqueue.o)
                0x00103ae4                C3D_RenderTargetCreate
 .text.C3D_RenderTargetSetOutput
                0x00103c54       0xa8 C:/devkitPro/libctru/lib\libcitro3d.a(renderqueue.o)
                0x00103c54                C3D_RenderTargetSetOutput
 .text.C3D_GetTexEnv
                0x00103cfc       0x34 C:/devkitPro/libctru/lib\libcitro3d.a(texenv.o)
                0x00103cfc                C3D_GetTexEnv
 .text.C3Di_TexEnvBind
                0x00103d30       0x24 C:/devkitPro/libctru/lib\libcitro3d.a(texenv.o)
                0x00103d30                C3Di_TexEnvBind
 .text.C3D_TexBind
                0x00103d54       0x44 C:/devkitPro/libctru/lib\libcitro3d.a(texture.o)
                0x00103d54                C3D_TexBind
 .text.C3Di_SetTex
                0x00103d98      0x14c C:/devkitPro/libctru/lib\libcitro3d.a(texture.o)
                0x00103d98                C3Di_SetTex
 .text.C3D_UpdateUniforms
                0x00103ee4      0x290 C:/devkitPro/libctru/lib\libcitro3d.a(uniforms.o)
                0x00103ee4                C3D_UpdateUniforms
 .text.C3Di_DirtyUniforms
                0x00104174       0xc0 C:/devkitPro/libctru/lib\libcitro3d.a(uniforms.o)
                0x00104174                C3Di_DirtyUniforms
 .text.C3Di_LoadShaderUniforms
                0x00104234       0xd8 C:/devkitPro/libctru/lib\libcitro3d.a(uniforms.o)
                0x00104234                C3Di_LoadShaderUniforms
 .text.C3Di_ClearShaderUniforms
                0x0010430c       0x28 C:/devkitPro/libctru/lib\libcitro3d.a(uniforms.o)
                0x0010430c                C3Di_ClearShaderUniforms
 .text.Mtx_Ortho
                0x00104334       0xcc C:/devkitPro/libctru/lib\libcitro3d.a(mtx_ortho.o)
                0x00104334                Mtx_Ortho
 .text.Mtx_OrthoTilt
                0x00104400       0xcc C:/devkitPro/libctru/lib\libcitro3d.a(mtx_orthotilt.o)
                0x00104400                Mtx_OrthoTilt
 .text._ZL21addrMapNodeComparatorPK11rbtree_nodeS1_
                0x001044cc       0x24 C:/devkitPro/libctru/lib\libctru.a(linear.o)
 .text._ZL21addrMapNodeDestructorP11rbtree_node
                0x001044f0        0x4 C:/devkitPro/libctru/lib\libctru.a(linear.o)
 .text.linearMemAlign
                0x001044f4      0x120 C:/devkitPro/libctru/lib\libctru.a(linear.o)
                0x001044f4                linearMemAlign
 .text.linearAlloc
                0x00104614        0x8 C:/devkitPro/libctru/lib\libctru.a(linear.o)
                0x00104614                linearAlloc
 .text.linearFree
                0x0010461c       0x5c C:/devkitPro/libctru/lib\libctru.a(linear.o)
                0x0010461c                linearFree
 .text._ZN7MemPool13CoalesceRightEP8MemBlock
                0x00104678       0x84 C:/devkitPro/libctru/lib\libctru.a(mem_pool.o)
                0x00104678                MemPool::CoalesceRight(MemBlock*)
 .text._ZN7MemPool8AllocateER8MemChunkmi
                0x001046fc      0x150 C:/devkitPro/libctru/lib\libctru.a(mem_pool.o)
                0x001046fc                MemPool::Allocate(MemChunk&, unsigned long, int)
 .text._ZN7MemPool10DeallocateERK8MemChunk
                0x0010484c       0xfc C:/devkitPro/libctru/lib\libctru.a(mem_pool.o)
                0x0010484c                MemPool::Deallocate(MemChunk const&)
 .text._ZN7MemPool12GetFreeSpaceEv
                0x00104948       0x30 C:/devkitPro/libctru/lib\libctru.a(mem_pool.o)
                0x00104948                MemPool::GetFreeSpace()
 .text._ZL21addrMapNodeComparatorPK11rbtree_nodeS1_
                0x00104978       0x24 C:/devkitPro/libctru/lib\libctru.a(vram.o)
 .text._ZL21addrMapNodeDestructorP11rbtree_node
                0x0010499c        0x4 C:/devkitPro/libctru/lib\libctru.a(vram.o)
 .text.vramMemAlignAt
                0x001049a0      0x244 C:/devkitPro/libctru/lib\libctru.a(vram.o)
                0x001049a0                vramMemAlignAt
 .text.vramAlloc
                0x00104be4        0xc C:/devkitPro/libctru/lib\libctru.a(vram.o)
                0x00104be4                vramAlloc
 .text.vramAllocAt
                0x00104bf0        0xc C:/devkitPro/libctru/lib\libctru.a(vram.o)
                0x00104bf0                vramAllocAt
 .text.vramFree
                0x00104bfc       0x90 C:/devkitPro/libctru/lib\libctru.a(vram.o)
                0x00104bfc                vramFree
 .text.gfxPresentFramebuffer
                0x00104c8c       0xd0 C:/devkitPro/libctru/lib\libctru.a(gfx.o)
 .text.gfxIsWide
                0x00104d5c       0x1c C:/devkitPro/libctru/lib\libctru.a(gfx.o)
                0x00104d5c                gfxIsWide
 .text.gfxSetScreenFormat
                0x00104d78       0xec C:/devkitPro/libctru/lib\libctru.a(gfx.o)
                0x00104d78                gfxSetScreenFormat
 .text.gfxInit  0x00104e64       0xd8 C:/devkitPro/libctru/lib\libctru.a(gfx.o)
                0x00104e64                gfxInit
 .text.gfxInitDefault
                0x00104f3c       0x10 C:/devkitPro/libctru/lib\libctru.a(gfx.o)
                0x00104f3c                gfxInitDefault
 .text.gfxExit  0x00104f4c       0xb4 C:/devkitPro/libctru/lib\libctru.a(gfx.o)
                0x00104f4c                gfxExit
 .text.gfxGetFramebuffer
                0x00105000       0xa0 C:/devkitPro/libctru/lib\libctru.a(gfx.o)
                0x00105000                gfxGetFramebuffer
 .text.gfxScreenSwapBuffers
                0x001050a0       0x30 C:/devkitPro/libctru/lib\libctru.a(gfx.o)
                0x001050a0                gfxScreenSwapBuffers
 .text.osConvertVirtToPhys
                0x001050d0       0x74 C:/devkitPro/libctru/lib\libctru.a(os.o)
                0x001050d0                osConvertVirtToPhys
 .text.__ctru_speedup_config
                0x00105144       0x34 C:/devkitPro/libctru/lib\libctru.a(os.o)
                0x00105144                __ctru_speedup_config
 .text.GPUCMD_Add
                0x00105178      0x13c C:/devkitPro/libctru/lib\libctru.a(gpu.o)
                0x00105178                GPUCMD_Add
 .text.GPUCMD_Split
                0x001052b4       0xb0 C:/devkitPro/libctru/lib\libctru.a(gpu.o)
                0x001052b4                GPUCMD_Split
 .text.f32tof16
                0x00105364       0x34 C:/devkitPro/libctru/lib\libctru.a(gpu.o)
                0x00105364                f32tof16
 .text.f32tof24
                0x00105398       0x34 C:/devkitPro/libctru/lib\libctru.a(gpu.o)
                0x00105398                f32tof24
 .text.f32tof31
                0x001053cc       0x38 C:/devkitPro/libctru/lib\libctru.a(gpu.o)
                0x001053cc                f32tof31
 .text.GX_BindQueue
                0x00105404       0x10 C:/devkitPro/libctru/lib\libctru.a(gx.o)
                0x00105404                GX_BindQueue
 .text.GX_ProcessCommandList
                0x00105414       0x78 C:/devkitPro/libctru/lib\libctru.a(gx.o)
                0x00105414                GX_ProcessCommandList
 .text.GX_MemoryFill
                0x0010548c       0x74 C:/devkitPro/libctru/lib\libctru.a(gx.o)
                0x0010548c                GX_MemoryFill
 .text.GX_DisplayTransfer
                0x00105500       0x70 C:/devkitPro/libctru/lib\libctru.a(gx.o)
                0x00105500                GX_DisplayTransfer
 .text.gxCmdQueueDoCommands.part.0
                0x00105570       0x68 C:/devkitPro/libctru/lib\libctru.a(gxqueue.o)
 .text.gxCmdQueueInterrupt
                0x001055d8       0xc8 C:/devkitPro/libctru/lib\libctru.a(gxqueue.o)
                0x001055d8                gxCmdQueueInterrupt
 .text.gxCmdQueueClear
                0x001056a0       0x4c C:/devkitPro/libctru/lib\libctru.a(gxqueue.o)
                0x001056a0                gxCmdQueueClear
 .text.gxCmdQueueAdd
                0x001056ec       0xf8 C:/devkitPro/libctru/lib\libctru.a(gxqueue.o)
                0x001056ec                gxCmdQueueAdd
 .text.gxCmdQueueRun
                0x001057e4       0x80 C:/devkitPro/libctru/lib\libctru.a(gxqueue.o)
                0x001057e4                gxCmdQueueRun
 .text.gxCmdQueueStop
                0x00105864       0x60 C:/devkitPro/libctru/lib\libctru.a(gxqueue.o)
                0x00105864                gxCmdQueueStop
 .text.gxCmdQueueWait
                0x001058c4       0x8c C:/devkitPro/libctru/lib\libctru.a(gxqueue.o)
                0x001058c4                gxCmdQueueWait
 .text.shaderInstanceInit
                0x00105950      0x1d0 C:/devkitPro/libctru/lib\libctru.a(shaderProgram.o)
                0x00105950                shaderInstanceInit
 .text.shaderInstanceGetUniformLocation
                0x00105b20       0x18 C:/devkitPro/libctru/lib\libctru.a(shaderProgram.o)
                0x00105b20                shaderInstanceGetUniformLocation
 .text.shaderProgramInit
                0x00105b38       0x1c C:/devkitPro/libctru/lib\libctru.a(shaderProgram.o)
                0x00105b38                shaderProgramInit
 .text.shaderProgramFree
                0x00105b54       0x64 C:/devkitPro/libctru/lib\libctru.a(shaderProgram.o)
                0x00105b54                shaderProgramFree
 .text.shaderProgramSetVsh
                0x00105bb8       0x80 C:/devkitPro/libctru/lib\libctru.a(shaderProgram.o)
                0x00105bb8                shaderProgramSetVsh
 .text.shaderProgramConfigure
                0x00105c38      0x8d0 C:/devkitPro/libctru/lib\libctru.a(shaderProgram.o)
                0x00105c38                shaderProgramConfigure
 .text.DVLE_GenerateOutmap.part.0
                0x00106508      0x1dc C:/devkitPro/libctru/lib\libctru.a(shbin.o)
 .text.DVLB_ParseFile
                0x001066e4      0x1b0 C:/devkitPro/libctru/lib\libctru.a(shbin.o)
                0x001066e4                DVLB_ParseFile
 .text.DVLB_Free
                0x00106894       0x38 C:/devkitPro/libctru/lib\libctru.a(shbin.o)
                0x00106894                DVLB_Free
 .text.DVLE_GetUniformRegister
                0x001068cc       0x74 C:/devkitPro/libctru/lib\libctru.a(shbin.o)
                0x001068cc                DVLE_GetUniformRegister
 .text.aptConvertScreenForCapture
                0x00106940      0x1b0 C:/devkitPro/libctru/lib\libctru.a(apt.o)
 .text.aptDspSleep
                0x00106af0        0x8 C:/devkitPro/libctru/lib\libctru.a(apt.o)
                0x00106af0                aptDspSleep
 .text.aptDspWakeup
                0x00106af8        0x4 C:/devkitPro/libctru/lib\libctru.a(apt.o)
                0x00106af8                aptDspWakeup
 .text.aptDspCancel
                0x00106afc        0x4 C:/devkitPro/libctru/lib\libctru.a(apt.o)
                0x00106afc                aptDspCancel
 .text.aptSendCommand
                0x00106b00      0x158 C:/devkitPro/libctru/lib\libctru.a(apt.o)
                0x00106b00                aptSendCommand
 .text.aptExitProcess
                0x00106c58       0x44 C:/devkitPro/libctru/lib\libctru.a(apt.o)
 .text.aptExit  0x00106c9c      0x380 C:/devkitPro/libctru/lib\libctru.a(apt.o)
                0x00106c9c                aptExit
 .text.aptHandleSleep
                0x0010701c       0xd8 C:/devkitPro/libctru/lib\libctru.a(apt.o)
                0x0010701c                aptHandleSleep
 .text.aptHook  0x001070f4       0x30 C:/devkitPro/libctru/lib\libctru.a(apt.o)
                0x001070f4                aptHook
 .text.aptUnhook
                0x00107124       0x30 C:/devkitPro/libctru/lib\libctru.a(apt.o)
                0x00107124                aptUnhook
 .text.APT_SleepIfShellClosed
                0x00107154       0x84 C:/devkitPro/libctru/lib\libctru.a(apt.o)
                0x00107154                APT_SleepIfShellClosed
 .text.aptSetSleepAllowed
                0x001071d8       0x78 C:/devkitPro/libctru/lib\libctru.a(apt.o)
                0x001071d8                aptSetSleepAllowed
 .text.APT_UnlockTransition
                0x00107250       0x84 C:/devkitPro/libctru/lib\libctru.a(apt.o)
                0x00107250                APT_UnlockTransition
 *fill*         0x001072d4        0x4 
 .text.aptEventHandler
                0x001072d8      0x478 C:/devkitPro/libctru/lib\libctru.a(apt.o)
 .text.APT_ReceiveParameter
                0x00107750       0xb0 C:/devkitPro/libctru/lib\libctru.a(apt.o)
                0x00107750                APT_ReceiveParameter
 .text.aptReceiveParameter.constprop.0
                0x00107800       0xac C:/devkitPro/libctru/lib\libctru.a(apt.o)
 *fill*         0x001078ac        0x4 
 .text.aptScreenTransfer
                0x001078b0      0x294 C:/devkitPro/libctru/lib\libctru.a(apt.o)
 .text.aptWaitForWakeUp.isra.0
                0x00107b44      0x2c8 C:/devkitPro/libctru/lib\libctru.a(apt.o)
 .text.aptJumpToHomeMenu
                0x00107e0c       0xf4 C:/devkitPro/libctru/lib\libctru.a(apt.o)
                0x00107e0c                aptJumpToHomeMenu
 .text.aptMainLoop
                0x00107f00       0x48 C:/devkitPro/libctru/lib\libctru.a(apt.o)
                0x00107f00                aptMainLoop
 .text.aptInit  0x00107f48      0x22c C:/devkitPro/libctru/lib\libctru.a(apt.o)
                0x00107f48                aptInit
 .text.APT_CheckNew3DS
                0x00108174       0x7c C:/devkitPro/libctru/lib\libctru.a(apt.o)
                0x00108174                APT_CheckNew3DS
 .text.gspHardwareInit
                0x001081f0      0xc70 C:/devkitPro/libctru/lib\libctru.a(gspgpu.o)
 .text.gspInit  0x00108e60      0x248 C:/devkitPro/libctru/lib\libctru.a(gspgpu.o)
                0x00108e60                gspInit
 .text.gspExit  0x001090a8       0xe4 C:/devkitPro/libctru/lib\libctru.a(gspgpu.o)
                0x001090a8                gspExit
 .text.gspHasGpuRight
                0x0010918c       0x10 C:/devkitPro/libctru/lib\libctru.a(gspgpu.o)
                0x0010918c                gspHasGpuRight
 .text.gspPresentBuffer
                0x0010919c       0xa0 C:/devkitPro/libctru/lib\libctru.a(gspgpu.o)
                0x0010919c                gspPresentBuffer
 .text.gspSetEventCallback
                0x0010923c       0x30 C:/devkitPro/libctru/lib\libctru.a(gspgpu.o)
                0x0010923c                gspSetEventCallback
 .text.gspWaitForEvent
                0x0010926c       0x44 C:/devkitPro/libctru/lib\libctru.a(gspgpu.o)
                0x0010926c                gspWaitForEvent
 .text.gspWaitForAnyEvent
                0x001092b0       0x4c C:/devkitPro/libctru/lib\libctru.a(gspgpu.o)
                0x001092b0                gspWaitForAnyEvent
 .text.gspEventThreadMain
                0x001092fc      0x160 C:/devkitPro/libctru/lib\libctru.a(gspgpu.o)
 .text.gspSubmitGxCommand
                0x0010945c      0x130 C:/devkitPro/libctru/lib\libctru.a(gspgpu.o)
                0x0010945c                gspSubmitGxCommand
 .text.GSPGPU_FlushDataCache
                0x0010958c       0x50 C:/devkitPro/libctru/lib\libctru.a(gspgpu.o)
                0x0010958c                GSPGPU_FlushDataCache
 .text.GSPGPU_SetLcdForceBlack
                0x001095dc       0x34 C:/devkitPro/libctru/lib\libctru.a(gspgpu.o)
                0x001095dc                GSPGPU_SetLcdForceBlack
 .text.GSPGPU_AcquireRight
                0x00109610       0x68 C:/devkitPro/libctru/lib\libctru.a(gspgpu.o)
                0x00109610                GSPGPU_AcquireRight
 .text.GSPGPU_ReleaseRight
                0x00109678       0x48 C:/devkitPro/libctru/lib\libctru.a(gspgpu.o)
                0x00109678                GSPGPU_ReleaseRight
 .text.GSPGPU_ImportDisplayCaptureInfo
                0x001096c0       0x7c C:/devkitPro/libctru/lib\libctru.a(gspgpu.o)
                0x001096c0                GSPGPU_ImportDisplayCaptureInfo
 .text.GSPGPU_SaveVramSysArea
                0x0010973c       0x2c C:/devkitPro/libctru/lib\libctru.a(gspgpu.o)
                0x0010973c                GSPGPU_SaveVramSysArea
 .text.GSPGPU_RestoreVramSysArea
                0x00109768       0x2c C:/devkitPro/libctru/lib\libctru.a(gspgpu.o)
                0x00109768                GSPGPU_RestoreVramSysArea
 .text.hidShouldUseIrrst
                0x00109794       0x24 C:/devkitPro/libctru/lib\libctru.a(hid.o)
                0x00109794                hidShouldUseIrrst
 .text.hidInit  0x001097b8      0x18c C:/devkitPro/libctru/lib\libctru.a(hid.o)
                0x001097b8                hidInit
 .text.hidExit  0x00109944       0xe8 C:/devkitPro/libctru/lib\libctru.a(hid.o)
                0x00109944                hidExit
 .text.hidScanInput
                0x00109a2c      0x2a4 C:/devkitPro/libctru/lib\libctru.a(hid.o)
                0x00109a2c                hidScanInput
 .text.hidKeysHeld
                0x00109cd0       0x10 C:/devkitPro/libctru/lib\libctru.a(hid.o)
                0x00109cd0                hidKeysHeld
 .text.hidKeysDown
                0x00109ce0       0x10 C:/devkitPro/libctru/lib\libctru.a(hid.o)
                0x00109ce0                hidKeysDown
 .text.hidKeysUp
                0x00109cf0       0x10 C:/devkitPro/libctru/lib\libctru.a(hid.o)
                0x00109cf0                hidKeysUp
 .text.hidCircleRead
                0x00109d00       0x18 C:/devkitPro/libctru/lib\libctru.a(hid.o)
                0x00109d00                hidCircleRead
 .text.irrstInit
                0x00109d18      0x160 C:/devkitPro/libctru/lib\libctru.a(irrst.o)
                0x00109d18                irrstInit
 .text.irrstExit
                0x00109e78       0xcc C:/devkitPro/libctru/lib\libctru.a(irrst.o)
                0x00109e78                irrstExit
 .text.irrstScanInput
                0x00109f44       0xb4 C:/devkitPro/libctru/lib\libctru.a(irrst.o)
                0x00109f44                irrstScanInput
 .text.irrstKeysHeld
                0x00109ff8       0x24 C:/devkitPro/libctru/lib\libctru.a(irrst.o)
                0x00109ff8                irrstKeysHeld
 .text.ptmSysmInit
                0x0010a01c       0x74 C:/devkitPro/libctru/lib\libctru.a(ptmsysm.o)
                0x0010a01c                ptmSysmInit
 .text.ptmSysmExit
                0x0010a090       0x3c C:/devkitPro/libctru/lib\libctru.a(ptmsysm.o)
                0x0010a090                ptmSysmExit
 .text.PTMSYSM_ConfigureNew3DSCPU
                0x0010a0cc       0x34 C:/devkitPro/libctru/lib\libctru.a(ptmsysm.o)
                0x0010a0cc                PTMSYSM_ConfigureNew3DSCPU
 .text.rbtree_find
                0x0010a100       0x74 C:/devkitPro/libctru/lib\libctru.a(rbtree_find.o)
                0x0010a100                rbtree_find
 .text.rbtree_init
                0x0010a174       0x10 C:/devkitPro/libctru/lib\libctru.a(rbtree_init.o)
                0x0010a174                rbtree_init
 .text.do_insert
                0x0010a184      0x19c C:/devkitPro/libctru/lib\libctru.a(rbtree_insert.o)
 .text.rbtree_insert
                0x0010a320        0x8 C:/devkitPro/libctru/lib\libctru.a(rbtree_insert.o)
                0x0010a320                rbtree_insert
 .text.rbtree_remove
                0x0010a328      0x310 C:/devkitPro/libctru/lib\libctru.a(rbtree_remove.o)
                0x0010a328                rbtree_remove
 .text.rbtree_rotate
                0x0010a638       0x90 C:/devkitPro/libctru/lib\libctru.a(rbtree_rotate.o)
                0x0010a638                rbtree_rotate
 .text.__system_allocateHeaps
                0x0010a6c8      0x1e0 C:/devkitPro/libctru/lib\libctru.a(allocateHeaps.o)
                0x0010a6c8                __system_allocateHeaps
 .text.__libctru_init
                0x0010a8a8       0x38 C:/devkitPro/libctru/lib\libctru.a(ctru_init.o)
                0x0010a8a8                __libctru_init
 .text.__system_initArgv
                0x0010a8e0      0x160 C:/devkitPro/libctru/lib\libctru.a(initArgv.o)
                0x0010a8e0                __system_initArgv
 .text.__syscall_getreent
                0x0010aa40       0x30 C:/devkitPro/libctru/lib\libctru.a(syscalls.o)
                0x0010aa40                __syscall_getreent
 .text.__syscall_lock_acquire
                0x0010aa70        0x4 C:/devkitPro/libctru/lib\libctru.a(syscalls.o)
                0x0010aa70                __syscall_lock_acquire
 .text.__syscall_lock_release
                0x0010aa74        0x4 C:/devkitPro/libctru/lib\libctru.a(syscalls.o)
                0x0010aa74                __syscall_lock_release
 .text.__syscall_lock_acquire_recursive
                0x0010aa78        0x4 C:/devkitPro/libctru/lib\libctru.a(syscalls.o)
                0x0010aa78                __syscall_lock_acquire_recursive
 .text.__syscall_lock_release_recursive
                0x0010aa7c        0x4 C:/devkitPro/libctru/lib\libctru.a(syscalls.o)
                0x0010aa7c                __syscall_lock_release_recursive
 .text.__syscall_exit
                0x0010aa80        0x4 C:/devkitPro/libctru/lib\libctru.a(syscalls.o)
                0x0010aa80                __syscall_exit
 .text.initThreadVars
                0x0010aa84       0x50 C:/devkitPro/libctru/lib\libctru.a(syscalls.o)
                0x0010aa84                initThreadVars
 .text.__system_initSyscalls
                0x0010aad4       0x80 C:/devkitPro/libctru/lib\libctru.a(syscalls.o)
                0x0010aad4                __system_initSyscalls
 .text.svcControlMemory
                0x0010ab54       0x20 C:/devkitPro/libctru/lib\libctru.a(svc.o)
                0x0010ab54                svcControlMemory
 .text.svcQueryMemory
                0x0010ab74       0x30 C:/devkitPro/libctru/lib\libctru.a(svc.o)
                0x0010ab74                svcQueryMemory
 .text.svcExitProcess
                0x0010aba4        0x8 C:/devkitPro/libctru/lib\libctru.a(svc.o)
                0x0010aba4                svcExitProcess
 .text.svcCreateThread
                0x0010abac       0x20 C:/devkitPro/libctru/lib\libctru.a(svc.o)
                0x0010abac                svcCreateThread
 .text.svcExitThread
                0x0010abcc        0x8 C:/devkitPro/libctru/lib\libctru.a(svc.o)
                0x0010abcc                svcExitThread
 .text.svcSleepThread
                0x0010abd4        0x8 C:/devkitPro/libctru/lib\libctru.a(svc.o)
                0x0010abd4                svcSleepThread
 .text.svcReleaseMutex
                0x0010abdc        0x8 C:/devkitPro/libctru/lib\libctru.a(svc.o)
                0x0010abdc                svcReleaseMutex
 .text.svcCreateEvent
                0x0010abe4       0x14 C:/devkitPro/libctru/lib\libctru.a(svc.o)
                0x0010abe4                svcCreateEvent
 .text.svcSignalEvent
                0x0010abf8        0x8 C:/devkitPro/libctru/lib\libctru.a(svc.o)
                0x0010abf8                svcSignalEvent
 .text.svcClearEvent
                0x0010ac00        0x8 C:/devkitPro/libctru/lib\libctru.a(svc.o)
                0x0010ac00                svcClearEvent
 .text.svcMapMemoryBlock
                0x0010ac08        0x8 C:/devkitPro/libctru/lib\libctru.a(svc.o)
                0x0010ac08                svcMapMemoryBlock
 .text.svcUnmapMemoryBlock
                0x0010ac10        0x8 C:/devkitPro/libctru/lib\libctru.a(svc.o)
                0x0010ac10                svcUnmapMemoryBlock
 .text.svcCreateAddressArbiter
                0x0010ac18       0x14 C:/devkitPro/libctru/lib\libctru.a(svc.o)
                0x0010ac18                svcCreateAddressArbiter
 .text.svcArbitrateAddressNoTimeout
                0x0010ac2c        0x8 C:/devkitPro/libctru/lib\libctru.a(svc.o)
                0x0010ac2c                svcArbitrateAddressNoTimeout
 .text.svcCloseHandle
                0x0010ac34        0x8 C:/devkitPro/libctru/lib\libctru.a(svc.o)
                0x0010ac34                svcCloseHandle
 .text.svcWaitSynchronization
                0x0010ac3c        0x8 C:/devkitPro/libctru/lib\libctru.a(svc.o)
                0x0010ac3c                svcWaitSynchronization
 .text.svcWaitSynchronizationN
                0x0010ac44       0x28 C:/devkitPro/libctru/lib\libctru.a(svc.o)
                0x0010ac44                svcWaitSynchronizationN
 .text.svcDuplicateHandle
                0x0010ac6c       0x14 C:/devkitPro/libctru/lib\libctru.a(svc.o)
                0x0010ac6c                svcDuplicateHandle
 .text.svcGetSystemTick
                0x0010ac80        0x8 C:/devkitPro/libctru/lib\libctru.a(svc.o)
                0x0010ac80                svcGetSystemTick
 .text.svcConnectToPort
                0x0010ac88       0x14 C:/devkitPro/libctru/lib\libctru.a(svc.o)
                0x0010ac88                svcConnectToPort
 .text.svcSendSyncRequest
                0x0010ac9c        0x8 C:/devkitPro/libctru/lib\libctru.a(svc.o)
                0x0010ac9c                svcSendSyncRequest
 .text.svcGetResourceLimit
                0x0010aca4       0x14 C:/devkitPro/libctru/lib\libctru.a(svc.o)
                0x0010aca4                svcGetResourceLimit
 .text.svcGetResourceLimitLimitValues
                0x0010acb8        0x8 C:/devkitPro/libctru/lib\libctru.a(svc.o)
                0x0010acb8                svcGetResourceLimitLimitValues
 .text.svcGetResourceLimitCurrentValues
                0x0010acc0        0x8 C:/devkitPro/libctru/lib\libctru.a(svc.o)
                0x0010acc0                svcGetResourceLimitCurrentValues
 .text.svcBreak
                0x0010acc8        0x8 C:/devkitPro/libctru/lib\libctru.a(svc.o)
                0x0010acc8                svcBreak
 .text.initSystem
                0x0010acd0       0x50 C:/devkitPro/libctru/lib\libctru.a(stack_adjust.o)
                0x0010acd0                initSystem
 .text.__ctru_exit
                0x0010ad20       0x14 C:/devkitPro/libctru/lib\libctru.a(stack_adjust.o)
                0x0010ad20                __ctru_exit
 .text.envGetHandle
                0x0010ad34       0x84 C:/devkitPro/libctru/lib\libctru.a(env.o)
                0x0010ad34                envGetHandle
 .text.envDestroyHandles
                0x0010adb8       0x50 C:/devkitPro/libctru/lib\libctru.a(env.o)
                0x0010adb8                envDestroyHandles
 .text.srvInit  0x0010ae08      0x12c C:/devkitPro/libctru/lib\libctru.a(srv.o)
                0x0010ae08                srvInit
 .text.srvExit  0x0010af34       0x58 C:/devkitPro/libctru/lib\libctru.a(srv.o)
                0x0010af34                srvExit
 .text.srvEnableNotification
                0x0010af8c       0x60 C:/devkitPro/libctru/lib\libctru.a(srv.o)
                0x0010af8c                srvEnableNotification
 .text.srvGetServiceHandleDirect
                0x0010afec       0xa0 C:/devkitPro/libctru/lib\libctru.a(srv.o)
                0x0010afec                srvGetServiceHandleDirect
 .text.srvGetServiceHandle
                0x0010b08c       0x38 C:/devkitPro/libctru/lib\libctru.a(srv.o)
                0x0010b08c                srvGetServiceHandle
 .text.srvSubscribe
                0x0010b0c4       0x34 C:/devkitPro/libctru/lib\libctru.a(srv.o)
                0x0010b0c4                srvSubscribe
 .text.srvReceiveNotification
                0x0010b0f8       0x60 C:/devkitPro/libctru/lib\libctru.a(srv.o)
                0x0010b0f8                srvReceiveNotification
 .text.srvPublishToSubscriber
                0x0010b158       0x38 C:/devkitPro/libctru/lib\libctru.a(srv.o)
                0x0010b158                srvPublishToSubscriber
 .text.__sync_init
                0x0010b190        0xc C:/devkitPro/libctru/lib\libctru.a(synchronization.o)
                0x0010b190                __sync_init
 .text.__sync_fini
                0x0010b19c       0x18 C:/devkitPro/libctru/lib\libctru.a(synchronization.o)
                0x0010b19c                __sync_fini
 .text.syncArbitrateAddress
                0x0010b1b4       0x2c C:/devkitPro/libctru/lib\libctru.a(synchronization.o)
                0x0010b1b4                syncArbitrateAddress
 .text.LightLock_Lock
                0x0010b1e0       0xb0 C:/devkitPro/libctru/lib\libctru.a(synchronization.o)
                0x0010b1e0                LightLock_Lock
 .text.LightLock_Unlock
                0x0010b290       0x40 C:/devkitPro/libctru/lib\libctru.a(synchronization.o)
                0x0010b290                LightLock_Unlock
 .text.RecursiveLock_Lock
                0x0010b2d0       0x30 C:/devkitPro/libctru/lib\libctru.a(synchronization.o)
                0x0010b2d0                RecursiveLock_Lock
 .text.RecursiveLock_Unlock
                0x0010b300       0x54 C:/devkitPro/libctru/lib\libctru.a(synchronization.o)
                0x0010b300                RecursiveLock_Unlock
 .text.LightEvent_Init
                0x0010b354       0x40 C:/devkitPro/libctru/lib\libctru.a(synchronization.o)
                0x0010b354                LightEvent_Init
 .text.LightEvent_Clear
                0x0010b394       0xa4 C:/devkitPro/libctru/lib\libctru.a(synchronization.o)
                0x0010b394                LightEvent_Clear
 .text.LightEvent_Signal
                0x0010b438       0xc8 C:/devkitPro/libctru/lib\libctru.a(synchronization.o)
                0x0010b438                LightEvent_Signal
 .text.LightEvent_TryWait
                0x0010b500       0x50 C:/devkitPro/libctru/lib\libctru.a(synchronization.o)
                0x0010b500                LightEvent_TryWait
 .text.LightEvent_Wait
                0x0010b550       0xa0 C:/devkitPro/libctru/lib\libctru.a(synchronization.o)
                0x0010b550                LightEvent_Wait
 .text.threadCreate
                0x0010b5f0      0x1d4 C:/devkitPro/libctru/lib\libctru.a(thread.o)
                0x0010b5f0                threadCreate
 .text.threadFree
                0x0010b7c4       0x2c C:/devkitPro/libctru/lib\libctru.a(thread.o)
                0x0010b7c4                threadFree
 .text.threadJoin
                0x0010b7f0       0x24 C:/devkitPro/libctru/lib\libctru.a(thread.o)
                0x0010b7f0                threadJoin
 .text.threadGetCurrent
                0x0010b814       0x30 C:/devkitPro/libctru/lib\libctru.a(thread.o)
                0x0010b814                threadGetCurrent
 .text.threadExit
                0x0010b844       0x40 C:/devkitPro/libctru/lib\libctru.a(thread.o)
                0x0010b844                threadExit
 .text._thread_begin
                0x0010b884       0x20 C:/devkitPro/libctru/lib\libctru.a(thread.o)
 .text.mappableFindAddressWithin
                0x0010b8a4       0x90 C:/devkitPro/libctru/lib\libctru.a(mappable.o)
 .text.mappableInit
                0x0010b934       0x28 C:/devkitPro/libctru/lib\libctru.a(mappable.o)
                0x0010b934                mappableInit
 .text.mappableAlloc
                0x0010b95c       0x80 C:/devkitPro/libctru/lib\libctru.a(mappable.o)
                0x0010b95c                mappableAlloc
 .text.mappableFree
                0x0010b9dc        0x4 C:/devkitPro/libctru/lib\libctru.a(mappable.o)
                0x0010b9dc                mappableFree
 .text.srvPmGetSessionHandle
                0x0010b9e0        0xc C:/devkitPro/libctru/lib\libctru.a(srvpm.o)
                0x0010b9e0                srvPmGetSessionHandle
 .text.rbtree_node_next
                0x0010b9ec       0x5c C:/devkitPro/libctru/lib\libctru.a(rbtree_iterator.o)
                0x0010b9ec                rbtree_node_next
 .text.__appExit
                0x0010ba48       0x30 C:/devkitPro/libctru/lib\libctru.a(appExit.o)
                0x0010ba48                __appExit
 .text.__appInit
                0x0010ba78       0x30 C:/devkitPro/libctru/lib\libctru.a(appInit.o)
                0x0010ba78                __appInit
 .text.__libctru_exit
                0x0010baa8       0x90 C:/devkitPro/libctru/lib\libctru.a(ctru_exit.o)
                0x0010baa8                __libctru_exit
 .text.archive_link
                0x0010bb38       0x14 C:/devkitPro/libctru/lib\libctru.a(archive_dev.o)
 .text.archive_dirreset
                0x0010bb4c       0x14 C:/devkitPro/libctru/lib\libctru.a(archive_dev.o)
 .text.archive_chmod
                0x0010bb60       0x14 C:/devkitPro/libctru/lib\libctru.a(archive_dev.o)
 .text.error_cmp
                0x0010bb74       0x24 C:/devkitPro/libctru/lib\libctru.a(archive_dev.o)
 .text.archive_translate_error
                0x0010bb98       0x50 C:/devkitPro/libctru/lib\libctru.a(archive_dev.o)
 .text.archive_seek
                0x0010bbe8       0xc4 C:/devkitPro/libctru/lib\libctru.a(archive_dev.o)
 .text._archiveInit.part.0
                0x0010bcac       0x78 C:/devkitPro/libctru/lib\libctru.a(archive_dev.o)
 .text.archiveFindDevice.part.0
                0x0010bd24       0xc4 C:/devkitPro/libctru/lib\libctru.a(archive_dev.o)
 .text.archive_utf16path
                0x0010bde8      0x290 C:/devkitPro/libctru/lib\libctru.a(archive_dev.o)
 .text._archiveUnmountDeviceStruct.part.0
                0x0010c078       0x9c C:/devkitPro/libctru/lib\libctru.a(archive_dev.o)
 .text.archive_statvfs
                0x0010c114       0x14 C:/devkitPro/libctru/lib\libctru.a(archive_dev.o)
 .text.archive_fchmod
                0x0010c128       0x14 C:/devkitPro/libctru/lib\libctru.a(archive_dev.o)
 .text._archiveMountDevice
                0x0010c13c      0x168 C:/devkitPro/libctru/lib\libctru.a(archive_dev.o)
 .text.archive_diropen
                0x0010c2a4       0xe8 C:/devkitPro/libctru/lib\libctru.a(archive_dev.o)
 .text.archive_fstat
                0x0010c38c       0xa4 C:/devkitPro/libctru/lib\libctru.a(archive_dev.o)
 .text.archive_fsync
                0x0010c430       0x6c C:/devkitPro/libctru/lib\libctru.a(archive_dev.o)
 .text.archive_close
                0x0010c49c       0x6c C:/devkitPro/libctru/lib\libctru.a(archive_dev.o)
 .text.archive_dirclose
                0x0010c508       0x70 C:/devkitPro/libctru/lib\libctru.a(archive_dev.o)
 .text.sdmc_statvfs
                0x0010c578       0xe4 C:/devkitPro/libctru/lib\libctru.a(archive_dev.o)
 .text.archive_chdir
                0x0010c65c       0xec C:/devkitPro/libctru/lib\libctru.a(archive_dev.o)
 .text.archive_ftruncate
                0x0010c748       0x7c C:/devkitPro/libctru/lib\libctru.a(archive_dev.o)
 .text.archive_read
                0x0010c7c4       0xac C:/devkitPro/libctru/lib\libctru.a(archive_dev.o)
 .text.archive_unlink
                0x0010c870       0xa4 C:/devkitPro/libctru/lib\libctru.a(archive_dev.o)
 .text.archive_rmdir
                0x0010c914       0xbc C:/devkitPro/libctru/lib\libctru.a(archive_dev.o)
 .text.archive_mkdir
                0x0010c9d0       0xdc C:/devkitPro/libctru/lib\libctru.a(archive_dev.o)
 .text.archive_stat
                0x0010caac      0x194 C:/devkitPro/libctru/lib\libctru.a(archive_dev.o)
 .text.archive_dirnext
                0x0010cc40      0x15c C:/devkitPro/libctru/lib\libctru.a(archive_dev.o)
 .text.archive_write
                0x0010cd9c      0x124 C:/devkitPro/libctru/lib\libctru.a(archive_dev.o)
 .text.archive_open
                0x0010cec0      0x210 C:/devkitPro/libctru/lib\libctru.a(archive_dev.o)
 .text.archive_rename
                0x0010d0d0      0x268 C:/devkitPro/libctru/lib\libctru.a(archive_dev.o)
 .text.archiveMountSdmc
                0x0010d338      0x19c C:/devkitPro/libctru/lib\libctru.a(archive_dev.o)
                0x0010d338                archiveMountSdmc
 .text.archiveUnmountAll
                0x0010d4d4       0x54 C:/devkitPro/libctru/lib\libctru.a(archive_dev.o)
                0x0010d4d4                archiveUnmountAll
 .text.fsInit   0x0010d528       0xd0 C:/devkitPro/libctru/lib\libctru.a(fs.o)
                0x0010d528                fsInit
 .text.fsExit   0x0010d5f8       0x3c C:/devkitPro/libctru/lib\libctru.a(fs.o)
                0x0010d5f8                fsExit
 .text.fsExemptFromSession
                0x0010d634       0x60 C:/devkitPro/libctru/lib\libctru.a(fs.o)
                0x0010d634                fsExemptFromSession
 .text.fsUnexemptFromSession
                0x0010d694       0x50 C:/devkitPro/libctru/lib\libctru.a(fs.o)
                0x0010d694                fsUnexemptFromSession
 .text.FSUSER_OpenFile
                0x0010d6e4       0xcc C:/devkitPro/libctru/lib\libctru.a(fs.o)
                0x0010d6e4                FSUSER_OpenFile
 .text.FSUSER_DeleteFile
                0x0010d7b0       0xbc C:/devkitPro/libctru/lib\libctru.a(fs.o)
                0x0010d7b0                FSUSER_DeleteFile
 .text.FSUSER_RenameFile
                0x0010d86c       0xf8 C:/devkitPro/libctru/lib\libctru.a(fs.o)
                0x0010d86c                FSUSER_RenameFile
 .text.FSUSER_DeleteDirectory
                0x0010d964       0xbc C:/devkitPro/libctru/lib\libctru.a(fs.o)
                0x0010d964                FSUSER_DeleteDirectory
 .text.FSUSER_CreateFile
                0x0010da20       0xd4 C:/devkitPro/libctru/lib\libctru.a(fs.o)
                0x0010da20                FSUSER_CreateFile
 .text.FSUSER_CreateDirectory
                0x0010daf4       0xc4 C:/devkitPro/libctru/lib\libctru.a(fs.o)
                0x0010daf4                FSUSER_CreateDirectory
 .text.FSUSER_RenameDirectory
                0x0010dbb8       0xf8 C:/devkitPro/libctru/lib\libctru.a(fs.o)
                0x0010dbb8                FSUSER_RenameDirectory
 .text.FSUSER_OpenDirectory
                0x0010dcb0       0xb4 C:/devkitPro/libctru/lib\libctru.a(fs.o)
                0x0010dcb0                FSUSER_OpenDirectory
 .text.FSUSER_OpenArchive
                0x0010dd64       0x94 C:/devkitPro/libctru/lib\libctru.a(fs.o)
                0x0010dd64                FSUSER_OpenArchive
 .text.FSUSER_CloseArchive
                0x0010ddf8       0x8c C:/devkitPro/libctru/lib\libctru.a(fs.o)
                0x0010ddf8                FSUSER_CloseArchive
 .text.FSUSER_GetSdmcArchiveResource
                0x0010de84       0x74 C:/devkitPro/libctru/lib\libctru.a(fs.o)
                0x0010de84                FSUSER_GetSdmcArchiveResource
 .text.FSUSER_IsSdmcWritable
                0x0010def8       0x64 C:/devkitPro/libctru/lib\libctru.a(fs.o)
                0x0010def8                FSUSER_IsSdmcWritable
 .text.FSFILE_Read
                0x0010df5c       0x58 C:/devkitPro/libctru/lib\libctru.a(fs.o)
                0x0010df5c                FSFILE_Read
 .text.FSFILE_Write
                0x0010dfb4       0x60 C:/devkitPro/libctru/lib\libctru.a(fs.o)
                0x0010dfb4                FSFILE_Write
 .text.FSFILE_GetSize
                0x0010e014       0x38 C:/devkitPro/libctru/lib\libctru.a(fs.o)
                0x0010e014                FSFILE_GetSize
 .text.FSFILE_SetSize
                0x0010e04c       0x28 C:/devkitPro/libctru/lib\libctru.a(fs.o)
                0x0010e04c                FSFILE_SetSize
 .text.FSFILE_Close
                0x0010e074       0x3c C:/devkitPro/libctru/lib\libctru.a(fs.o)
                0x0010e074                FSFILE_Close
 .text.FSFILE_Flush
                0x0010e0b0       0x24 C:/devkitPro/libctru/lib\libctru.a(fs.o)
                0x0010e0b0                FSFILE_Flush
 .text.FSDIR_Read
                0x0010e0d4       0x50 C:/devkitPro/libctru/lib\libctru.a(fs.o)
                0x0010e0d4                FSDIR_Read
 .text.FSDIR_Close
                0x0010e124       0x3c C:/devkitPro/libctru/lib\libctru.a(fs.o)
                0x0010e124                FSDIR_Close
 .text.decode_utf8
                0x0010e160      0x13c C:/devkitPro/libctru/lib\libctru.a(decode_utf8.o)
                0x0010e160                decode_utf8
 .text.utf16_to_utf8
                0x0010e29c       0xe8 C:/devkitPro/libctru/lib\libctru.a(utf16_to_utf8.o)
                0x0010e29c                utf16_to_utf8
 .text.utf8_to_utf16
                0x0010e384       0xc0 C:/devkitPro/libctru/lib\libctru.a(utf8_to_utf16.o)
                0x0010e384                utf8_to_utf16
 .text.__aeabi_read_tp
                0x0010e444        0xc C:/devkitPro/libctru/lib\libctru.a(readtp.o)
                0x0010e444                __aeabi_read_tp
 .text.decode_utf16
                0x0010e450       0x64 C:/devkitPro/libctru/lib\libctru.a(decode_utf16.o)
                0x0010e450                decode_utf16
 .text.encode_utf16
                0x0010e4b4       0x54 C:/devkitPro/libctru/lib\libctru.a(encode_utf16.o)
                0x0010e4b4                encode_utf16
 .text.encode_utf8
                0x0010e508       0xe0 C:/devkitPro/libctru/lib\libctru.a(encode_utf8.o)
                0x0010e508                encode_utf8
 .text.__udivmoddi4
                0x0010e5e8      0x120 C:/devkitPro/devkitARM/bin/../lib/gcc/arm-none-eabi/14.2.0/armv6k/fpu\libgcc.a(_udivmoddi4.o)
                0x0010e5e8                __udivmoddi4
 .text.strncmp  0x0010e708       0xd8 C:/devkitPro/devkitARM/bin/../lib/gcc/arm-none-eabi/14.2.0/../../../../arm-none-eabi/lib/armv6k/fpu\libg.a(libc_a-strncmp.o)
                0x0010e708                strncmp
 .text.strlen   0x0010e7e0       0x5c C:/devkitPro/devkitARM/bin/../lib/gcc/arm-none-eabi/14.2.0/../../../../arm-none-eabi/lib/armv6k/fpu\libg.a(libc_a-strlen-stub.o)
                0x0010e7e0                strlen
 .text._strtoul_l.isra.0
                0x0010e83c      0x1e4 C:/devkitPro/devkitARM/bin/../lib/gcc/arm-none-eabi/14.2.0/../../../../arm-none-eabi/lib/armv6k/fpu\libg.a(libc_a-strtoul.o)
 .text.strtoul  0x0010ea20       0x34 C:/devkitPro/devkitARM/bin/../lib/gcc/arm-none-eabi/14.2.0/../../../../arm-none-eabi/lib/armv6k/fpu\libg.a(libc_a-strtoul.o)
                0x0010ea20                strtoul
 .text.strncat  0x0010ea54       0xe4 C:/devkitPro/devkitARM/bin/../lib/gcc/arm-none-eabi/14.2.0/../../../../arm-none-eabi/lib/armv6k/fpu\libg.a(libc_a-strncat.o)
                0x0010ea54                strncat
 .text.bsearch  0x0010eb38       0x78 C:/devkitPro/devkitARM/bin/../lib/gcc/arm-none-eabi/14.2.0/../../../../arm-none-eabi/lib/armv6k/fpu\libg.a(libc_a-bsearch.o)
                0x0010eb38                bsearch
 .text.calloc   0x0010ebb0       0x20 C:/devkitPro/devkitARM/bin/../lib/gcc/arm-none-eabi/14.2.0/../../../../arm-none-eabi/lib/armv6k/fpu\libg.a(libc_a-calloc.o)
                0x0010ebb0                calloc
 .text._calloc_r
                0x0010ebd0       0xc0 C:/devkitPro/devkitARM/bin/../lib/gcc/arm-none-eabi/14.2.0/../../../../arm-none-eabi/lib/armv6k/fpu\libg.a(libc_a-callocr.o)
                0x0010ebd0                _calloc_r
 .text.memalign
                0x0010ec90       0x20 C:/devkitPro/devkitARM/bin/../lib/gcc/arm-none-eabi/14.2.0/../../../../arm-none-eabi/lib/armv6k/fpu\libg.a(libc_a-malign.o)
                0x0010ec90                memalign
 .text.stdio_exit_handler
                0x0010ecb0       0x1c C:/devkitPro/devkitARM/bin/../lib/gcc/arm-none-eabi/14.2.0/../../../../arm-none-eabi/lib/armv6k/fpu\libg.a(libc_a-findfp.o)
 .text.cleanup_stdio
                0x0010eccc       0x5c C:/devkitPro/devkitARM/bin/../lib/gcc/arm-none-eabi/14.2.0/../../../../arm-none-eabi/lib/armv6k/fpu\libg.a(libc_a-findfp.o)
 .text.global_stdio_init.part.0
                0x0010ed28      0x154 C:/devkitPro/devkitARM/bin/../lib/gcc/arm-none-eabi/14.2.0/../../../../arm-none-eabi/lib/armv6k/fpu\libg.a(libc_a-findfp.o)
 .text.__sinit  0x0010ee7c       0x5c C:/devkitPro/devkitARM/bin/../lib/gcc/arm-none-eabi/14.2.0/../../../../arm-none-eabi/lib/armv6k/fpu\libg.a(libc_a-findfp.o)
                0x0010ee7c                __sinit
 .text.__sfp_lock_acquire
                0x0010eed8        0xc C:/devkitPro/devkitARM/bin/../lib/gcc/arm-none-eabi/14.2.0/../../../../arm-none-eabi/lib/armv6k/fpu\libg.a(libc_a-findfp.o)
                0x0010eed8                __sfp_lock_acquire
 .text.__sfp_lock_release
                0x0010eee4        0xc C:/devkitPro/devkitARM/bin/../lib/gcc/arm-none-eabi/14.2.0/../../../../arm-none-eabi/lib/armv6k/fpu\libg.a(libc_a-findfp.o)
                0x0010eee4                __sfp_lock_release
 .text._malloc_r
                0x0010eef0      0x7e8 C:/devkitPro/devkitARM/bin/../lib/gcc/arm-none-eabi/14.2.0/../../../../arm-none-eabi/lib/armv6k/fpu\libg.a(libc_a-mallocr.o)
                0x0010eef0                _malloc_r
 .text._malloc_trim_r
                0x0010f6d8       0xf8 C:/devkitPro/devkitARM/bin/../lib/gcc/arm-none-eabi/14.2.0/../../../../arm-none-eabi/lib/armv6k/fpu\libg.a(libc_a-freer.o)
                0x0010f6d8                _malloc_trim_r
 .text._free_r  0x0010f7d0      0x300 C:/devkitPro/devkitARM/bin/../lib/gcc/arm-none-eabi/14.2.0/../../../../arm-none-eabi/lib/armv6k/fpu\libg.a(libc_a-freer.o)
                0x0010f7d0                _free_r
 .text.strnlen  0x0010fad0       0x4c C:/devkitPro/devkitARM/bin/../lib/gcc/arm-none-eabi/14.2.0/../../../../arm-none-eabi/lib/armv6k/fpu\libg.a(libc_a-strnlen.o)
                0x0010fad0                strnlen
 .text.__errno  0x0010fb1c        0xc C:/devkitPro/devkitARM/bin/../lib/gcc/arm-none-eabi/14.2.0/../../../../arm-none-eabi/lib/armv6k/fpu\libg.a(libc_a-errno.o)
                0x0010fb1c                __errno
 .text.malloc   0x0010fb28       0x34 C:/devkitPro/devkitARM/bin/../lib/gcc/arm-none-eabi/14.2.0/../../../../arm-none-eabi/lib/armv6k/fpu\libg.a(libc_a-malloc.o)
                0x0010fb28                malloc
 .text.free     0x0010fb5c       0x18 C:/devkitPro/devkitARM/bin/../lib/gcc/arm-none-eabi/14.2.0/../../../../arm-none-eabi/lib/armv6k/fpu\libg.a(libc_a-malloc.o)
                0x0010fb5c                free
 .text.memcpy   0x0010fb74      0x130 C:/devkitPro/devkitARM/bin/../lib/gcc/arm-none-eabi/14.2.0/../../../../arm-none-eabi/lib/armv6k/fpu\libg.a(libc_a-memcpy-stub.o)
                0x0010fb74                memcpy
 .text.printf   0x0010fca4       0x34 C:/devkitPro/devkitARM/bin/../lib/gcc/arm-none-eabi/14.2.0/../../../../arm-none-eabi/lib/armv6k/fpu\libg.a(libc_a-printf.o)
                0x0010fca4                printf
 .text.memset   0x0010fcd8       0xe8 C:/devkitPro/devkitARM/bin/../lib/gcc/arm-none-eabi/14.2.0/../../../../arm-none-eabi/lib/armv6k/fpu\libg.a(libc_a-memset.o)
                0x0010fcd8                memset
 .text._fwalk_sglue
                0x0010fdc0       0x70 C:/devkitPro/devkitARM/bin/../lib/gcc/arm-none-eabi/14.2.0/../../../../arm-none-eabi/lib/armv6k/fpu\libg.a(libc_a-fwalk.o)
                0x0010fdc0                _fwalk_sglue
 .text.__malloc_lock
                0x0010fe30        0xc C:/devkitPro/devkitARM/bin/../lib/gcc/arm-none-eabi/14.2.0/../../../../arm-none-eabi/lib/armv6k/fpu\libg.a(libc_a-mlock.o)
                0x0010fe30                __malloc_lock
 .text.__malloc_unlock
                0x0010fe3c        0xc C:/devkitPro/devkitARM/bin/../lib/gcc/arm-none-eabi/14.2.0/../../../../arm-none-eabi/lib/armv6k/fpu\libg.a(libc_a-mlock.o)
                0x0010fe3c                __malloc_unlock
 .text.__call_exitprocs
                0x0010fe48        0x4 C:/devkitPro/devkitARM/bin/../lib/gcc/arm-none-eabi/14.2.0/../../../../arm-none-eabi/lib/armv6k/fpu\libg.a(libc_a-exit.o)
                0x0010fe48                __call_exitprocs
 .text.exit     0x0010fe4c       0x30 C:/devkitPro/devkitARM/bin/../lib/gcc/arm-none-eabi/14.2.0/../../../../arm-none-eabi/lib/armv6k/fpu\libg.a(libc_a-exit.o)
                0x0010fe4c                exit
 .text.strncpy  0x0010fe7c       0xc4 C:/devkitPro/devkitARM/bin/../lib/gcc/arm-none-eabi/14.2.0/../../../../arm-none-eabi/lib/armv6k/fpu\libg.a(libc_a-strncpy.o)
                0x0010fe7c                strncpy
 .text.__libc_init_array
                0x0010ff40       0x84 C:/devkitPro/devkitARM/bin/../lib/gcc/arm-none-eabi/14.2.0/../../../../arm-none-eabi/lib/armv6k/fpu\libg.a(libc_a-init.o)
                0x0010ff40                __libc_init_array
 .text.__sflush_r
                0x0010ffc4      0x228 C:/devkitPro/devkitARM/bin/../lib/gcc/arm-none-eabi/14.2.0/../../../../arm-none-eabi/lib/armv6k/fpu\libg.a(libc_a-fflush.o)
                0x0010ffc4                __sflush_r
 .text._fflush_r
                0x001101ec       0x94 C:/devkitPro/devkitARM/bin/../lib/gcc/arm-none-eabi/14.2.0/../../../../arm-none-eabi/lib/armv6k/fpu\libg.a(libc_a-fflush.o)
                0x001101ec                _fflush_r
 .text._memalign_r
                0x00110280      0x150 C:/devkitPro/devkitARM/bin/../lib/gcc/arm-none-eabi/14.2.0/../../../../arm-none-eabi/lib/armv6k/fpu\libg.a(libc_a-malignr.o)
                0x00110280                _memalign_r
 .text.__libc_fini_array
                0x001103d0       0x3c C:/devkitPro/devkitARM/bin/../lib/gcc/arm-none-eabi/14.2.0/../../../../arm-none-eabi/lib/armv6k/fpu\libg.a(libc_a-fini.o)
                0x001103d0                __libc_fini_array
 .text.__sread  0x0011040c       0x44 C:/devkitPro/devkitARM/bin/../lib/gcc/arm-none-eabi/14.2.0/../../../../arm-none-eabi/lib/armv6k/fpu\libg.a(libc_a-stdio.o)
                0x0011040c                __sread
 .text.__swrite
                0x00110450       0x68 C:/devkitPro/devkitARM/bin/../lib/gcc/arm-none-eabi/14.2.0/../../../../arm-none-eabi/lib/armv6k/fpu\libg.a(libc_a-stdio.o)
                0x00110450                __swrite
 .text.__sseek  0x001104b8       0x40 C:/devkitPro/devkitARM/bin/../lib/gcc/arm-none-eabi/14.2.0/../../../../arm-none-eabi/lib/armv6k/fpu\libg.a(libc_a-stdio.o)
                0x001104b8                __sseek
 .text.__sclose
                0x001104f8        0x8 C:/devkitPro/devkitARM/bin/../lib/gcc/arm-none-eabi/14.2.0/../../../../arm-none-eabi/lib/armv6k/fpu\libg.a(libc_a-stdio.o)
                0x001104f8                __sclose
 .text._fclose_r
                0x00110500      0x148 C:/devkitPro/devkitARM/bin/../lib/gcc/arm-none-eabi/14.2.0/../../../../arm-none-eabi/lib/armv6k/fpu\libg.a(libc_a-fclose.o)
                0x00110500                _fclose_r
 .text.get_arg  0x00110648      0x5e4 C:/devkitPro/devkitARM/bin/../lib/gcc/arm-none-eabi/14.2.0/../../../../arm-none-eabi/lib/armv6k/fpu\libg.a(libc_a-vfprintf.o)
 *fill*         0x00110c2c        0x4 
 .text._vfprintf_r
                0x00110c30     0x342c C:/devkitPro/devkitARM/bin/../lib/gcc/arm-none-eabi/14.2.0/../../../../arm-none-eabi/lib/armv6k/fpu\libg.a(libc_a-vfprintf.o)
                0x00110c30                _vfprintf_r
 .text.__sbprintf
                0x0011405c       0xb8 C:/devkitPro/devkitARM/bin/../lib/gcc/arm-none-eabi/14.2.0/../../../../arm-none-eabi/lib/armv6k/fpu\libg.a(libc_a-vfprintf.o)
 .text.quorem   0x00114114      0x1b4 C:/devkitPro/devkitARM/bin/../lib/gcc/arm-none-eabi/14.2.0/../../../../arm-none-eabi/lib/armv6k/fpu\libg.a(libc_a-dtoa.o)
 .text._dtoa_r  0x001142c8     0x1370 C:/devkitPro/devkitARM/bin/../lib/gcc/arm-none-eabi/14.2.0/../../../../arm-none-eabi/lib/armv6k/fpu\libg.a(libc_a-dtoa.o)
                0x001142c8                _dtoa_r
 .text._wcrtomb_r
                0x00115638       0xa0 C:/devkitPro/devkitARM/bin/../lib/gcc/arm-none-eabi/14.2.0/../../../../arm-none-eabi/lib/armv6k/fpu\libg.a(libc_a-wcrtomb.o)
                0x00115638                _wcrtomb_r
 .text._wcsrtombs_r
                0x001156d8       0x28 C:/devkitPro/devkitARM/bin/../lib/gcc/arm-none-eabi/14.2.0/../../../../arm-none-eabi/lib/armv6k/fpu\libg.a(libc_a-wcsrtombs.o)
                0x001156d8                _wcsrtombs_r
 .text.__swsetup_r
                0x00115700      0x194 C:/devkitPro/devkitARM/bin/../lib/gcc/arm-none-eabi/14.2.0/../../../../arm-none-eabi/lib/armv6k/fpu\libg.a(libc_a-wsetup.o)
                0x00115700                __swsetup_r
 *fill*         0x00115894        0x4 
 .text.frexp    0x00115898       0x88 C:/devkitPro/devkitARM/bin/../lib/gcc/arm-none-eabi/14.2.0/../../../../arm-none-eabi/lib/armv6k/fpu\libg.a(libm_a-s_frexp.o)
                0x00115898                frexp
 .text.__assert_func
                0x00115920       0x5c C:/devkitPro/devkitARM/bin/../lib/gcc/arm-none-eabi/14.2.0/../../../../arm-none-eabi/lib/armv6k/fpu\libg.a(libc_a-assert.o)
                0x00115920                __assert_func
 .text._Balloc  0x0011597c       0x88 C:/devkitPro/devkitARM/bin/../lib/gcc/arm-none-eabi/14.2.0/../../../../arm-none-eabi/lib/armv6k/fpu\libg.a(libc_a-mprec.o)
                0x0011597c                _Balloc
 .text._Bfree   0x00115a04       0x1c C:/devkitPro/devkitARM/bin/../lib/gcc/arm-none-eabi/14.2.0/../../../../arm-none-eabi/lib/armv6k/fpu\libg.a(libc_a-mprec.o)
                0x00115a04                _Bfree
 .text.__multadd
                0x00115a20       0xf4 C:/devkitPro/devkitARM/bin/../lib/gcc/arm-none-eabi/14.2.0/../../../../arm-none-eabi/lib/armv6k/fpu\libg.a(libc_a-mprec.o)
                0x00115a20                __multadd
 .text.__hi0bits
                0x00115b14       0x80 C:/devkitPro/devkitARM/bin/../lib/gcc/arm-none-eabi/14.2.0/../../../../arm-none-eabi/lib/armv6k/fpu\libg.a(libc_a-mprec.o)
                0x00115b14                __hi0bits
 .text.__lo0bits
                0x00115b94       0xf4 C:/devkitPro/devkitARM/bin/../lib/gcc/arm-none-eabi/14.2.0/../../../../arm-none-eabi/lib/armv6k/fpu\libg.a(libc_a-mprec.o)
                0x00115b94                __lo0bits
 .text.__i2b    0x00115c88       0xa4 C:/devkitPro/devkitARM/bin/../lib/gcc/arm-none-eabi/14.2.0/../../../../arm-none-eabi/lib/armv6k/fpu\libg.a(libc_a-mprec.o)
                0x00115c88                __i2b
 .text.__multiply
                0x00115d2c      0x208 C:/devkitPro/devkitARM/bin/../lib/gcc/arm-none-eabi/14.2.0/../../../../arm-none-eabi/lib/armv6k/fpu\libg.a(libc_a-mprec.o)
                0x00115d2c                __multiply
 .text.__pow5mult
                0x00115f34      0x130 C:/devkitPro/devkitARM/bin/../lib/gcc/arm-none-eabi/14.2.0/../../../../arm-none-eabi/lib/armv6k/fpu\libg.a(libc_a-mprec.o)
                0x00115f34                __pow5mult
 .text.__lshift
                0x00116064      0x138 C:/devkitPro/devkitARM/bin/../lib/gcc/arm-none-eabi/14.2.0/../../../../arm-none-eabi/lib/armv6k/fpu\libg.a(libc_a-mprec.o)
                0x00116064                __lshift
 .text.__mcmp   0x0011619c       0x58 C:/devkitPro/devkitARM/bin/../lib/gcc/arm-none-eabi/14.2.0/../../../../arm-none-eabi/lib/armv6k/fpu\libg.a(libc_a-mprec.o)
                0x0011619c                __mcmp
 .text.__mdiff  0x001161f4      0x1f0 C:/devkitPro/devkitARM/bin/../lib/gcc/arm-none-eabi/14.2.0/../../../../arm-none-eabi/lib/armv6k/fpu\libg.a(libc_a-mprec.o)
                0x001161f4                __mdiff
 .text.__d2b    0x001163e4      0x120 C:/devkitPro/devkitARM/bin/../lib/gcc/arm-none-eabi/14.2.0/../../../../arm-none-eabi/lib/armv6k/fpu\libg.a(libc_a-mprec.o)
                0x001163e4                __d2b
 .text.__locale_mb_cur_max
                0x00116504       0x24 C:/devkitPro/devkitARM/bin/../lib/gcc/arm-none-eabi/14.2.0/../../../../arm-none-eabi/lib/armv6k/fpu\libg.a(libc_a-locale.o)
                0x00116504                __locale_mb_cur_max
 .text.fiprintf
                0x00116528       0x3c C:/devkitPro/devkitARM/bin/../lib/gcc/arm-none-eabi/14.2.0/../../../../arm-none-eabi/lib/armv6k/fpu\libg.a(libc_a-fiprintf.o)
                0x00116528                fiprintf
 .text.memchr   0x00116564       0xe0 C:/devkitPro/devkitARM/bin/../lib/gcc/arm-none-eabi/14.2.0/../../../../arm-none-eabi/lib/armv6k/fpu\libg.a(libc_a-memchr-stub.o)
                0x00116564                memchr
 .text._wcsnrtombs_l
                0x00116644      0x160 C:/devkitPro/devkitARM/bin/../lib/gcc/arm-none-eabi/14.2.0/../../../../arm-none-eabi/lib/armv6k/fpu\libg.a(libc_a-wcsnrtombs.o)
                0x00116644                _wcsnrtombs_l
 .text._wcsnrtombs_r
                0x001167a4       0x64 C:/devkitPro/devkitARM/bin/../lib/gcc/arm-none-eabi/14.2.0/../../../../arm-none-eabi/lib/armv6k/fpu\libg.a(libc_a-wcsnrtombs.o)
                0x001167a4                _wcsnrtombs_r
 .text.__utf8_mbtowc
                0x00116808      0x324 C:/devkitPro/devkitARM/bin/../lib/gcc/arm-none-eabi/14.2.0/../../../../arm-none-eabi/lib/armv6k/fpu\libg.a(libc_a-mbtowc_r.o)
                0x00116808                __utf8_mbtowc
 .text.__sprint_r
                0x00116b2c       0x30 C:/devkitPro/devkitARM/bin/../lib/gcc/arm-none-eabi/14.2.0/../../../../arm-none-eabi/lib/armv6k/fpu\libg.a(libc_a-sprint_r.o)
                0x00116b2c                __sprint_r
 .text.abort    0x00116b5c       0x14 C:/devkitPro/devkitARM/bin/../lib/gcc/arm-none-eabi/14.2.0/../../../../arm-none-eabi/lib/armv6k/fpu\libg.a(libc_a-abort.o)
                0x00116b5c                abort
 .text._localeconv_r
                0x00116b70       0x24 C:/devkitPro/devkitARM/bin/../lib/gcc/arm-none-eabi/14.2.0/../../../../arm-none-eabi/lib/armv6k/fpu\libg.a(libc_a-localeconv.o)
                0x00116b70                _localeconv_r
 .text.__smakebuf_r
                0x00116b94      0x144 C:/devkitPro/devkitARM/bin/../lib/gcc/arm-none-eabi/14.2.0/../../../../arm-none-eabi/lib/armv6k/fpu\libg.a(libc_a-makebuf.o)
                0x00116b94                __smakebuf_r
 .text.__utf8_wctomb
                0x00116cd8       0xf0 C:/devkitPro/devkitARM/bin/../lib/gcc/arm-none-eabi/14.2.0/../../../../arm-none-eabi/lib/armv6k/fpu\libg.a(libc_a-wctomb_r.o)
                0x00116cd8                __utf8_wctomb
 .text.strchr   0x00116dc8      0x130 C:/devkitPro/devkitARM/bin/../lib/gcc/arm-none-eabi/14.2.0/../../../../arm-none-eabi/lib/armv6k/fpu\libg.a(libc_a-strchr.o)
                0x00116dc8                strchr
 .text.memmove  0x00116ef8      0x160 C:/devkitPro/devkitARM/bin/../lib/gcc/arm-none-eabi/14.2.0/../../../../arm-none-eabi/lib/armv6k/fpu\libg.a(libc_a-memmove.o)
                0x00116ef8                memmove
 .text._raise_r
                0x00117058       0x90 C:/devkitPro/devkitARM/bin/../lib/gcc/arm-none-eabi/14.2.0/../../../../arm-none-eabi/lib/armv6k/fpu\libg.a(libc_a-signal.o)
                0x00117058                _raise_r
 .text.raise    0x001170e8       0x18 C:/devkitPro/devkitARM/bin/../lib/gcc/arm-none-eabi/14.2.0/../../../../arm-none-eabi/lib/armv6k/fpu\libg.a(libc_a-signal.o)
                0x001170e8                raise
 .text.__sfvwrite_r
                0x00117100      0x480 C:/devkitPro/devkitARM/bin/../lib/gcc/arm-none-eabi/14.2.0/../../../../arm-none-eabi/lib/armv6k/fpu\libg.a(libc_a-fvwrite.o)
                0x00117100                __sfvwrite_r
 .text.get_arg  0x00117580      0x5e4 C:/devkitPro/devkitARM/bin/../lib/gcc/arm-none-eabi/14.2.0/../../../../arm-none-eabi/lib/armv6k/fpu\libg.a(libc_a-vfiprintf.o)
 .text._vfiprintf_r
                0x00117b64     0x2264 C:/devkitPro/devkitARM/bin/../lib/gcc/arm-none-eabi/14.2.0/../../../../arm-none-eabi/lib/armv6k/fpu\libg.a(libc_a-vfiprintf.o)
                0x00117b64                _vfiprintf_r
 .text.__sbprintf
                0x00119dc8       0xb8 C:/devkitPro/devkitARM/bin/../lib/gcc/arm-none-eabi/14.2.0/../../../../arm-none-eabi/lib/armv6k/fpu\libg.a(libc_a-vfiprintf.o)
 .text._realloc_r
                0x00119e80      0x4a4 C:/devkitPro/devkitARM/bin/../lib/gcc/arm-none-eabi/14.2.0/../../../../arm-none-eabi/lib/armv6k/fpu\libg.a(libc_a-reallocr.o)
                0x00119e80                _realloc_r
 .text._exit    0x0011a324       0x20 C:/devkitPro/devkitARM/bin/../lib/gcc/arm-none-eabi/14.2.0/../../../../arm-none-eabi/lib/armv6k/fpu\libsysbase.a(libsysbase_libsysbase_a-_exit.o)
                0x0011a324                _exit
 .text.chdir    0x0011a344      0x13c C:/devkitPro/devkitARM/bin/../lib/gcc/arm-none-eabi/14.2.0/../../../../arm-none-eabi/lib/armv6k/fpu\libsysbase.a(libsysbase_libsysbase_a-chdir.o)
                0x0011a344                chdir
 .text._concatenate_path
                0x0011a480      0x1cc C:/devkitPro/devkitARM/bin/../lib/gcc/arm-none-eabi/14.2.0/../../../../arm-none-eabi/lib/armv6k/fpu\libsysbase.a(libsysbase_libsysbase_a-concatenate.o)
                0x0011a480                _concatenate_path
 .text._fstat_r
                0x0011a64c       0x88 C:/devkitPro/devkitARM/bin/../lib/gcc/arm-none-eabi/14.2.0/../../../../arm-none-eabi/lib/armv6k/fpu\libsysbase.a(libsysbase_libsysbase_a-fstat.o)
                0x0011a64c                _fstat_r
 .text._getpid_r
                0x0011a6d4       0x14 C:/devkitPro/devkitARM/bin/../lib/gcc/arm-none-eabi/14.2.0/../../../../arm-none-eabi/lib/armv6k/fpu\libsysbase.a(libsysbase_libsysbase_a-getpid.o)
                0x0011a6d4                _getpid_r
 .text.__getreent
                0x0011a6e8       0x2c C:/devkitPro/devkitARM/bin/../lib/gcc/arm-none-eabi/14.2.0/../../../../arm-none-eabi/lib/armv6k/fpu\libsysbase.a(libsysbase_libsysbase_a-getreent.o)
                0x0011a6e8                __getreent
 .text.__get_handle
                0x0011a714       0x3c C:/devkitPro/devkitARM/bin/../lib/gcc/arm-none-eabi/14.2.0/../../../../arm-none-eabi/lib/armv6k/fpu\libsysbase.a(libsysbase_libsysbase_a-handle_manager.o)
                0x0011a714                __get_handle
 .text._close_r
                0x0011a750       0xf4 C:/devkitPro/devkitARM/bin/../lib/gcc/arm-none-eabi/14.2.0/../../../../arm-none-eabi/lib/armv6k/fpu\libsysbase.a(libsysbase_libsysbase_a-handle_manager.o)
                0x0011a750                _close_r
 .text.null_write
                0x0011a844        0x8 C:/devkitPro/devkitARM/bin/../lib/gcc/arm-none-eabi/14.2.0/../../../../arm-none-eabi/lib/armv6k/fpu\libsysbase.a(libsysbase_libsysbase_a-iosupport.o)
 .text.setDefaultDevice
                0x0011a84c       0x18 C:/devkitPro/devkitARM/bin/../lib/gcc/arm-none-eabi/14.2.0/../../../../arm-none-eabi/lib/armv6k/fpu\libsysbase.a(libsysbase_libsysbase_a-iosupport.o)
                0x0011a84c                setDefaultDevice
 .text.FindDevice
                0x0011a864       0xc8 C:/devkitPro/devkitARM/bin/../lib/gcc/arm-none-eabi/14.2.0/../../../../arm-none-eabi/lib/armv6k/fpu\libsysbase.a(libsysbase_libsysbase_a-iosupport.o)
                0x0011a864                FindDevice
 .text.RemoveDevice
                0x0011a92c       0x28 C:/devkitPro/devkitARM/bin/../lib/gcc/arm-none-eabi/14.2.0/../../../../arm-none-eabi/lib/armv6k/fpu\libsysbase.a(libsysbase_libsysbase_a-iosupport.o)
                0x0011a92c                RemoveDevice
 .text.AddDevice
                0x0011a954       0x98 C:/devkitPro/devkitARM/bin/../lib/gcc/arm-none-eabi/14.2.0/../../../../arm-none-eabi/lib/armv6k/fpu\libsysbase.a(libsysbase_libsysbase_a-iosupport.o)
                0x0011a954                AddDevice
 .text.GetDeviceOpTab
                0x0011a9ec       0x20 C:/devkitPro/devkitARM/bin/../lib/gcc/arm-none-eabi/14.2.0/../../../../arm-none-eabi/lib/armv6k/fpu\libsysbase.a(libsysbase_libsysbase_a-iosupport.o)
                0x0011a9ec                GetDeviceOpTab
 .text._isatty_r
                0x0011aa0c        0x8 C:/devkitPro/devkitARM/bin/../lib/gcc/arm-none-eabi/14.2.0/../../../../arm-none-eabi/lib/armv6k/fpu\libsysbase.a(libsysbase_libsysbase_a-isatty.o)
                0x0011aa0c                _isatty_r
 .text._kill_r  0x0011aa14       0x14 C:/devkitPro/devkitARM/bin/../lib/gcc/arm-none-eabi/14.2.0/../../../../arm-none-eabi/lib/armv6k/fpu\libsysbase.a(libsysbase_libsysbase_a-kill.o)
                0x0011aa14                _kill_r
 .text._lseek_r
                0x0011aa28       0x8c C:/devkitPro/devkitARM/bin/../lib/gcc/arm-none-eabi/14.2.0/../../../../arm-none-eabi/lib/armv6k/fpu\libsysbase.a(libsysbase_libsysbase_a-lseek.o)
                0x0011aa28                _lseek_r
 .text._read_r  0x0011aab4       0x88 C:/devkitPro/devkitARM/bin/../lib/gcc/arm-none-eabi/14.2.0/../../../../arm-none-eabi/lib/armv6k/fpu\libsysbase.a(libsysbase_libsysbase_a-read.o)
                0x0011aab4                _read_r
 .text._sbrk_r  0x0011ab3c       0x78 C:/devkitPro/devkitARM/bin/../lib/gcc/arm-none-eabi/14.2.0/../../../../arm-none-eabi/lib/armv6k/fpu\libsysbase.a(libsysbase_libsysbase_a-sbrk.o)
                0x0011ab3c                _sbrk_r
 .text.__libc_lock_acquire
                0x0011abb4       0x1c C:/devkitPro/devkitARM/bin/../lib/gcc/arm-none-eabi/14.2.0/../../../../arm-none-eabi/lib/armv6k/fpu\libsysbase.a(libsysbase_libsysbase_a-syscall_support.o)
                0x0011abb4                __libc_lock_acquire
 .text.__libc_lock_release
                0x0011abd0       0x1c C:/devkitPro/devkitARM/bin/../lib/gcc/arm-none-eabi/14.2.0/../../../../arm-none-eabi/lib/armv6k/fpu\libsysbase.a(libsysbase_libsysbase_a-syscall_support.o)
                0x0011abd0                __libc_lock_release
 .text.__libc_lock_acquire_recursive
                0x0011abec       0x1c C:/devkitPro/devkitARM/bin/../lib/gcc/arm-none-eabi/14.2.0/../../../../arm-none-eabi/lib/armv6k/fpu\libsysbase.a(libsysbase_libsysbase_a-syscall_support.o)
                0x0011abec                __libc_lock_acquire_recursive
 .text.__libc_lock_release_recursive
                0x0011ac08       0x1c C:/devkitPro/devkitARM/bin/../lib/gcc/arm-none-eabi/14.2.0/../../../../arm-none-eabi/lib/armv6k/fpu\libsysbase.a(libsysbase_libsysbase_a-syscall_support.o)
                0x0011ac08                __libc_lock_release_recursive
 .text._write_r
                0x0011ac24       0x88 C:/devkitPro/devkitARM/bin/../lib/gcc/arm-none-eabi/14.2.0/../../../../arm-none-eabi/lib/armv6k/fpu\libsysbase.a(libsysbase_libsysbase_a-write.o)
                0x0011ac24                _write_r
 .text.strrchr  0x0011acac       0x48 C:/devkitPro/devkitARM/bin/../lib/gcc/arm-none-eabi/14.2.0/../../../../arm-none-eabi/lib/armv6k/fpu\libg.a(libc_a-strrchr.o)
                0x0011acac                strrchr
 *(.glue_7)
 .glue_7        0x0011acf4        0x0 linker stubs
 *(.glue_7t)
 .glue_7t       0x0011acf4        0x0 linker stubs
 *(.stub)
 *(.gnu.warning)
 *(.gnu.linkonce.t*)
                0x0011acf4                        . = ALIGN (0x4)
 *(.fini)
 .fini          0x0011acf4        0xc C:/devkitPro/devkitARM/bin/../lib/gcc/arm-none-eabi/14.2.0/armv6k/fpu/crti.o
                0x0011acf4                _fini
 .fini          0x0011ad00        0xc C:/devkitPro/devkitARM/bin/../lib/gcc/arm-none-eabi/14.2.0/armv6k/fpu/crtn.o
                0x0011ad0c                        . = ALIGN (0x4)

.vfp11_veneer   0x0011ad0c        0x0
 .vfp11_veneer  0x0011ad0c        0x0 linker stubs

.v4_bx          0x0011ad0c        0x0
 .v4_bx         0x0011ad0c        0x0 linker stubs

.iplt           0x0011ad0c        0x0
 .iplt          0x0011ad0c        0x0 C:/devkitPro/devkitARM/bin/../lib/gcc/arm-none-eabi/14.2.0/../../../../arm-none-eabi/lib/armv6k/fpu/3dsx_crt0.o
                0x0011b000                        . = ALIGN (0x1000)

.rodata         0x0011b000      0xb48
 *(.rodata)
 .rodata        0x0011b000        0xc C:/devkitPro/libctru/lib\libctru.a(archive_dev.o)
 *(.roda)
 *(.rodata.*)
 .rodata.str1.4
                0x0011b00c      0x1e8 main.o
                                 0x11 (size before relaxing)
 .rodata.C2D_Init.str1.4
                0x0011b1f4       0x10 C:/devkitPro/libctru/lib\libcitro2d.a(base.o)
 .rodata.render2d_shbin
                0x0011b1f4      0x190 C:/devkitPro/libctru/lib\libcitro2d.a(render2d.shbin.o)
                0x0011b1f4                render2d_shbin
                0x0011b380                render2d_shbin_end
                0x0011b380                render2d_shbin_size
 .rodata.depthFmtSizes
                0x0011b384        0x4 C:/devkitPro/libctru/lib\libcitro3d.a(framebuffer.o)
 .rodata.colorFmtSizes
                0x0011b388        0x5 C:/devkitPro/libctru/lib\libcitro3d.a(framebuffer.o)
 *fill*         0x0011b38d        0x3 
 .rodata.CSWTCH.11
                0x0011b390       0x10 C:/devkitPro/libctru/lib\libcitro3d.a(proctex.o)
 .rodata.DVLE_GenerateOutmap.part.0
                0x0011b3a0        0x9 C:/devkitPro/libctru/lib\libctru.a(shbin.o)
 .rodata.aptSendCommand.str1.4
                0x0011b3a9       0x16 C:/devkitPro/libctru/lib\libctru.a(apt.o)
 .rodata.aptEventHandler
                0x0011b3a9        0xb C:/devkitPro/libctru/lib\libctru.a(apt.o)
 .rodata.aptWaitForWakeUp.isra.0
                0x0011b3b4       0x11 C:/devkitPro/libctru/lib\libctru.a(apt.o)
 *fill*         0x0011b3c5        0x3 
 .rodata.morton_y.2
                0x0011b3c8        0x8 C:/devkitPro/libctru/lib\libctru.a(apt.o)
 .rodata.morton_x.3
                0x0011b3d0        0x8 C:/devkitPro/libctru/lib\libctru.a(apt.o)
 .rodata.s_sleepWakeEvents.4
                0x0011b3d8        0x8 C:/devkitPro/libctru/lib\libctru.a(apt.o)
 .rodata.gspInit.str1.4
                0x0011b3e0        0x9 C:/devkitPro/libctru/lib\libctru.a(gspgpu.o)
 .rodata.hidInit.str1.4
                0x0011b3e0       0x15 C:/devkitPro/libctru/lib\libctru.a(hid.o)
 .rodata.irrstInit.str1.4
                0x0011b3e0        0x7 C:/devkitPro/libctru/lib\libctru.a(irrst.o)
 .rodata.ptmSysmInit.str1.4
                0x0011b3e0        0x9 C:/devkitPro/libctru/lib\libctru.a(ptmsysm.o)
 .rodata.__system_initArgv.str1.4
                0x0011b3e0        0xa C:/devkitPro/libctru/lib\libctru.a(initArgv.o)
 .rodata.srvInit.str1.4
                0x0011b3e0        0x5 C:/devkitPro/libctru/lib\libctru.a(srv.o)
 .rodata.archive_utf16path.str1.4
                0x0011b3e0        0x2 C:/devkitPro/libctru/lib\libctru.a(archive_dev.o)
 .rodata._archiveUnmountDeviceStruct.part.0.str1.4
                0x0011b3e0        0x2 C:/devkitPro/libctru/lib\libctru.a(archive_dev.o)
 .rodata._archiveMountDevice.str1.4
                0x0011b3e0        0xc C:/devkitPro/libctru/lib\libctru.a(archive_dev.o)
 .rodata.archiveMountSdmc.str1.4
                0x0011b3e0        0x5 C:/devkitPro/libctru/lib\libctru.a(archive_dev.o)
 .rodata.error_table
                0x0011b3e0       0x30 C:/devkitPro/libctru/lib\libctru.a(archive_dev.o)
 .rodata.str1.4
                0x0011b410        0x8 C:/devkitPro/libctru/lib\libctru.a(archive_dev.o)
 .rodata.archive_devoptab
                0x0011b410       0x80 C:/devkitPro/libctru/lib\libctru.a(archive_dev.o)
 .rodata.fsInit.str1.4
                0x0011b490        0x8 C:/devkitPro/libctru/lib\libctru.a(fs.o)
 .rodata._ctype_
                0x0011b490      0x101 C:/devkitPro/devkitARM/bin/../lib/gcc/arm-none-eabi/14.2.0/../../../../arm-none-eabi/lib/armv6k/fpu\libg.a(libc_a-ctype_.o)
                0x0011b490                _ctype_
 *fill*         0x0011b591        0x1 
 .rodata.get_arg
                0x0011b592       0x34 C:/devkitPro/devkitARM/bin/../lib/gcc/arm-none-eabi/14.2.0/../../../../arm-none-eabi/lib/armv6k/fpu\libg.a(libc_a-vfprintf.o)
 .rodata._vfprintf_r.str1.1
                0x0011b5c6       0x3b C:/devkitPro/devkitARM/bin/../lib/gcc/arm-none-eabi/14.2.0/../../../../arm-none-eabi/lib/armv6k/fpu\libg.a(libc_a-vfprintf.o)
 *fill*         0x0011b601        0x1 
 .rodata._vfprintf_r
                0x0011b602       0xb6 C:/devkitPro/devkitARM/bin/../lib/gcc/arm-none-eabi/14.2.0/../../../../arm-none-eabi/lib/armv6k/fpu\libg.a(libc_a-vfprintf.o)
 .rodata.zeroes.0
                0x0011b6b8       0x10 C:/devkitPro/devkitARM/bin/../lib/gcc/arm-none-eabi/14.2.0/../../../../arm-none-eabi/lib/armv6k/fpu\libg.a(libc_a-vfprintf.o)
 .rodata.blanks.1
                0x0011b6c8       0x10 C:/devkitPro/devkitARM/bin/../lib/gcc/arm-none-eabi/14.2.0/../../../../arm-none-eabi/lib/armv6k/fpu\libg.a(libc_a-vfprintf.o)
 .rodata._dtoa_r.str1.4
                0x0011b6d8       0x6a C:/devkitPro/devkitARM/bin/../lib/gcc/arm-none-eabi/14.2.0/../../../../arm-none-eabi/lib/armv6k/fpu\libg.a(libc_a-dtoa.o)
 .rodata._dtoa_r
                0x0011b6d8        0x8 C:/devkitPro/devkitARM/bin/../lib/gcc/arm-none-eabi/14.2.0/../../../../arm-none-eabi/lib/armv6k/fpu\libg.a(libc_a-dtoa.o)
 .rodata.__action_table
                0x0011b6e0       0x6c C:/devkitPro/devkitARM/bin/../lib/gcc/arm-none-eabi/14.2.0/../../../../arm-none-eabi/lib/armv6k/fpu\libg.a(libc_a-svfiprintf.o)
                0x0011b6e0                __action_table
 .rodata.__state_table
                0x0011b74c       0x6c C:/devkitPro/devkitARM/bin/../lib/gcc/arm-none-eabi/14.2.0/../../../../arm-none-eabi/lib/armv6k/fpu\libg.a(libc_a-svfiprintf.o)
                0x0011b74c                __state_table
 .rodata.__chclass
                0x0011b7b8      0x100 C:/devkitPro/devkitARM/bin/../lib/gcc/arm-none-eabi/14.2.0/../../../../arm-none-eabi/lib/armv6k/fpu\libg.a(libc_a-svfiprintf.o)
                0x0011b7b8                __chclass
 .rodata.__assert_func.str1.4
                0x0011b8b8       0x43 C:/devkitPro/devkitARM/bin/../lib/gcc/arm-none-eabi/14.2.0/../../../../arm-none-eabi/lib/armv6k/fpu\libg.a(libc_a-assert.o)
 .rodata.__multadd.str1.4
                0x0011b8b8       0x57 C:/devkitPro/devkitARM/bin/../lib/gcc/arm-none-eabi/14.2.0/../../../../arm-none-eabi/lib/armv6k/fpu\libg.a(libc_a-mprec.o)
 .rodata.p05.0  0x0011b8b8        0xc C:/devkitPro/devkitARM/bin/../lib/gcc/arm-none-eabi/14.2.0/../../../../arm-none-eabi/lib/armv6k/fpu\libg.a(libc_a-mprec.o)
 *fill*         0x0011b8c4        0x4 
 .rodata.__mprec_bigtens
                0x0011b8c8       0x28 C:/devkitPro/devkitARM/bin/../lib/gcc/arm-none-eabi/14.2.0/../../../../arm-none-eabi/lib/armv6k/fpu\libg.a(libc_a-mprec.o)
                0x0011b8c8                __mprec_bigtens
 .rodata.__mprec_tens
                0x0011b8f0       0xc8 C:/devkitPro/devkitARM/bin/../lib/gcc/arm-none-eabi/14.2.0/../../../../arm-none-eabi/lib/armv6k/fpu\libg.a(libc_a-mprec.o)
                0x0011b8f0                __mprec_tens
 .rodata.str1.4
                0x0011b9b8       0x4c C:/devkitPro/devkitARM/bin/../lib/gcc/arm-none-eabi/14.2.0/../../../../arm-none-eabi/lib/armv6k/fpu\libg.a(libc_a-locale.o)
 .rodata.get_arg
                0x0011b9b8       0x34 C:/devkitPro/devkitARM/bin/../lib/gcc/arm-none-eabi/14.2.0/../../../../arm-none-eabi/lib/armv6k/fpu\libg.a(libc_a-vfiprintf.o)
 .rodata._vfiprintf_r.str1.1
                0x0011b9ec       0x29 C:/devkitPro/devkitARM/bin/../lib/gcc/arm-none-eabi/14.2.0/../../../../arm-none-eabi/lib/armv6k/fpu\libg.a(libc_a-vfiprintf.o)
 .rodata._vfiprintf_r
                0x0011b9ec       0xb6 C:/devkitPro/devkitARM/bin/../lib/gcc/arm-none-eabi/14.2.0/../../../../arm-none-eabi/lib/armv6k/fpu\libg.a(libc_a-vfiprintf.o)
 *fill*         0x0011baa2        0x2 
 .rodata.zeroes.0
                0x0011baa4       0x10 C:/devkitPro/devkitARM/bin/../lib/gcc/arm-none-eabi/14.2.0/../../../../arm-none-eabi/lib/armv6k/fpu\libg.a(libc_a-vfiprintf.o)
 .rodata.blanks.1
                0x0011bab4       0x10 C:/devkitPro/devkitARM/bin/../lib/gcc/arm-none-eabi/14.2.0/../../../../arm-none-eabi/lib/armv6k/fpu\libg.a(libc_a-vfiprintf.o)
 .rodata.AddDevice.str1.4
                0x0011bac4        0x8 C:/devkitPro/devkitARM/bin/../lib/gcc/arm-none-eabi/14.2.0/../../../../arm-none-eabi/lib/armv6k/fpu\libsysbase.a(libsysbase_libsysbase_a-iosupport.o)
 .rodata.dotab_stdnull
                0x0011bac4       0x80 C:/devkitPro/devkitARM/bin/../lib/gcc/arm-none-eabi/14.2.0/../../../../arm-none-eabi/lib/armv6k/fpu\libsysbase.a(libsysbase_libsysbase_a-iosupport.o)
                0x0011bac4                dotab_stdnull
 *all.rodata*(*)
 *(.gnu.linkonce.r*)
                0x0011bb44                        . = ALIGN (0x4)
                0x0011bb44                        __tdata_align = .
                0x0011bb44        0x4 LONG 0x4 ALIGNOF (.tdata)
                0x0011bb48                        . = ALIGN (0x4)

.eh_frame       0x0011bb48        0x0
 .eh_frame      0x0011bb48        0x0 C:/devkitPro/devkitARM/bin/../lib/gcc/arm-none-eabi/14.2.0/armv6k/fpu/crtbegin.o

.rel.dyn        0x0011bb48        0x0
 .rel.iplt      0x0011bb48        0x0 C:/devkitPro/devkitARM/bin/../lib/gcc/arm-none-eabi/14.2.0/../../../../arm-none-eabi/lib/armv6k/fpu/3dsx_crt0.o
 .rel.got       0x0011bb48        0x0 C:/devkitPro/devkitARM/bin/../lib/gcc/arm-none-eabi/14.2.0/../../../../arm-none-eabi/lib/armv6k/fpu/3dsx_crt0.o

.ARM.extab
 *(.ARM.extab* .gnu.linkonce.armextab.*)
                0x0011bb48                        __exidx_start = .

.ARM.exidx
 *(.ARM.exidx* .gnu.linkonce.armexidx.*)
                0x0011bb48                        __exidx_end = .
                0x0011c000                        . = ALIGN (0x1000)

.data           0x0011c000     0x1b8c
 *(.data)
 *(.data.*)
 .data.framerateCounter
                0x0011c000        0x8 C:/devkitPro/libctru/lib\libcitro3d.a(renderqueue.o)
 .data.framerate
                0x0011c008        0x4 C:/devkitPro/libctru/lib\libcitro3d.a(renderqueue.o)
 .data.queueLock
                0x0011c00c        0x4 C:/devkitPro/libctru/lib\libctru.a(gxqueue.o)
 .data.aptChainloadDeliverArgSize
                0x0011c010        0x4 C:/devkitPro/libctru/lib\libctru.a(apt.o)
 .data.kCount   0x0011c014        0x4 C:/devkitPro/libctru/lib\libctru.a(hid.o)
 .data.kInterval
                0x0011c018        0x4 C:/devkitPro/libctru/lib\libctru.a(hid.o)
 .data.kDelay   0x0011c01c        0x4 C:/devkitPro/libctru/lib\libctru.a(hid.o)
 .data.__stacksize__
                0x0011c020        0x4 C:/devkitPro/libctru/lib\libctru.a(stack_adjust.o)
                0x0011c020                __stacksize__
 .data._impure_ptr
                0x0011c024        0x4 C:/devkitPro/devkitARM/bin/../lib/gcc/arm-none-eabi/14.2.0/../../../../arm-none-eabi/lib/armv6k/fpu\libg.a(libc_a-impure.o)
                0x0011c024                _impure_ptr
 .data._impure_data
                0x0011c028      0x120 C:/devkitPro/devkitARM/bin/../lib/gcc/arm-none-eabi/14.2.0/../../../../arm-none-eabi/lib/armv6k/fpu\libg.a(libc_a-impure.o)
                0x0011c028                _impure_data
 .data.__sglue  0x0011c148        0xc C:/devkitPro/devkitARM/bin/../lib/gcc/arm-none-eabi/14.2.0/../../../../arm-none-eabi/lib/armv6k/fpu\libg.a(libc_a-findfp.o)
                0x0011c148                __sglue
 .data.__malloc_sbrk_base
                0x0011c154        0x4 C:/devkitPro/devkitARM/bin/../lib/gcc/arm-none-eabi/14.2.0/../../../../arm-none-eabi/lib/armv6k/fpu\libg.a(libc_a-mallocr.o)
                0x0011c154                __malloc_sbrk_base
 .data.__malloc_trim_threshold
                0x0011c158        0x4 C:/devkitPro/devkitARM/bin/../lib/gcc/arm-none-eabi/14.2.0/../../../../arm-none-eabi/lib/armv6k/fpu\libg.a(libc_a-mallocr.o)
                0x0011c158                __malloc_trim_threshold
 *fill*         0x0011c15c        0x4 
 .data.__malloc_av_
                0x0011c160      0x408 C:/devkitPro/devkitARM/bin/../lib/gcc/arm-none-eabi/14.2.0/../../../../arm-none-eabi/lib/armv6k/fpu\libg.a(libc_a-mallocr.o)
                0x0011c160                __malloc_av_
 .data.__global_locale
                0x0011c568      0x16c C:/devkitPro/devkitARM/bin/../lib/gcc/arm-none-eabi/14.2.0/../../../../arm-none-eabi/lib/armv6k/fpu\libg.a(libc_a-locale.o)
                0x0011c568                __global_locale
 .data._current_working_directory
                0x0011c6d4      0x400 C:/devkitPro/devkitARM/bin/../lib/gcc/arm-none-eabi/14.2.0/../../../../arm-none-eabi/lib/armv6k/fpu\libsysbase.a(libsysbase_libsysbase_a-chdir.o)
 *fill*         0x0011cad4        0x4 