Archive member included to satisfy reference by file (symbol)

C:/devkitPro/libctru/lib\libcitro2d.a(base.o)
                              main.o (C2D_Init)
C:/devkitPro/libctru/lib\libcitro2d.a(render2d.shbin.o)
                              C:/devkitPro/libctru/lib\libcitro2d.a(base.o) (render2d_shbin)
C:/devkitPro/libctru/lib\libcitro3d.a(attribs.o)
                              C:/devkitPro/libctru/lib\libcitro2d.a(base.o) (AttrInfo_Init)
C:/devkitPro/libctru/lib\libcitro3d.a(base.o)
                              C:/devkitPro/libctru/lib\libcitro3d.a(attribs.o) (__C3D_Context)
C:/devkitPro/libctru/lib\libcitro3d.a(buffers.o)
                              C:/devkitPro/libctru/lib\libcitro2d.a(base.o) (BufInfo_Init)
C:/devkitPro/libctru/lib\libcitro3d.a(drawElements.o)
                              C:/devkitPro/libctru/lib\libcitro2d.a(base.o) (C3D_DrawElements)
C:/devkitPro/libctru/lib\libcitro3d.a(effect.o)
                              C:/devkitPro/libctru/lib\libcitro3d.a(base.o) (C3D_DepthMap)
C:/devkitPro/libctru/lib\libcitro3d.a(framebuffer.o)
                              C:/devkitPro/libctru/lib\libcitro3d.a(base.o) (C3Di_FrameBufBind)
C:/devkitPro/libctru/lib\libcitro3d.a(immediate.o)
                              C:/devkitPro/libctru/lib\libcitro3d.a(base.o) (C3D_ImmSendAttrib)
C:/devkitPro/libctru/lib\libcitro3d.a(proctex.o)
                              C:/devkitPro/libctru/lib\libcitro2d.a(base.o) (C3D_ProcTexInit)
C:/devkitPro/libctru/lib\libcitro3d.a(renderqueue.o)
                              C:/devkitPro/libctru/lib\libcitro3d.a(base.o) (C3Di_RenderQueueEnableVBlank)
C:/devkitPro/libctru/lib\libcitro3d.a(texenv.o)
                              C:/devkitPro/libctru/lib\libcitro2d.a(base.o) (C3D_GetTexEnv)
C:/devkitPro/libctru/lib\libcitro3d.a(texture.o)
                              C:/devkitPro/libctru/lib\libcitro2d.a(base.o) (C3D_TexBind)
C:/devkitPro/libctru/lib\libcitro3d.a(uniforms.o)
                              C:/devkitPro/libctru/lib\libcitro3d.a(base.o) (C3D_UpdateUniforms)
C:/devkitPro/libctru/lib\libcitro3d.a(mtx_multiply.o)
                              C:/devkitPro/libctru/lib\libcitro2d.a(base.o) (Mtx_Multiply)
C:/devkitPro/libctru/lib\libcitro3d.a(mtx_ortho.o)
                              C:/devkitPro/libctru/lib\libcitro2d.a(base.o) (Mtx_Ortho)
C:/devkitPro/libctru/lib\libcitro3d.a(mtx_orthotilt.o)
                              C:/devkitPro/libctru/lib\libcitro2d.a(base.o) (Mtx_OrthoTilt)
C:/devkitPro/libctru/lib\libcitro3d.a(mtx_rotatez.o)
                              C:/devkitPro/libctru/lib\libcitro2d.a(base.o) (Mtx_RotateZ)
C:/devkitPro/libctru/lib\libcitro3d.a(mtx_scale.o)
                              C:/devkitPro/libctru/lib\libcitro2d.a(base.o) (Mtx_Scale)
C:/devkitPro/libctru/lib\libcitro3d.a(mtx_translate.o)
                              C:/devkitPro/libctru/lib\libcitro2d.a(base.o) (Mtx_Translate)
C:/devkitPro/libctru/lib\libctru.a(linear.o)
                              C:/devkitPro/libctru/lib\libcitro2d.a(base.o) (linearAlloc)
C:/devkitPro/libctru/lib\libctru.a(mem_pool.o)
                              C:/devkitPro/libctru/lib\libctru.a(linear.o) (MemPool::Allocate(MemChunk&, unsigned long, int))
C:/devkitPro/libctru/lib\libctru.a(vram.o)
                              C:/devkitPro/libctru/lib\libcitro3d.a(renderqueue.o) (vramAlloc)
C:/devkitPro/libctru/lib\libctru.a(gfx.o)
                              C:/devkitPro/libctru/lib\libcitro2d.a(base.o) (gfxIsWide)
C:/devkitPro/libctru/lib\libctru.a(os.o)
                              C:/devkitPro/libctru/lib\libcitro3d.a(buffers.o) (osConvertVirtToPhys)
C:/devkitPro/libctru/lib\libctru.a(gpu.o)
                              C:/devkitPro/libctru/lib\libcitro3d.a(base.o) (gpuCmdBufOffset)
C:/devkitPro/libctru/lib\libctru.a(gx.o)
                              C:/devkitPro/libctru/lib\libcitro3d.a(renderqueue.o) (GX_BindQueue)
C:/devkitPro/libctru/lib\libctru.a(gxqueue.o)
                              C:/devkitPro/libctru/lib\libcitro3d.a(renderqueue.o) (gxCmdQueueClear)
C:/devkitPro/libctru/lib\libctru.a(shaderProgram.o)
                              C:/devkitPro/libctru/lib\libcitro2d.a(base.o) (shaderInstanceGetUniformLocation)
C:/devkitPro/libctru/lib\libctru.a(shbin.o)
                              C:/devkitPro/libctru/lib\libcitro2d.a(base.o) (DVLB_ParseFile)
C:/devkitPro/libctru/lib\libctru.a(apt.o)
                              C:/devkitPro/libctru/lib\libcitro3d.a(base.o) (aptHook)
C:/devkitPro/libctru/lib\libctru.a(gspgpu.o)
                              C:/devkitPro/libctru/lib\libctru.a(gfx.o) (gspInit)
C:/devkitPro/libctru/lib\libctru.a(hid.o)
                              main.o (hidScanInput)
C:/devkitPro/libctru/lib\libctru.a(irrst.o)
                              C:/devkitPro/libctru/lib\libctru.a(hid.o) (irrstInit)
C:/devkitPro/libctru/lib\libctru.a(ptmsysm.o)
[...]
Memory Configuration

Name             Origin             Length             Attributes
*default*        0x00000000         0xffffffff

Linker script and memory map

                0x00000000                        __sync_synchronize = __sync_synchronize_dmb
                0x00100000                        PROVIDE (__start__ = 0x100000)
                0x00100000                        . = __start__

.text           0x00100000    0x14bb8
 *(.crt0)
 .crt0          0x00100000       0x94 C:/devkitPro/devkitARM/bin/../lib/gcc/arm-none-eabi/14.2.0/../../../../arm-none-eabi/lib/armv6k/fpu/3dsx_crt0.o
                0x00100000                _start
                0x00100008                __service_ptr
                0x0010000c                __apt_appid
                0x00100010                __heap_size
                0x00100014                __linear_heap_size
                0x00100018                __system_arglist
                0x0010001c                __system_runflags
 *(.init)
 .init          0x00100094        0xc C:/devkitPro/devkitARM/bin/../lib/gcc/arm-none-eabi/14.2.0/armv6k/fpu/crti.o
                0x00100094                _init
 .init          0x001000a0        0xc C:/devkitPro/devkitARM/bin/../lib/gcc/arm-none-eabi/14.2.0/armv6k/fpu/crtn.o
                0x001000ac                        . = ALIGN (0x4)
 *(.text)
 .text          0x001000ac       0xd4 C:/devkitPro/devkitARM/bin/../lib/gcc/arm-none-eabi/14.2.0/armv6k/fpu\libgcc.a(_aeabi_ldivmod.o)
                0x001000ac                __aeabi_ldivmod
 .text          0x00100180      0x1a8 C:/devkitPro/devkitARM/bin/../lib/gcc/arm-none-eabi/14.2.0/armv6k/fpu\libgcc.a(libunwind.o)
                0x00100180                __restore_core_regs
                0x00100180                restore_core_regs
                0x00100194                __gnu_Unwind_Restore_VFP
                0x0010019c                __gnu_Unwind_Save_VFP
                0x001001a4                __gnu_Unwind_Restore_VFP_D
                0x001001ac                __gnu_Unwind_Save_VFP_D
                0x001001b4                __gnu_Unwind_Restore_VFP_D_16_to_31
                0x001001bc                __gnu_Unwind_Save_VFP_D_16_to_31
                0x001001c4                __gnu_Unwind_Restore_WMMXD
                0x00100208                __gnu_Unwind_Save_WMMXD
                0x0010024c                __gnu_Unwind_Restore_WMMXC
                0x00100260                __gnu_Unwind_Save_WMMXC
                0x00100274                ___Unwind_RaiseException
                0x00100274                _Unwind_RaiseException
                0x00100298                _Unwind_Resume
                0x00100298                ___Unwind_Resume
                0x001002bc                _Unwind_Resume_or_Rethrow
                0x001002bc                ___Unwind_Resume_or_Rethrow
                0x001002e0                _Unwind_ForcedUnwind
                0x001002e0                ___Unwind_ForcedUnwind
                0x00100304                ___Unwind_Backtrace
                0x00100304                _Unwind_Backtrace
 .text          0x00100328        0x4 C:/devkitPro/devkitARM/bin/../lib/gcc/arm-none-eabi/14.2.0/armv6k/fpu\libgcc.a(_dvmd_tls.o)
                0x00100328                __aeabi_idiv0
                0x00100328                __aeabi_ldiv0
 *fill*         0x0010032c       0x14 
 .text          0x00100340      0x390 C:/devkitPro/devkitARM/bin/../lib/gcc/arm-none-eabi/14.2.0/../../../../arm-none-eabi/lib/armv6k/fpu\libg.a(libc_a-strcmp.o)
                0x00100348                strcmp
 .text          0x001006d0      0x20c C:/devkitPro/devkitARM/bin/../lib/gcc/arm-none-eabi/14.2.0/armv6k/fpu\libgcc.a(_udivsi3.o)
                0x001006d0                __aeabi_uidiv
                0x001006d0                __udivsi3
                0x001008bc                __aeabi_uidivmod
 *(.text.*)
 .text.__do_global_dtors_aux
                0x001008dc       0x40 C:/devkitPro/devkitARM/bin/../lib/gcc/arm-none-eabi/14.2.0/armv6k/fpu/crtbegin.o
 .text.frame_dummy
                0x0010091c       0x2c C:/devkitPro/devkitARM/bin/../lib/gcc/arm-none-eabi/14.2.0/armv6k/fpu/crtbegin.o
 .text._ZN9GameLogic13getStarVectorEv
                0x00100948        0x8 GameLogic.o
                0x00100948                GameLogic::getStarVector()
 .text._ZNSt6vectorI9NinjaStarSaIS0_EE17_M_realloc_appendIJS0_EEEvDpOT_
                0x00100950      0x108 GameLogic.o
                0x00100950                void std::vector<NinjaStar, std::allocator<NinjaStar> >::_M_realloc_append<NinjaStar>(NinjaStar&&)
 .text._ZN9GameLogic12manageSpawnsEv
                0x00100a58       0xd4 GameLogic.o
                0x00100a58                GameLogic::manageSpawns()
 .text._ZN9GameLogicC2Ev
                0x00100b2c       0xc8 GameLogic.o
                0x00100b2c                GameLogic::GameLogic()
                0x00100b2c                GameLogic::GameLogic()
 *fill*         0x00100bf4        0x4 
 .text._ZN9NinjaStarC2Eii
                0x00100bf8       0x38 NinjaStar.o
                0x00100bf8                NinjaStar::NinjaStar(int, int)
                0x00100bf8                NinjaStar::NinjaStar(int, int)
 .text._ZN9NinjaStar5flingEiiRS_
                0x00100c30       0xd0 NinjaStar.o
                0x00100c30                NinjaStar::fling(int, int, NinjaStar&)
 .text._ZN9NinjaStar7gravityEii
                0x00100d00       0xa0 NinjaStar.o
                0x00100d00                NinjaStar::gravity(int, int)
 .text._ZN9NinjaStar18simulateCollisionsEv
                0x00100da0       0xf8 NinjaStar.o
                0x00100da0                NinjaStar::simulateCollisions()
 .text._ZN9NinjaStar16simulateVelocityEv
                0x00100e98       0x5c NinjaStar.o
                0x00100e98                NinjaStar::simulateVelocity()
 .text._ZN9NinjaStar6getTopEv
                0x00100ef4        0x8 NinjaStar.o
                0x00100ef4                NinjaStar::getTop()
 .text._ZN9NinjaStar12getXPositionEv
                0x00100efc        0x8 NinjaStar.o
                0x00100efc                NinjaStar::getXPosition()
 .text._ZN9NinjaStar12getYPositionEv
                0x00100f04        0x8 NinjaStar.o
                0x00100f04                NinjaStar::getYPosition()
 .text._Z4draw9NinjaStarii
                0x00100f0c       0x9c main.o
                0x00100f0c                draw(NinjaStar, int, int)
 .text.startup.main
                0x00100fa8      0x2d8 main.o
                0x00100fa8                main
 .text.C2Di_FrameEndHook
                0x00101280       0x44 C:/devkitPro/libctru/lib\libcitro2d.a(base.o)
 *fill*         0x001012c4        0x4 
 .text.C2D_Init
                0x001012c8      0x36c C:/devkitPro/libctru/lib\libcitro2d.a(base.o)
                0x001012c8                C2D_Init
 .text.C2D_Fini
                0x00101634       0x4c C:/devkitPro/libctru/lib\libcitro2d.a(base.o)
                0x00101634                C2D_Fini
 .text.C2D_Prepare
                0x00101680       0xb8 C:/devkitPro/libctru/lib\libcitro2d.a(base.o)
                0x00101680                C2D_Prepare
 .text.C2D_Flush
                0x00101738       0x48 C:/devkitPro/libctru/lib\libcitro2d.a(base.o)
                0x00101738                C2D_Flush
 .text.C2D_SceneSize
                0x00101780      0x104 C:/devkitPro/libctru/lib\libcitro2d.a(base.o)
                0x00101780                C2D_SceneSize
 .text.C2D_CreateScreenTarget
                0x00101884       0x58 C:/devkitPro/libctru/lib\libcitro2d.a(base.o)
                0x00101884                C2D_CreateScreenTarget
 .text.C2D_TargetClear
                0x001018dc       0x64 C:/devkitPro/libctru/lib\libcitro2d.a(base.o)
                0x001018dc                C2D_TargetClear
 .text.C2Di_AppendQuad
                0x00101940       0x58 C:/devkitPro/libctru/lib\libcitro2d.a(base.o)
                0x00101940                C2Di_AppendQuad
 .text.C2Di_Update
                0x00101998      0x550 C:/devkitPro/libctru/lib\libcitro2d.a(base.o)
                0x00101998                C2Di_Update
 .text.C2D_DrawRectangle
                0x00101ee8      0x158 C:/devkitPro/libctru/lib\libcitro2d.a(base.o)
                0x00101ee8                C2D_DrawRectangle
 .text.C2D_DrawEllipse
                0x00102040      0x16c C:/devkitPro/libctru/lib\libcitro2d.a(base.o)
                0x00102040                C2D_DrawEllipse
 .text.AttrInfo_Init
                0x001021ac       0x28 C:/devkitPro/libctru/lib\libcitro3d.a(attribs.o)
                0x001021ac                AttrInfo_Init
 .text.AttrInfo_AddLoader
                0x001021d4       0x94 C:/devkitPro/libctru/lib\libcitro3d.a(attribs.o)
                0x001021d4                AttrInfo_AddLoader
 .text.C3D_SetAttrInfo
                0x00102268       0x54 C:/devkitPro/libctru/lib\libcitro3d.a(attribs.o)
                0x00102268                C3D_SetAttrInfo
 .text.C3Di_AttrInfoBind
                0x001022bc       0x80 C:/devkitPro/libctru/lib\libcitro3d.a(attribs.o)
                0x001022bc                C3Di_AttrInfoBind
 .text.C3Di_LightEnvUpdate
                0x0010233c        0x4 C:/devkitPro/libctru/lib\libcitro3d.a(base.o)
                0x0010233c                C3Di_LightEnvUpdate
 .text.C3Di_LightEnvDirty
                0x00102340        0x4 C:/devkitPro/libctru/lib\libcitro3d.a(base.o)
                0x00102340                C3Di_LightEnvDirty
 .text.C3Di_AptEventHook
                0x00102344       0xb4 C:/devkitPro/libctru/lib\libcitro3d.a(base.o)
 .text.C3Di_GasUpdate
                0x001023f8        0x4 C:/devkitPro/libctru/lib\libcitro3d.a(base.o)
                0x001023f8                C3Di_GasUpdate
 .text.C3D_Init
                0x001023fc      0x1d0 C:/devkitPro/libctru/lib\libcitro3d.a(base.o)
                0x001023fc                C3D_Init
 .text.C3D_SetViewport
                0x001025cc       0x98 C:/devkitPro/libctru/lib\libcitro3d.a(base.o)
                0x001025cc                C3D_SetViewport
 .text.C3Di_UpdateContext
                0x00102664      0x4e8 C:/devkitPro/libctru/lib\libcitro3d.a(base.o)
                0x00102664                C3Di_UpdateContext
 .text.C3Di_SplitFrame
                0x00102b4c       0xe0 C:/devkitPro/libctru/lib\libcitro3d.a(base.o)
                0x00102b4c                C3Di_SplitFrame
 .text.C3D_Fini
                0x00102c2c       0x44 C:/devkitPro/libctru/lib\libcitro3d.a(base.o)
                0x00102c2c                C3D_Fini
 .text.C3D_BindProgram
                0x00102c70      0x194 C:/devkitPro/libctru/lib\libcitro3d.a(base.o)
                0x00102c70                C3D_BindProgram
 .text.BufInfo_Init
                0x00102e04       0x24 C:/devkitPro/libctru/lib\libcitro3d.a(buffers.o)
                0x00102e04                BufInfo_Init
 .text.BufInfo_Add
                0x00102e28       0x80 C:/devkitPro/libctru/lib\libcitro3d.a(buffers.o)
                0x00102e28                BufInfo_Add
 .text.C3D_SetBufInfo
                0x00102ea8       0x3c C:/devkitPro/libctru/lib\libcitro3d.a(buffers.o)
                0x00102ea8                C3D_SetBufInfo
 .text.C3Di_BufInfoBind
                0x00102ee4       0x48 C:/devkitPro/libctru/lib\libcitro3d.a(buffers.o)
                0x00102ee4                C3Di_BufInfoBind
 .text.C3D_DrawElements
                0x00102f2c      0x21c C:/devkitPro/libctru/lib\libcitro3d.a(drawElements.o)
                0x00102f2c                C3D_DrawElements
 .text.C3D_DepthMap
                0x00103148       0x40 C:/devkitPro/libctru/lib\libcitro3d.a(effect.o)
                0x00103148                C3D_DepthMap
 .text.C3D_CullFace
                0x00103188       0x1c C:/devkitPro/libctru/lib\libcitro3d.a(effect.o)
                0x00103188                C3D_CullFace
 .text.C3D_StencilTest
                0x001031a4       0x40 C:/devkitPro/libctru/lib\libcitro3d.a(effect.o)
                0x001031a4                C3D_StencilTest
 .text.C3D_StencilOp
                0x001031e4       0x24 C:/devkitPro/libctru/lib\libcitro3d.a(effect.o)
                0x001031e4                C3D_StencilOp
 .text.C3D_BlendingColor
                0x00103208       0x1c C:/devkitPro/libctru/lib\libcitro3d.a(effect.o)
                0x00103208                C3D_BlendingColor
 .text.C3D_EarlyDepthTest
                0x00103224       0x24 C:/devkitPro/libctru/lib\libcitro3d.a(effect.o)
                0x00103224                C3D_EarlyDepthTest
 .text.C3D_DepthTest
                0x00103248       0x2c C:/devkitPro/libctru/lib\libcitro3d.a(effect.o)
                0x00103248                C3D_DepthTest
 .text.C3D_AlphaTest
                0x00103274       0x2c C:/devkitPro/libctru/lib\libcitro3d.a(effect.o)
                0x00103274                C3D_AlphaTest
 .text.C3D_AlphaBlend
                0x001032a0       0x50 C:/devkitPro/libctru/lib\libcitro3d.a(effect.o)
                0x001032a0                C3D_AlphaBlend
 .text.C3D_FragOpMode
                0x001032f0       0x30 C:/devkitPro/libctru/lib\libcitro3d.a(effect.o)
                0x001032f0                C3D_FragOpMode
 .text.C3D_FragOpShadow
                0x00103320       0x44 C:/devkitPro/libctru/lib\libcitro3d.a(effect.o)
                0x00103320                C3D_FragOpShadow
 .text.C3Di_EffectBind
                0x00103364      0x1ac C:/devkitPro/libctru/lib\libcitro3d.a(effect.o)
                0x00103364                C3Di_EffectBind
 .text.C3D_CalcColorBufSize
                0x00103510       0x1c C:/devkitPro/libctru/lib\libcitro3d.a(framebuffer.o)
                0x00103510                C3D_CalcColorBufSize
 .text.C3D_CalcDepthBufSize
                0x0010352c       0x1c C:/devkitPro/libctru/lib\libcitro3d.a(framebuffer.o)
                0x0010352c                C3D_CalcDepthBufSize
 .text.C3D_SetFrameBuf
                0x00103548       0x44 C:/devkitPro/libctru/lib\libcitro3d.a(framebuffer.o)
                0x00103548                C3D_SetFrameBuf
 .text.C3Di_FrameBufBind
                0x0010358c      0x16c C:/devkitPro/libctru/lib\libcitro3d.a(framebuffer.o)
                0x0010358c                C3Di_FrameBufBind
 .text.C3D_FrameBufClear
                0x001036f8       0xc8 C:/devkitPro/libctru/lib\libcitro3d.a(framebuffer.o)
                0x001036f8                C3D_FrameBufClear
 .text.C3D_FrameBufTransfer
                0x001037c0       0x44 C:/devkitPro/libctru/lib\libcitro3d.a(framebuffer.o)
                0x001037c0                C3D_FrameBufTransfer
 .text.C3D_ImmSendAttrib
                0x00103804       0xa8 C:/devkitPro/libctru/lib\libcitro3d.a(immediate.o)
                0x00103804                C3D_ImmSendAttrib
 .text.C3D_ProcTexInit
                0x001038ac       0x70 C:/devkitPro/libctru/lib\libcitro3d.a(proctex.o)
                0x001038ac                C3D_ProcTexInit
 .text.C3D_ProcTexBind
                0x0010391c       0x54 C:/devkitPro/libctru/lib\libcitro3d.a(proctex.o)
                0x0010391c                C3D_ProcTexBind
 .text.C3D_ProcTexLutBind
                0x00103970       0x5c C:/devkitPro/libctru/lib\libcitro3d.a(proctex.o)
                0x00103970                C3D_ProcTexLutBind
 .text.ProcTexLut_FromArray
                0x001039cc       0xa4 C:/devkitPro/libctru/lib\libcitro3d.a(proctex.o)
                0x001039cc                ProcTexLut_FromArray
 .text.C3Di_ProcTexUpdate
                0x00103a70      0x178 C:/devkitPro/libctru/lib\libcitro3d.a(proctex.o)
                0x00103a70                C3Di_ProcTexUpdate
 .text.C3Di_ProcTexDirty
                0x00103be8       0x68 C:/devkitPro/libctru/lib\libcitro3d.a(proctex.o)
                0x00103be8                C3Di_ProcTexDirty
 .text.onVBlank0
                0x00103c50       0x4c C:/devkitPro/libctru/lib\libcitro3d.a(renderqueue.o)
 .text.onVBlank1
                0x00103c9c       0x4c C:/devkitPro/libctru/lib\libcitro3d.a(renderqueue.o)
 .text.C3Di_RenderTargetDestroy
                0x00103ce8       0x80 C:/devkitPro/libctru/lib\libcitro3d.a(renderqueue.o)
 .text.onQueueFinish
                0x00103d68       0xf4 C:/devkitPro/libctru/lib\libcitro3d.a(renderqueue.o)
 .text.C3Di_RenderQueueEnableVBlank
                0x00103e5c       0x38 C:/devkitPro/libctru/lib\libcitro3d.a(renderqueue.o)
                0x00103e5c                C3Di_RenderQueueEnableVBlank
 .text.C3Di_RenderQueueDisableVBlank
                0x00103e94       0x30 C:/devkitPro/libctru/lib\libcitro3d.a(renderqueue.o)
                0x00103e94                C3Di_RenderQueueDisableVBlank
 .text.C3Di_RenderQueueInit
                0x00103ec4       0x60 C:/devkitPro/libctru/lib\libcitro3d.a(renderqueue.o)
                0x00103ec4                C3Di_RenderQueueInit
 .text.C3Di_RenderQueueExit
                0x00103f24       0xb4 C:/devkitPro/libctru/lib\libcitro3d.a(renderqueue.o)
                0x00103f24                C3Di_RenderQueueExit
 .text.C3Di_RenderQueueWaitDone
                0x00103fd8       0x34 C:/devkitPro/libctru/lib\libcitro3d.a(renderqueue.o)
                0x00103fd8                C3Di_RenderQueueWaitDone
 .text.C3D_FrameBegin
                0x0010400c       0xe8 C:/devkitPro/libctru/lib\libcitro3d.a(renderqueue.o)
                0x0010400c                C3D_FrameBegin
 .text.C3D_FrameDrawOn
                0x001040f4       0x48 C:/devkitPro/libctru/lib\libcitro3d.a(renderqueue.o)
                0x001040f4                C3D_FrameDrawOn
 .text.C3D_FrameSplit
                0x0010413c       0x58 C:/devkitPro/libctru/lib\libcitro3d.a(renderqueue.o)
                0x0010413c                C3D_FrameSplit
 .text.C3D_FrameEnd
                0x00104194      0x1d0 C:/devkitPro/libctru/lib\libcitro3d.a(renderqueue.o)
                0x00104194                C3D_FrameEnd
 .text.C3D_FrameEndHook
                0x00104364       0x1c C:/devkitPro/libctru/lib\libcitro3d.a(renderqueue.o)
                0x00104364                C3D_FrameEndHook
 .text.C3D_RenderTargetCreate
                0x00104380      0x170 C:/devkitPro/libctru/lib\libcitro3d.a(renderqueue.o)
                0x00104380                C3D_RenderTargetCreate
 .text.C3D_RenderTargetSetOutput
                0x001044f0       0xa8 C:/devkitPro/libctru/lib\libcitro3d.a(renderqueue.o)
                0x001044f0                C3D_RenderTargetSetOutput
 .text.C3D_GetTexEnv
                0x00104598       0x34 C:/devkitPro/libctru/lib\libcitro3d.a(texenv.o)
                0x00104598                C3D_GetTexEnv
 .text.C3Di_TexEnvBind
                0x001045cc       0x24 C:/devkitPro/libctru/lib\libcitro3d.a(texenv.o)
                0x001045cc                C3Di_TexEnvBind
 .text.C3D_TexBind
                0x001045f0       0x44 C:/devkitPro/libctru/lib\libcitro3d.a(texture.o)
                0x001045f0                C3D_TexBind
 .text.C3Di_SetTex
                0x00104634      0x14c C:/devkitPro/libctru/lib\libcitro3d.a(texture.o)
                0x00104634                C3Di_SetTex
 .text.C3D_UpdateUniforms
                0x00104780      0x290 C:/devkitPro/libctru/lib\libcitro3d.a(uniforms.o)
                0x00104780                C3D_UpdateUniforms
 .text.C3Di_DirtyUniforms
                0x00104a10       0xc0 C:/devkitPro/libctru/lib\libcitro3d.a(uniforms.o)
                0x00104a10                C3Di_DirtyUniforms
 .text.C3Di_LoadShaderUniforms
                0x00104ad0       0xd8 C:/devkitPro/libctru/lib\libcitro3d.a(uniforms.o)
                0x00104ad0                C3Di_LoadShaderUniforms
 .text.C3Di_ClearShaderUniforms
                0x00104ba8       0x28 C:/devkitPro/libctru/lib\libcitro3d.a(uniforms.o)
                0x00104ba8                C3Di_ClearShaderUniforms
 .text.Mtx_Ortho
                0x00104bd0       0xcc C:/devkitPro/libctru/lib\libcitro3d.a(mtx_ortho.o)
                0x00104bd0                Mtx_Ortho
 .text.Mtx_OrthoTilt
                0x00104c9c       0xcc C:/devkitPro/libctru/lib\libcitro3d.a(mtx_orthotilt.o)
                0x00104c9c                Mtx_OrthoTilt
 .text._ZL21addrMapNodeComparatorPK11rbtree_nodeS1_
                0x00104d68       0x24 C:/devkitPro/libctru/lib\libctru.a(linear.o)
 .text._ZL21addrMapNodeDestructorP11rbtree_node
                0x00104d8c        0x4 C:/devkitPro/libctru/lib\libctru.a(linear.o)
 .text.linearMemAlign
                0x00104d90      0x120 C:/devkitPro/libctru/lib\libctru.a(linear.o)
                0x00104d90                linearMemAlign
 .text.linearAlloc
                0x00104eb0        0x8 C:/devkitPro/libctru/lib\libctru.a(linear.o)
                0x00104eb0                linearAlloc
 .text.linearFree
                0x00104eb8       0x5c C:/devkitPro/libctru/lib\libctru.a(linear.o)
                0x00104eb8                linearFree
 .text._ZN7MemPool13CoalesceRightEP8MemBlock
                0x00104f14       0x84 C:/devkitPro/libctru/lib\libctru.a(mem_pool.o)
                0x00104f14                MemPool::CoalesceRight(MemBlock*)
 .text._ZN7MemPool8AllocateER8MemChunkmi
                0x00104f98      0x150 C:/devkitPro/libctru/lib\libctru.a(mem_pool.o)
                0x00104f98                MemPool::Allocate(MemChunk&, unsigned long, int)
 .text._ZN7MemPool10DeallocateERK8MemChunk
                0x001050e8       0xfc C:/devkitPro/libctru/lib\libctru.a(mem_pool.o)
                0x001050e8                MemPool::Deallocate(MemChunk const&)
 .text._ZN7MemPool12GetFreeSpaceEv
                0x001051e4       0x30 C:/devkitPro/libctru/lib\libctru.a(mem_pool.o)
                0x001051e4                MemPool::GetFreeSpace()
 .text._ZL21addrMapNodeComparatorPK11rbtree_nodeS1_
                0x00105214       0x24 C:/devkitPro/libctru/lib\libctru.a(vram.o)
 .text._ZL21addrMapNodeDestructorP11rbtree_node
                0x00105238        0x4 C:/devkitPro/libctru/lib\libctru.a(vram.o)
 .text.vramMemAlignAt
                0x0010523c      0x244 C:/devkitPro/libctru/lib\libctru.a(vram.o)
                0x0010523c                vramMemAlignAt
 .text.vramAlloc
                0x00105480        0xc C:/devkitPro/libctru/lib\libctru.a(vram.o)
                0x00105480                vramAlloc
 .text.vramAllocAt
                0x0010548c        0xc C:/devkitPro/libctru/lib\libctru.a(vram.o)
                0x0010548c                vramAllocAt
 .text.vramFree
                0x00105498       0x90 C:/devkitPro/libctru/lib\libctru.a(vram.o)
                0x00105498                vramFree
 .text.gfxPresentFramebuffer
                0x00105528       0xd0 C:/devkitPro/libctru/lib\libctru.a(gfx.o)
 .text.gfxIsWide
                0x001055f8       0x1c C:/devkitPro/libctru/lib\libctru.a(gfx.o)
                0x001055f8                gfxIsWide
 .text.gfxSetScreenFormat
                0x00105614       0xec C:/devkitPro/libctru/lib\libctru.a(gfx.o)
                0x00105614                gfxSetScreenFormat
 .text.gfxInit  0x00105700       0xd8 C:/devkitPro/libctru/lib\libctru.a(gfx.o)
                0x00105700                gfxInit
 .text.gfxInitDefault
                0x001057d8       0x10 C:/devkitPro/libctru/lib\libctru.a(gfx.o)
                0x001057d8                gfxInitDefault
 .text.gfxExit  0x001057e8       0xb4 C:/devkitPro/libctru/lib\libctru.a(gfx.o)
                0x001057e8                gfxExit
 .text.gfxGetFramebuffer
                0x0010589c       0xa0 C:/devkitPro/libctru/lib\libctru.a(gfx.o)
                0x0010589c                gfxGetFramebuffer
 .text.gfxScreenSwapBuffers
                0x0010593c       0x30 C:/devkitPro/libctru/lib\libctru.a(gfx.o)
                0x0010593c                gfxScreenSwapBuffers
 .text.osConvertVirtToPhys
                0x0010596c       0x74 C:/devkitPro/libctru/lib\libctru.a(os.o)
                0x0010596c                osConvertVirtToPhys
 .text.osGetTimeRef
                0x001059e0       0x54 C:/devkitPro/libctru/lib\libctru.a(os.o)
                0x001059e0                osGetTimeRef
 .text.osGetTime
                0x00105a34       0xec C:/devkitPro/libctru/lib\libctru.a(os.o)
                0x00105a34                osGetTime
 .text.__ctru_speedup_config
                0x00105b20       0x34 C:/devkitPro/libctru/lib\libctru.a(os.o)
                0x00105b20                __ctru_speedup_config
 .text.GPUCMD_Add
                0x00105b54      0x13c C:/devkitPro/libctru/lib\libctru.a(gpu.o)
                0x00105b54                GPUCMD_Add
 .text.GPUCMD_Split
                0x00105c90       0xb0 C:/devkitPro/libctru/lib\libctru.a(gpu.o)
                0x00105c90                GPUCMD_Split
 .text.f32tof16
                0x00105d40       0x34 C:/devkitPro/libctru/lib\libctru.a(gpu.o)
                0x00105d40                f32tof16
 .text.f32tof24
                0x00105d74       0x34 C:/devkitPro/libctru/lib\libctru.a(gpu.o)
                0x00105d74                f32tof24
 .text.f32tof31
                0x00105da8       0x38 C:/devkitPro/libctru/lib\libctru.a(gpu.o)
                0x00105da8                f32tof31
 .text.GX_BindQueue
                0x00105de0       0x10 C:/devkitPro/libctru/lib\libctru.a(gx.o)
                0x00105de0                GX_BindQueue
 .text.GX_ProcessCommandList
                0x00105df0       0x78 C:/devkitPro/libctru/lib\libctru.a(gx.o)
                0x00105df0                GX_ProcessCommandList
 .text.GX_MemoryFill
                0x00105e68       0x74 C:/devkitPro/libctru/lib\libctru.a(gx.o)
                0x00105e68                GX_MemoryFill
 .text.GX_DisplayTransfer
                0x00105edc       0x70 C:/devkitPro/libctru/lib\libctru.a(gx.o)
                0x00105edc                GX_DisplayTransfer
 .text.gxCmdQueueDoCommands.part.0
                0x00105f4c       0x68 C:/devkitPro/libctru/lib\libctru.a(gxqueue.o)
 .text.gxCmdQueueInterrupt
                0x00105fb4       0xc8 C:/devkitPro/libctru/lib\libctru.a(gxqueue.o)
                0x00105fb4                gxCmdQueueInterrupt
 .text.gxCmdQueueClear
                0x0010607c       0x4c C:/devkitPro/libctru/lib\libctru.a(gxqueue.o)
                0x0010607c                gxCmdQueueClear
 .text.gxCmdQueueAdd
                0x001060c8       0xf8 C:/devkitPro/libctru/lib\libctru.a(gxqueue.o)
                0x001060c8                gxCmdQueueAdd
 .text.gxCmdQueueRun
                0x001061c0       0x80 C:/devkitPro/libctru/lib\libctru.a(gxqueue.o)
                0x001061c0                gxCmdQueueRun
 .text.gxCmdQueueStop
                0x00106240       0x60 C:/devkitPro/libctru/lib\libctru.a(gxqueue.o)
                0x00106240                gxCmdQueueStop
 .text.gxCmdQueueWait
                0x001062a0       0x8c C:/devkitPro/libctru/lib\libctru.a(gxqueue.o)
                0x001062a0                gxCmdQueueWait
 .text.shaderInstanceInit
                0x0010632c      0x1d0 C:/devkitPro/libctru/lib\libctru.a(shaderProgram.o)
                0x0010632c                shaderInstanceInit
 .text.shaderInstanceGetUniformLocation
                0x001064fc       0x18 C:/devkitPro/libctru/lib\libctru.a(shaderProgram.o)
                0x001064fc                shaderInstanceGetUniformLocation
 .text.shaderProgramInit
                0x00106514       0x1c C:/devkitPro/libctru/lib\libctru.a(shaderProgram.o)
                0x00106514                shaderProgramInit
 .text.shaderProgramFree
                0x00106530       0x64 C:/devkitPro/libctru/lib\libctru.a(shaderProgram.o)
                0x00106530                shaderProgramFree
 .text.shaderProgramSetVsh
                0x00106594       0x80 C:/devkitPro/libctru/lib\libctru.a(shaderProgram.o)
                0x00106594                shaderProgramSetVsh
 .text.shaderProgramConfigure
                0x00106614      0x8d0 C:/devkitPro/libctru/lib\libctru.a(shaderProgram.o)
                0x00106614                shaderProgramConfigure
 .text.DVLE_GenerateOutmap.part.0
                0x00106ee4      0x1dc C:/devkitPro/libctru/lib\libctru.a(shbin.o)
 .text.DVLB_ParseFile
                0x001070c0      0x1b0 C:/devkitPro/libctru/lib\libctru.a(shbin.o)
                0x001070c0                DVLB_ParseFile
 .text.DVLB_Free
                0x00107270       0x38 C:/devkitPro/libctru/lib\libctru.a(shbin.o)
                0x00107270                DVLB_Free
 .text.DVLE_GetUniformRegister
                0x001072a8       0x74 C:/devkitPro/libctru/lib\libctru.a(shbin.o)
                0x001072a8                DVLE_GetUniformRegister
 .text.aptConvertScreenForCapture
                0x0010731c      0x1b0 C:/devkitPro/libctru/lib\libctru.a(apt.o)
 .text.aptDspSleep
                0x001074cc        0x8 C:/devkitPro/libctru/lib\libctru.a(apt.o)
                0x001074cc                aptDspSleep
 .text.aptDspWakeup
                0x001074d4        0x4 C:/devkitPro/libctru/lib\libctru.a(apt.o)
                0x001074d4                aptDspWakeup
 .text.aptDspCancel
                0x001074d8        0x4 C:/devkitPro/libctru/lib\libctru.a(apt.o)
                0x001074d8                aptDspCancel
 .text.aptSendCommand
                0x001074dc      0x158 C:/devkitPro/libctru/lib\libctru.a(apt.o)
                0x001074dc                aptSendCommand
 *fill*         0x00107634        0x4 
 .text.aptExitProcess
                0x00107638       0x44 C:/devkitPro/libctru/lib\libctru.a(apt.o)
 .text.aptExit  0x0010767c      0x380 C:/devkitPro/libctru/lib\libctru.a(apt.o)
                0x0010767c                aptExit
 .text.aptHandleSleep
                0x001079fc       0xd8 C:/devkitPro/libctru/lib\libctru.a(apt.o)
                0x001079fc                aptHandleSleep
 .text.aptHook  0x00107ad4       0x30 C:/devkitPro/libctru/lib\libctru.a(apt.o)
                0x00107ad4                aptHook
 .text.aptUnhook
                0x00107b04       0x30 C:/devkitPro/libctru/lib\libctru.a(apt.o)
                0x00107b04                aptUnhook
 .text.APT_SleepIfShellClosed
                0x00107b34       0x84 C:/devkitPro/libctru/lib\libctru.a(apt.o)
                0x00107b34                APT_SleepIfShellClosed
 .text.aptSetSleepAllowed
                0x00107bb8       0x78 C:/devkitPro/libctru/lib\libctru.a(apt.o)
                0x00107bb8                aptSetSleepAllowed
 .text.APT_UnlockTransition
                0x00107c30       0x84 C:/devkitPro/libctru/lib\libctru.a(apt.o)
                0x00107c30                APT_UnlockTransition
 *fill*         0x00107cb4        0x4 
 .text.aptEventHandler
                0x00107cb8      0x478 C:/devkitPro/libctru/lib\libctru.a(apt.o)
 .text.APT_ReceiveParameter
                0x00108130       0xb0 C:/devkitPro/libctru/lib\libctru.a(apt.o)
                0x00108130                APT_ReceiveParameter
 .text.aptReceiveParameter.constprop.0
                0x001081e0       0xac C:/devkitPro/libctru/lib\libctru.a(apt.o)
 *fill*         0x0010828c        0x4 
 .text.aptScreenTransfer
                0x00108290      0x294 C:/devkitPro/libctru/lib\libctru.a(apt.o)
 .text.aptWaitForWakeUp.isra.0
                0x00108524      0x2c8 C:/devkitPro/libctru/lib\libctru.a(apt.o)
 .text.aptJumpToHomeMenu
                0x001087ec       0xf4 C:/devkitPro/libctru/lib\libctru.a(apt.o)
                0x001087ec                aptJumpToHomeMenu
 .text.aptMainLoop
                0x001088e0       0x48 C:/devkitPro/libctru/lib\libctru.a(apt.o)
                0x001088e0                aptMainLoop
 .text.aptInit  0x00108928      0x22c C:/devkitPro/libctru/lib\libctru.a(apt.o)
                0x00108928                aptInit
 .text.APT_CheckNew3DS
                0x00108b54       0x7c C:/devkitPro/libctru/lib\libctru.a(apt.o)
                0x00108b54                APT_CheckNew3DS
 .text.gspHardwareInit
                0x00108bd0      0xc70 C:/devkitPro/libctru/lib\libctru.a(gspgpu.o)
 .text.gspInit  0x00109840      0x248 C:/devkitPro/libctru/lib\libctru.a(gspgpu.o)
                0x00109840                gspInit
 .text.gspExit  0x00109a88       0xe4 C:/devkitPro/libctru/lib\libctru.a(gspgpu.o)
                0x00109a88                gspExit
 .text.gspHasGpuRight
                0x00109b6c       0x10 C:/devkitPro/libctru/lib\libctru.a(gspgpu.o)
                0x00109b6c                gspHasGpuRight
 .text.gspPresentBuffer
                0x00109b7c       0xa0 C:/devkitPro/libctru/lib\libctru.a(gspgpu.o)
                0x00109b7c                gspPresentBuffer
 .text.gspSetEventCallback
                0x00109c1c       0x30 C:/devkitPro/libctru/lib\libctru.a(gspgpu.o)
                0x00109c1c                gspSetEventCallback
 .text.gspWaitForEvent
                0x00109c4c       0x44 C:/devkitPro/libctru/lib\libctru.a(gspgpu.o)
                0x00109c4c                gspWaitForEvent
 .text.gspWaitForAnyEvent
                0x00109c90       0x4c C:/devkitPro/libctru/lib\libctru.a(gspgpu.o)
                0x00109c90                gspWaitForAnyEvent
 .text.gspEventThreadMain
                0x00109cdc      0x160 C:/devkitPro/libctru/lib\libctru.a(gspgpu.o)
 .text.gspSubmitGxCommand
                0x00109e3c      0x130 C:/devkitPro/libctru/lib\libctru.a(gspgpu.o)
                0x00109e3c                gspSubmitGxCommand
 .text.GSPGPU_FlushDataCache
                0x00109f6c       0x50 C:/devkitPro/libctru/lib\libctru.a(gspgpu.o)
                0x00109f6c                GSPGPU_FlushDataCache
 .text.GSPGPU_SetLcdForceBlack
                0x00109fbc       0x34 C:/devkitPro/libctru/lib\libctru.a(gspgpu.o)
                0x00109fbc                GSPGPU_SetLcdForceBlack
 .text.GSPGPU_AcquireRight
                0x00109ff0       0x68 C:/devkitPro/libctru/lib\libctru.a(gspgpu.o)
                0x00109ff0                GSPGPU_AcquireRight
 .text.GSPGPU_ReleaseRight
                0x0010a058       0x48 C:/devkitPro/libctru/lib\libctru.a(gspgpu.o)
                0x0010a058                GSPGPU_ReleaseRight
 .text.GSPGPU_ImportDisplayCaptureInfo
                0x0010a0a0       0x7c C:/devkitPro/libctru/lib\libctru.a(gspgpu.o)
                0x0010a0a0                GSPGPU_ImportDisplayCaptureInfo
 .text.GSPGPU_SaveVramSysArea
                0x0010a11c       0x2c C:/devkitPro/libctru/lib\libctru.a(gspgpu.o)
                0x0010a11c                GSPGPU_SaveVramSysArea
 .text.GSPGPU_RestoreVramSysArea
                0x0010a148       0x2c C:/devkitPro/libctru/lib\libctru.a(gspgpu.o)
                0x0010a148                GSPGPU_RestoreVramSysArea
 .text.hidShouldUseIrrst
                0x0010a174       0x24 C:/devkitPro/libctru/lib\libctru.a(hid.o)
                0x0010a174                hidShouldUseIrrst
 .text.hidInit  0x0010a198      0x18c C:/devkitPro/libctru/lib\libctru.a(hid.o)
                0x0010a198                hidInit
 .text.hidExit  0x0010a324       0xe8 C:/devkitPro/libctru/lib\libctru.a(hid.o)
                0x0010a324                hidExit
 .text.hidScanInput
                0x0010a40c      0x2a4 C:/devkitPro/libctru/lib\libctru.a(hid.o)
                0x0010a40c                hidScanInput
 .text.hidKeysHeld
                0x0010a6b0       0x10 C:/devkitPro/libctru/lib\libctru.a(hid.o)
                0x0010a6b0                hidKeysHeld
 .text.hidKeysDown
                0x0010a6c0       0x10 C:/devkitPro/libctru/lib\libctru.a(hid.o)
                0x0010a6c0                hidKeysDown
 .text.hidKeysUp
                0x0010a6d0       0x10 C:/devkitPro/libctru/lib\libctru.a(hid.o)
                0x0010a6d0                hidKeysUp
 .text.hidTouchRead
                0x0010a6e0       0x18 C:/devkitPro/libctru/lib\libctru.a(hid.o)
                0x0010a6e0                hidTouchRead
 .text.irrstInit
                0x0010a6f8      0x160 C:/devkitPro/libctru/lib\libctru.a(irrst.o)
                0x0010a6f8                irrstInit
 .text.irrstExit
                0x0010a858       0xcc C:/devkitPro/libctru/lib\libctru.a(irrst.o)
                0x0010a858                irrstExit
 .text.irrstScanInput
                0x0010a924       0xb4 C:/devkitPro/libctru/lib\libctru.a(irrst.o)
                0x0010a924                irrstScanInput
 .text.irrstKeysHeld
                0x0010a9d8       0x24 C:/devkitPro/libctru/lib\libctru.a(irrst.o)
                0x0010a9d8                irrstKeysHeld
 .text.ptmSysmInit
                0x0010a9fc       0x74 C:/devkitPro/libctru/lib\libctru.a(ptmsysm.o)
                0x0010a9fc                ptmSysmInit
 .text.ptmSysmExit
                0x0010aa70       0x3c C:/devkitPro/libctru/lib\libctru.a(ptmsysm.o)
                0x0010aa70                ptmSysmExit
 .text.PTMSYSM_ConfigureNew3DSCPU
                0x0010aaac       0x34 C:/devkitPro/libctru/lib\libctru.a(ptmsysm.o)
                0x0010aaac                PTMSYSM_ConfigureNew3DSCPU
 .text.rbtree_find
                0x0010aae0       0x74 C:/devkitPro/libctru/lib\libctru.a(rbtree_find.o)
                0x0010aae0                rbtree_find
 .text.rbtree_init
                0x0010ab54       0x10 C:/devkitPro/libctru/lib\libctru.a(rbtree_init.o)
                0x0010ab54                rbtree_init
 .text.do_insert
                0x0010ab64      0x19c C:/devkitPro/libctru/lib\libctru.a(rbtree_insert.o)
 .text.rbtree_insert
                0x0010ad00        0x8 C:/devkitPro/libctru/lib\libctru.a(rbtree_insert.o)
                0x0010ad00                rbtree_insert
 .text.rbtree_remove
                0x0010ad08      0x310 C:/devkitPro/libctru/lib\libctru.a(rbtree_remove.o)
                0x0010ad08                rbtree_remove
 .text.rbtree_rotate
                0x0010b018       0x90 C:/devkitPro/libctru/lib\libctru.a(rbtree_rotate.o)
                0x0010b018                rbtree_rotate
 .text.__system_allocateHeaps
                0x0010b0a8      0x1e0 C:/devkitPro/libctru/lib\libctru.a(allocateHeaps.o)
                0x0010b0a8                __system_allocateHeaps
 .text.__libctru_init
                0x0010b288       0x38 C:/devkitPro/libctru/lib\libctru.a(ctru_init.o)
                0x0010b288                __libctru_init
 .text.__system_initArgv
                0x0010b2c0      0x160 C:/devkitPro/libctru/lib\libctru.a(initArgv.o)
                0x0010b2c0                __system_initArgv
 .text.__syscall_getreent
                0x0010b420       0x30 C:/devkitPro/libctru/lib\libctru.a(syscalls.o)
                0x0010b420                __syscall_getreent
 .text.__syscall_gettod_r
                0x0010b450       0x64 C:/devkitPro/libctru/lib\libctru.a(syscalls.o)
                0x0010b450                __syscall_gettod_r
 .text.__syscall_lock_acquire_recursive
                0x0010b4b4        0x4 C:/devkitPro/libctru/lib\libctru.a(syscalls.o)
                0x0010b4b4                __syscall_lock_acquire_recursive
 .text.__syscall_lock_release_recursive
                0x0010b4b8        0x4 C:/devkitPro/libctru/lib\libctru.a(syscalls.o)
                0x0010b4b8                __syscall_lock_release_recursive
 .text.__syscall_exit
                0x0010b4bc        0x4 C:/devkitPro/libctru/lib\libctru.a(syscalls.o)
                0x0010b4bc                __syscall_exit
 .text.initThreadVars
                0x0010b4c0       0x50 C:/devkitPro/libctru/lib\libctru.a(syscalls.o)
                0x0010b4c0                initThreadVars
 .text.__system_initSyscalls
                0x0010b510       0x80 C:/devkitPro/libctru/lib\libctru.a(syscalls.o)
                0x0010b510                __system_initSyscalls
 .text.svcControlMemory
                0x0010b590       0x20 C:/devkitPro/libctru/lib\libctru.a(svc.o)
                0x0010b590                svcControlMemory
 .text.svcQueryMemory
                0x0010b5b0       0x30 C:/devkitPro/libctru/lib\libctru.a(svc.o)
                0x0010b5b0                svcQueryMemory
 .text.svcExitProcess
                0x0010b5e0        0x8 C:/devkitPro/libctru/lib\libctru.a(svc.o)
                0x0010b5e0                svcExitProcess
 .text.svcCreateThread
                0x0010b5e8       0x20 C:/devkitPro/libctru/lib\libctru.a(svc.o)
                0x0010b5e8                svcCreateThread
 .text.svcExitThread
                0x0010b608        0x8 C:/devkitPro/libctru/lib\libctru.a(svc.o)
                0x0010b608                svcExitThread
 .text.svcSleepThread
                0x0010b610        0x8 C:/devkitPro/libctru/lib\libctru.a(svc.o)
                0x0010b610                svcSleepThread
 .text.svcReleaseMutex
                0x0010b618        0x8 C:/devkitPro/libctru/lib\libctru.a(svc.o)
                0x0010b618                svcReleaseMutex
 .text.svcCreateEvent
                0x0010b620       0x14 C:/devkitPro/libctru/lib\libctru.a(svc.o)
                0x0010b620                svcCreateEvent
 .text.svcSignalEvent
                0x0010b634        0x8 C:/devkitPro/libctru/lib\libctru.a(svc.o)
                0x0010b634                svcSignalEvent
 .text.svcClearEvent
                0x0010b63c        0x8 C:/devkitPro/libctru/lib\libctru.a(svc.o)
                0x0010b63c                svcClearEvent
 .text.svcMapMemoryBlock
                0x0010b644        0x8 C:/devkitPro/libctru/lib\libctru.a(svc.o)
                0x0010b644                svcMapMemoryBlock
 .text.svcUnmapMemoryBlock
                0x0010b64c        0x8 C:/devkitPro/libctru/lib\libctru.a(svc.o)
                0x0010b64c                svcUnmapMemoryBlock
 .text.svcCreateAddressArbiter
                0x0010b654       0x14 C:/devkitPro/libctru/lib\libctru.a(svc.o)
                0x0010b654                svcCreateAddressArbiter
 .text.svcArbitrateAddressNoTimeout
                0x0010b668        0x8 C:/devkitPro/libctru/lib\libctru.a(svc.o)
                0x0010b668                svcArbitrateAddressNoTimeout
 .text.svcCloseHandle
                0x0010b670        0x8 C:/devkitPro/libctru/lib\libctru.a(svc.o)
                0x0010b670                svcCloseHandle
 .text.svcWaitSynchronization
                0x0010b678        0x8 C:/devkitPro/libctru/lib\libctru.a(svc.o)
                0x0010b678                svcWaitSynchronization
 .text.svcWaitSynchronizationN
                0x0010b680       0x28 C:/devkitPro/libctru/lib\libctru.a(svc.o)
                0x0010b680                svcWaitSynchronizationN
 .text.svcDuplicateHandle
                0x0010b6a8       0x14 C:/devkitPro/libctru/lib\libctru.a(svc.o)
                0x0010b6a8                svcDuplicateHandle
 .text.svcGetSystemTick
                0x0010b6bc        0x8 C:/devkitPro/libctru/lib\libctru.a(svc.o)
                0x0010b6bc                svcGetSystemTick
 .text.svcConnectToPort
                0x0010b6c4       0x14 C:/devkitPro/libctru/lib\libctru.a(svc.o)
                0x0010b6c4                svcConnectToPort
 .text.svcSendSyncRequest
                0x0010b6d8        0x8 C:/devkitPro/libctru/lib\libctru.a(svc.o)
                0x0010b6d8                svcSendSyncRequest
 .text.svcGetResourceLimit
                0x0010b6e0       0x14 C:/devkitPro/libctru/lib\libctru.a(svc.o)
                0x0010b6e0                svcGetResourceLimit
 .text.svcGetResourceLimitLimitValues
                0x0010b6f4        0x8 C:/devkitPro/libctru/lib\libctru.a(svc.o)
                0x0010b6f4                svcGetResourceLimitLimitValues
 .text.svcGetResourceLimitCurrentValues
                0x0010b6fc        0x8 C:/devkitPro/libctru/lib\libctru.a(svc.o)
                0x0010b6fc                svcGetResourceLimitCurrentValues
 .text.svcBreak
                0x0010b704        0x8 C:/devkitPro/libctru/lib\libctru.a(svc.o)
                0x0010b704                svcBreak
 .text.initSystem
                0x0010b70c       0x50 C:/devkitPro/libctru/lib\libctru.a(stack_adjust.o)
                0x0010b70c                initSystem
 .text.__ctru_exit
                0x0010b75c       0x14 C:/devkitPro/libctru/lib\libctru.a(stack_adjust.o)
                0x0010b75c                __ctru_exit
 .text.envGetHandle
                0x0010b770       0x84 C:/devkitPro/libctru/lib\libctru.a(env.o)
                0x0010b770                envGetHandle
 .text.envDestroyHandles
                0x0010b7f4       0x50 C:/devkitPro/libctru/lib\libctru.a(env.o)
                0x0010b7f4                envDestroyHandles
 .text.srvInit  0x0010b844      0x12c C:/devkitPro/libctru/lib\libctru.a(srv.o)
                0x0010b844                srvInit
 .text.srvExit  0x0010b970       0x58 C:/devkitPro/libctru/lib\libctru.a(srv.o)
                0x0010b970                srvExit
 .text.srvEnableNotification
                0x0010b9c8       0x60 C:/devkitPro/libctru/lib\libctru.a(srv.o)
                0x0010b9c8                srvEnableNotification
 .text.srvGetServiceHandleDirect
                0x0010ba28       0xa0 C:/devkitPro/libctru/lib\libctru.a(srv.o)
                0x0010ba28                srvGetServiceHandleDirect
 .text.srvGetServiceHandle
                0x0010bac8       0x38 C:/devkitPro/libctru/lib\libctru.a(srv.o)
                0x0010bac8                srvGetServiceHandle
 .text.srvSubscribe
                0x0010bb00       0x34 C:/devkitPro/libctru/lib\libctru.a(srv.o)
                0x0010bb00                srvSubscribe
 .text.srvReceiveNotification
                0x0010bb34       0x60 C:/devkitPro/libctru/lib\libctru.a(srv.o)
                0x0010bb34                srvReceiveNotification
 .text.srvPublishToSubscriber
                0x0010bb94       0x38 C:/devkitPro/libctru/lib\libctru.a(srv.o)
                0x0010bb94                srvPublishToSubscriber
 .text.__sync_init
                0x0010bbcc        0xc C:/devkitPro/libctru/lib\libctru.a(synchronization.o)
                0x0010bbcc                __sync_init
 .text.__sync_fini
                0x0010bbd8       0x18 C:/devkitPro/libctru/lib\libctru.a(synchronization.o)
                0x0010bbd8                __sync_fini
 .text.syncArbitrateAddress
                0x0010bbf0       0x2c C:/devkitPro/libctru/lib\libctru.a(synchronization.o)
                0x0010bbf0                syncArbitrateAddress
 .text.LightLock_Lock
                0x0010bc1c       0xb0 C:/devkitPro/libctru/lib\libctru.a(synchronization.o)
                0x0010bc1c                LightLock_Lock
 .text.LightLock_Unlock
                0x0010bccc       0x40 C:/devkitPro/libctru/lib\libctru.a(synchronization.o)
                0x0010bccc                LightLock_Unlock
 .text.RecursiveLock_Lock
                0x0010bd0c       0x30 C:/devkitPro/libctru/lib\libctru.a(synchronization.o)
                0x0010bd0c                RecursiveLock_Lock
 .text.RecursiveLock_Unlock
                0x0010bd3c       0x54 C:/devkitPro/libctru/lib\libctru.a(synchronization.o)
                0x0010bd3c                RecursiveLock_Unlock
 .text.LightEvent_Init
                0x0010bd90       0x40 C:/devkitPro/libctru/lib\libctru.a(synchronization.o)
                0x0010bd90                LightEvent_Init
 .text.LightEvent_Clear
                0x0010bdd0       0xa4 C:/devkitPro/libctru/lib\libctru.a(synchronization.o)
                0x0010bdd0                LightEvent_Clear
 .text.LightEvent_Signal
                0x0010be74       0xc8 C:/devkitPro/libctru/lib\libctru.a(synchronization.o)
                0x0010be74                LightEvent_Signal
 .text.LightEvent_TryWait
                0x0010bf3c       0x50 C:/devkitPro/libctru/lib\libctru.a(synchronization.o)
                0x0010bf3c                LightEvent_TryWait
 .text.LightEvent_Wait
                0x0010bf8c       0xa0 C:/devkitPro/libctru/lib\libctru.a(synchronization.o)
                0x0010bf8c                LightEvent_Wait
 .text.threadCreate
                0x0010c02c      0x1d4 C:/devkitPro/libctru/lib\libctru.a(thread.o)
                0x0010c02c                threadCreate
 .text.threadFree
                0x0010c200       0x2c C:/devkitPro/libctru/lib\libctru.a(thread.o)
                0x0010c200                threadFree
 .text.threadJoin
                0x0010c22c       0x24 C:/devkitPro/libctru/lib\libctru.a(thread.o)
                0x0010c22c                threadJoin
 .text.threadGetCurrent
                0x0010c250       0x30 C:/devkitPro/libctru/lib\libctru.a(thread.o)
                0x0010c250                threadGetCurrent
 .text.threadExit
                0x0010c280       0x40 C:/devkitPro/libctru/lib\libctru.a(thread.o)
                0x0010c280                threadExit
 .text._thread_begin
                0x0010c2c0       0x20 C:/devkitPro/libctru/lib\libctru.a(thread.o)
 .text.mappableFindAddressWithin
                0x0010c2e0       0x90 C:/devkitPro/libctru/lib\libctru.a(mappable.o)
 .text.mappableInit
                0x0010c370       0x28 C:/devkitPro/libctru/lib\libctru.a(mappable.o)
                0x0010c370                mappableInit
 .text.mappableAlloc
                0x0010c398       0x80 C:/devkitPro/libctru/lib\libctru.a(mappable.o)
                0x0010c398                mappableAlloc
 .text.mappableFree
                0x0010c418        0x4 C:/devkitPro/libctru/lib\libctru.a(mappable.o)
                0x0010c418                mappableFree
 .text.srvPmGetSessionHandle
                0x0010c41c        0xc C:/devkitPro/libctru/lib\libctru.a(srvpm.o)
                0x0010c41c                srvPmGetSessionHandle
 .text.rbtree_node_next
                0x0010c428       0x5c C:/devkitPro/libctru/lib\libctru.a(rbtree_iterator.o)
                0x0010c428                rbtree_node_next
 .text.__appExit
                0x0010c484       0x30 C:/devkitPro/libctru/lib\libctru.a(appExit.o)
                0x0010c484                __appExit
 .text.__appInit
                0x0010c4b4       0x30 C:/devkitPro/libctru/lib\libctru.a(appInit.o)
                0x0010c4b4                __appInit
 .text.__libctru_exit
                0x0010c4e4       0x90 C:/devkitPro/libctru/lib\libctru.a(ctru_exit.o)
                0x0010c4e4                __libctru_exit
 .text.archive_link
                0x0010c574       0x14 C:/devkitPro/libctru/lib\libctru.a(archive_dev.o)
 .text.archive_dirreset
                0x0010c588       0x14 C:/devkitPro/libctru/lib\libctru.a(archive_dev.o)
 .text.archive_chmod
                0x0010c59c       0x14 C:/devkitPro/libctru/lib\libctru.a(archive_dev.o)
 .text.error_cmp
                0x0010c5b0       0x24 C:/devkitPro/libctru/lib\libctru.a(archive_dev.o)
 .text.archive_translate_error
                0x0010c5d4       0x50 C:/devkitPro/libctru/lib\libctru.a(archive_dev.o)
 .text.archive_seek
                0x0010c624       0xc4 C:/devkitPro/libctru/lib\libctru.a(archive_dev.o)
 .text._archiveInit.part.0
                0x0010c6e8       0x78 C:/devkitPro/libctru/lib\libctru.a(archive_dev.o)
 .text.archiveFindDevice.part.0
                0x0010c760       0xc4 C:/devkitPro/libctru/lib\libctru.a(archive_dev.o)
 .text.archive_utf16path
                0x0010c824      0x290 C:/devkitPro/libctru/lib\libctru.a(archive_dev.o)
 .text._archiveUnmountDeviceStruct.part.0
                0x0010cab4       0x9c C:/devkitPro/libctru/lib\libctru.a(archive_dev.o)
 .text.archive_statvfs
                0x0010cb50       0x14 C:/devkitPro/libctru/lib\libctru.a(archive_dev.o)
 .text.archive_fchmod
                0x0010cb64       0x14 C:/devkitPro/libctru/lib\libctru.a(archive_dev.o)
 .text._archiveMountDevice
                0x0010cb78      0x168 C:/devkitPro/libctru/lib\libctru.a(archive_dev.o)
 .text.archive_diropen
                0x0010cce0       0xe8 C:/devkitPro/libctru/lib\libctru.a(archive_dev.o)
 .text.archive_fstat
                0x0010cdc8       0xa4 C:/devkitPro/libctru/lib\libctru.a(archive_dev.o)
 .text.archive_fsync
                0x0010ce6c       0x6c C:/devkitPro/libctru/lib\libctru.a(archive_dev.o)
 .text.archive_close
                0x0010ced8       0x6c C:/devkitPro/libctru/lib\libctru.a(archive_dev.o)
 .text.archive_dirclose
                0x0010cf44       0x70 C:/devkitPro/libctru/lib\libctru.a(archive_dev.o)
 .text.sdmc_statvfs
                0x0010cfb4       0xe4 C:/devkitPro/libctru/lib\libctru.a(archive_dev.o)
 .text.archive_chdir
                0x0010d098       0xec C:/devkitPro/libctru/lib\libctru.a(archive_dev.o)
 .text.archive_ftruncate
                0x0010d184       0x7c C:/devkitPro/libctru/lib\libctru.a(archive_dev.o)
 .text.archive_read
                0x0010d200       0xac C:/devkitPro/libctru/lib\libctru.a(archive_dev.o)
 .text.archive_unlink
                0x0010d2ac       0xa4 C:/devkitPro/libctru/lib\libctru.a(archive_dev.o)
 .text.archive_rmdir
                0x0010d350       0xbc C:/devkitPro/libctru/lib\libctru.a(archive_dev.o)
 .text.archive_mkdir
                0x0010d40c       0xdc C:/devkitPro/libctru/lib\libctru.a(archive_dev.o)
 .text.archive_stat
                0x0010d4e8      0x194 C:/devkitPro/libctru/lib\libctru.a(archive_dev.o)
 .text.archive_dirnext
                0x0010d67c      0x15c C:/devkitPro/libctru/lib\libctru.a(archive_dev.o)
 .text.archive_write
                0x0010d7d8      0x124 C:/devkitPro/libctru/lib\libctru.a(archive_dev.o)
 *fill*         0x0010d8fc        0x4 
 .text.archive_open
                0x0010d900      0x210 C:/devkitPro/libctru/lib\libctru.a(archive_dev.o)
 .text.archive_rename
                0x0010db10      0x268 C:/devkitPro/libctru/lib\libctru.a(archive_dev.o)
 .text.archiveMountSdmc
                0x0010dd78      0x19c C:/devkitPro/libctru/lib\libctru.a(archive_dev.o)
                0x0010dd78                archiveMountSdmc
 .text.archiveUnmountAll
                0x0010df14       0x54 C:/devkitPro/libctru/lib\libctru.a(archive_dev.o)
                0x0010df14                archiveUnmountAll
 .text.fsInit   0x0010df68       0xd0 C:/devkitPro/libctru/lib\libctru.a(fs.o)
                0x0010df68                fsInit
 .text.fsExit   0x0010e038       0x3c C:/devkitPro/libctru/lib\libctru.a(fs.o)
                0x0010e038                fsExit
 .text.fsExemptFromSession
                0x0010e074       0x60 C:/devkitPro/libctru/lib\libctru.a(fs.o)
                0x0010e074                fsExemptFromSession
 .text.fsUnexemptFromSession
                0x0010e0d4       0x50 C:/devkitPro/libctru/lib\libctru.a(fs.o)
                0x0010e0d4                fsUnexemptFromSession
 .text.FSUSER_OpenFile
                0x0010e124       0xcc C:/devkitPro/libctru/lib\libctru.a(fs.o)
                0x0010e124                FSUSER_OpenFile
 .text.FSUSER_DeleteFile
                0x0010e1f0       0xbc C:/devkitPro/libctru/lib\libctru.a(fs.o)
                0x0010e1f0                FSUSER_DeleteFile
 .text.FSUSER_RenameFile
                0x0010e2ac       0xf8 C:/devkitPro/libctru/lib\libctru.a(fs.o)
                0x0010e2ac                FSUSER_RenameFile
 .text.FSUSER_DeleteDirectory
                0x0010e3a4       0xbc C:/devkitPro/libctru/lib\libctru.a(fs.o)
                0x0010e3a4                FSUSER_DeleteDirectory
 .text.FSUSER_CreateFile
                0x0010e460       0xd4 C:/devkitPro/libctru/lib\libctru.a(fs.o)
                0x0010e460                FSUSER_CreateFile
 .text.FSUSER_CreateDirectory
                0x0010e534       0xc4 C:/devkitPro/libctru/lib\libctru.a(fs.o)
                0x0010e534                FSUSER_CreateDirectory
 .text.FSUSER_RenameDirectory
                0x0010e5f8       0xf8 C:/devkitPro/libctru/lib\libctru.a(fs.o)
                0x0010e5f8                FSUSER_RenameDirectory
 .text.FSUSER_OpenDirectory
                0x0010e6f0       0xb4 C:/devkitPro/libctru/lib\libctru.a(fs.o)
                0x0010e6f0                FSUSER_OpenDirectory
 .text.FSUSER_OpenArchive
                0x0010e7a4       0x94 C:/devkitPro/libctru/lib\libctru.a(fs.o)
                0x0010e7a4                FSUSER_OpenArchive
 .text.FSUSER_CloseArchive
                0x0010e838       0x8c C:/devkitPro/libctru/lib\libctru.a(fs.o)
                0x0010e838                FSUSER_CloseArchive
 .text.FSUSER_GetSdmcArchiveResource
                0x0010e8c4       0x74 C:/devkitPro/libctru/lib\libctru.a(fs.o)
                0x0010e8c4                FSUSER_GetSdmcArchiveResource
 .text.FSUSER_IsSdmcWritable
                0x0010e938       0x64 C:/devkitPro/libctru/lib\libctru.a(fs.o)
                0x0010e938                FSUSER_IsSdmcWritable
 .text.FSFILE_Read
                0x0010e99c       0x58 C:/devkitPro/libctru/lib\libctru.a(fs.o)
                0x0010e99c                FSFILE_Read
 .text.FSFILE_Write
                0x0010e9f4       0x60 C:/devkitPro/libctru/lib\libctru.a(fs.o)
                0x0010e9f4                FSFILE_Write
 .text.FSFILE_GetSize
                0x0010ea54       0x38 C:/devkitPro/libctru/lib\libctru.a(fs.o)
                0x0010ea54                FSFILE_GetSize
 .text.FSFILE_SetSize
                0x0010ea8c       0x28 C:/devkitPro/libctru/lib\libctru.a(fs.o)
                0x0010ea8c                FSFILE_SetSize
 .text.FSFILE_Close
                0x0010eab4       0x3c C:/devkitPro/libctru/lib\libctru.a(fs.o)
                0x0010eab4                FSFILE_Close
 .text.FSFILE_Flush
                0x0010eaf0       0x24 C:/devkitPro/libctru/lib\libctru.a(fs.o)
                0x0010eaf0                FSFILE_Flush
 .text.FSDIR_Read
                0x0010eb14       0x50 C:/devkitPro/libctru/lib\libctru.a(fs.o)
                0x0010eb14                FSDIR_Read
 .text.FSDIR_Close
                0x0010eb64       0x3c C:/devkitPro/libctru/lib\libctru.a(fs.o)
                0x0010eb64                FSDIR_Close
 .text.decode_utf8
                0x0010eba0      0x13c C:/devkitPro/libctru/lib\libctru.a(decode_utf8.o)
                0x0010eba0                decode_utf8
 .text.utf16_to_utf8
                0x0010ecdc       0xe8 C:/devkitPro/libctru/lib\libctru.a(utf16_to_utf8.o)
                0x0010ecdc                utf16_to_utf8
 .text.utf8_to_utf16
                0x0010edc4       0xc0 C:/devkitPro/libctru/lib\libctru.a(utf8_to_utf16.o)
                0x0010edc4                utf8_to_utf16
 .text.__aeabi_read_tp
                0x0010ee84        0xc C:/devkitPro/libctru/lib\libctru.a(readtp.o)
                0x0010ee84                __aeabi_read_tp
 .text.decode_utf16
                0x0010ee90       0x64 C:/devkitPro/libctru/lib\libctru.a(decode_utf16.o)
                0x0010ee90                decode_utf16
 .text.encode_utf16
                0x0010eef4       0x54 C:/devkitPro/libctru/lib\libctru.a(encode_utf16.o)
                0x0010eef4                encode_utf16
 .text.encode_utf8
                0x0010ef48       0xe0 C:/devkitPro/libctru/lib\libctru.a(encode_utf8.o)
                0x0010ef48                encode_utf8
 .text._ZdlPv   0x0010f028        0x4 C:/devkitPro/devkitARM/bin/../lib/gcc/arm-none-eabi/14.2.0/../../../../arm-none-eabi/lib/armv6k/fpu\libstdc++.a(del_op.o)
                0x0010f028                operator delete(void*)
 .text._Znwj    0x0010f02c       0x5c C:/devkitPro/devkitARM/bin/../lib/gcc/arm-none-eabi/14.2.0/../../../../arm-none-eabi/lib/armv6k/fpu\libstdc++.a(new_op.o)
                0x0010f02c                operator new(unsigned int)
 .text.unlikely._ZSt19__throw_logic_errorPKc
                0x0010f088       0x40 C:/devkitPro/devkitARM/bin/../lib/gcc/arm-none-eabi/14.2.0/../../../../arm-none-eabi/lib/armv6k/fpu\libstdc++.a(functexcept.o)
                0x0010f088                std::__throw_logic_error(char const*)
 .text.unlikely._ZSt20__throw_length_errorPKc
                0x0010f0c8       0x40 C:/devkitPro/devkitARM/bin/../lib/gcc/arm-none-eabi/14.2.0/../../../../arm-none-eabi/lib/armv6k/fpu\libstdc++.a(functexcept.o)
                0x0010f0c8                std::__throw_length_error(char const*)
 .text._ZNKSt9bad_alloc4whatEv
                0x0010f108        0xc C:/devkitPro/devkitARM/bin/../lib/gcc/arm-none-eabi/14.2.0/../../../../arm-none-eabi/lib/armv6k/fpu\libstdc++.a(bad_alloc.o)
                0x0010f108                std::bad_alloc::what() const
 .text._ZNSt9bad_allocD2Ev
                0x0010f114       0x20 C:/devkitPro/devkitARM/bin/../lib/gcc/arm-none-eabi/14.2.0/../../../../arm-none-eabi/lib/armv6k/fpu\libstdc++.a(bad_alloc.o)
                0x0010f114                std::bad_alloc::~bad_alloc()
                0x0010f114                std::bad_alloc::~bad_alloc()
 .text._ZNSt9bad_allocD0Ev
                0x0010f134       0x2c C:/devkitPro/devkitARM/bin/../lib/gcc/arm-none-eabi/14.2.0/../../../../arm-none-eabi/lib/armv6k/fpu\libstdc++.a(bad_alloc.o)
                0x0010f134                std::bad_alloc::~bad_alloc()
 .text._ZdlPvj  0x0010f160        0x4 C:/devkitPro/devkitARM/bin/../lib/gcc/arm-none-eabi/14.2.0/../../../../arm-none-eabi/lib/armv6k/fpu\libstdc++.a(del_ops.o)
                0x0010f160                operator delete(void*, unsigned int)
 .text._ZNK9__gnu_cxx24__concurrence_lock_error4whatEv
                0x0010f164        0xc C:/devkitPro/devkitARM/bin/../lib/gcc/arm-none-eabi/14.2.0/../../../../arm-none-eabi/lib/armv6k/fpu\libstdc++.a(eh_alloc.o)
                0x0010f164                __gnu_cxx::__concurrence_lock_error::what() const
 .text._ZNK9__gnu_cxx26__concurrence_unlock_error4whatEv
                0x0010f170        0xc C:/devkitPro/devkitARM/bin/../lib/gcc/arm-none-eabi/14.2.0/../../../../arm-none-eabi/lib/armv6k/fpu\libstdc++.a(eh_alloc.o)
                0x0010f170                __gnu_cxx::__concurrence_unlock_error::what() const
 .text._ZN9__gnu_cxx24__concurrence_lock_errorD2Ev
                0x0010f17c       0x20 C:/devkitPro/devkitARM/bin/../lib/gcc/arm-none-eabi/14.2.0/../../../../arm-none-eabi/lib/armv6k/fpu\libstdc++.a(eh_alloc.o)
                0x0010f17c                __gnu_cxx::__concurrence_lock_error::~__concurrence_lock_error()
                0x0010f17c                __gnu_cxx::__concurrence_lock_error::~__concurrence_lock_error()
 .text._ZN9__gnu_cxx24__concurrence_lock_errorD0Ev
                0x0010f19c       0x2c C:/devkitPro/devkitARM/bin/../lib/gcc/arm-none-eabi/14.2.0/../../../../arm-none-eabi/lib/armv6k/fpu\libstdc++.a(eh_alloc.o)
                0x0010f19c                __gnu_cxx::__concurrence_lock_error::~__concurrence_lock_error()
 .text._ZN9__gnu_cxx26__concurrence_unlock_errorD2Ev
                0x0010f1c8       0x20 C:/devkitPro/devkitARM/bin/../lib/gcc/arm-none-eabi/14.2.0/../../../../arm-none-eabi/lib/armv6k/fpu\libstdc++.a(eh_alloc.o)
                0x0010f1c8                __gnu_cxx::__concurrence_unlock_error::~__concurrence_unlock_error()
                0x0010f1c8                __gnu_cxx::__concurrence_unlock_error::~__concurrence_unlock_error()
 .text._ZN9__gnu_cxx26__concurrence_unlock_errorD0Ev
                0x0010f1e8       0x2c C:/devkitPro/devkitARM/bin/../lib/gcc/arm-none-eabi/14.2.0/../../../../arm-none-eabi/lib/armv6k/fpu\libstdc++.a(eh_alloc.o)
                0x0010f1e8                __gnu_cxx::__concurrence_unlock_error::~__concurrence_unlock_error()
 .text.unlikely._ZN9__gnu_cxx30__throw_concurrence_lock_errorEv
                0x0010f214       0x2c C:/devkitPro/devkitARM/bin/../lib/gcc/arm-none-eabi/14.2.0/../../../../arm-none-eabi/lib/armv6k/fpu\libstdc++.a(eh_alloc.o)
                0x0010f214                __gnu_cxx::__throw_concurrence_lock_error()
 .text.unlikely._ZN9__gnu_cxx32__throw_concurrence_unlock_errorEv
                0x0010f240       0x2c C:/devkitPro/devkitARM/bin/../lib/gcc/arm-none-eabi/14.2.0/../../../../arm-none-eabi/lib/armv6k/fpu\libstdc++.a(eh_alloc.o)
                0x0010f240                __gnu_cxx::__throw_concurrence_unlock_error()
 .text._ZN12_GLOBAL__N_14pool4freeEPv.constprop.0
                0x0010f26c      0x128 C:/devkitPro/devkitARM/bin/../lib/gcc/arm-none-eabi/14.2.0/../../../../arm-none-eabi/lib/armv6k/fpu\libstdc++.a(eh_alloc.o)
 .text._ZN12_GLOBAL__N_14pool8allocateEj.constprop.0
                0x0010f394       0xd8 C:/devkitPro/devkitARM/bin/../lib/gcc/arm-none-eabi/14.2.0/../../../../arm-none-eabi/lib/armv6k/fpu\libstdc++.a(eh_alloc.o)
 .text.__cxa_allocate_exception
                0x0010f46c       0x44 C:/devkitPro/devkitARM/bin/../lib/gcc/arm-none-eabi/14.2.0/../../../../arm-none-eabi/lib/armv6k/fpu\libstdc++.a(eh_alloc.o)
                0x0010f46c                __cxa_allocate_exception
 .text.__cxa_free_exception
                0x0010f4b0       0x2c C:/devkitPro/devkitARM/bin/../lib/gcc/arm-none-eabi/14.2.0/../../../../arm-none-eabi/lib/armv6k/fpu\libstdc++.a(eh_alloc.o)
                0x0010f4b0                __cxa_free_exception
 .text.startup._GLOBAL__sub_I__ZN9__gnu_cxx9__freeresEv
                0x0010f4dc      0x1b0 C:/devkitPro/devkitARM/bin/../lib/gcc/arm-none-eabi/14.2.0/../../../../arm-none-eabi/lib/armv6k/fpu\libstdc++.a(eh_alloc.o)
 .text.__cxa_end_cleanup
                0x0010f68c       0x10 C:/devkitPro/devkitARM/bin/../lib/gcc/arm-none-eabi/14.2.0/../../../../arm-none-eabi/lib/armv6k/fpu\libstdc++.a(eh_arm.o)
                0x0010f68c                __cxa_end_cleanup
 .text.__cxa_type_match
                0x0010f69c      0x134 C:/devkitPro/devkitARM/bin/../lib/gcc/arm-none-eabi/14.2.0/../../../../arm-none-eabi/lib/armv6k/fpu\libstdc++.a(eh_arm.o)
                0x0010f69c                __cxa_type_match
 .text.__cxa_begin_cleanup
                0x0010f7d0       0xb4 C:/devkitPro/devkitARM/bin/../lib/gcc/arm-none-eabi/14.2.0/../../../../arm-none-eabi/lib/armv6k/fpu\libstdc++.a(eh_arm.o)
                0x0010f7d0                __cxa_begin_cleanup
 .text.__gnu_end_cleanup
                0x0010f884       0xb4 C:/devkitPro/devkitARM/bin/../lib/gcc/arm-none-eabi/14.2.0/../../../../arm-none-eabi/lib/armv6k/fpu\libstdc++.a(eh_arm.o)
                0x0010f884                __gnu_end_cleanup
 .text._ZNSt9exceptionD2Ev
                0x0010f938        0x4 C:/devkitPro/devkitARM/bin/../lib/gcc/arm-none-eabi/14.2.0/../../../../arm-none-eabi/lib/armv6k/fpu\libstdc++.a(eh_exception.o)
                0x0010f938                std::exception::~exception()
                0x0010f938                std::exception::~exception()
 .text._ZNSt13bad_exceptionD2Ev
                0x0010f93c        0x4 C:/devkitPro/devkitARM/bin/../lib/gcc/arm-none-eabi/14.2.0/../../../../arm-none-eabi/lib/armv6k/fpu\libstdc++.a(eh_exception.o)
                0x0010f93c                std::bad_exception::~bad_exception()
                0x0010f93c                std::bad_exception::~bad_exception()
 .text._ZNKSt13bad_exception4whatEv
                0x0010f940        0xc C:/devkitPro/devkitARM/bin/../lib/gcc/arm-none-eabi/14.2.0/../../../../arm-none-eabi/lib/armv6k/fpu\libstdc++.a(eh_exception.o)
                0x0010f940                std::bad_exception::what() const
                0x0010f940                transaction clone for std::bad_exception::what() const
 .text._ZNSt13bad_exceptionD0Ev
                0x0010f94c       0x18 C:/devkitPro/devkitARM/bin/../lib/gcc/arm-none-eabi/14.2.0/../../../../arm-none-eabi/lib/armv6k/fpu\libstdc++.a(eh_exception.o)
                0x0010f94c                std::bad_exception::~bad_exception()
 .text._ZL15eh_globals_dtorPv
                0x0010f964       0x3c C:/devkitPro/devkitARM/bin/../lib/gcc/arm-none-eabi/14.2.0/../../../../arm-none-eabi/lib/armv6k/fpu\libstdc++.a(eh_globals.o)
 .text.__cxa_get_globals_fast
                0x0010f9a0       0x38 C:/devkitPro/devkitARM/bin/../lib/gcc/arm-none-eabi/14.2.0/../../../../arm-none-eabi/lib/armv6k/fpu\libstdc++.a(eh_globals.o)
                0x0010f9a0                __cxa_get_globals_fast
 .text.__cxa_get_globals
                0x0010f9d8       0x74 C:/devkitPro/devkitARM/bin/../lib/gcc/arm-none-eabi/14.2.0/../../../../arm-none-eabi/lib/armv6k/fpu\libstdc++.a(eh_globals.o)
                0x0010f9d8                __cxa_get_globals
 .text.startup._GLOBAL__sub_I__ZN17__eh_globals_init7_S_initE
                0x0010fa4c       0x40 C:/devkitPro/devkitARM/bin/../lib/gcc/arm-none-eabi/14.2.0/../../../../arm-none-eabi/lib/armv6k/fpu\libstdc++.a(eh_globals.o)
 .text.exit._GLOBAL__sub_D__ZN17__eh_globals_init7_S_initE
                0x0010fa8c       0x34 C:/devkitPro/devkitARM/bin/../lib/gcc/arm-none-eabi/14.2.0/../../../../arm-none-eabi/lib/armv6k/fpu\libstdc++.a(eh_globals.o)
 .text._ZL28read_encoded_value_with_basehjPKhPj
                0x0010fac0      0x148 C:/devkitPro/devkitARM/bin/../lib/gcc/arm-none-eabi/14.2.0/../../../../arm-none-eabi/lib/armv6k/fpu\libstdc++.a(eh_personality.o)
 .text._ZL21base_of_encoded_valuehP15_Unwind_Context
                0x0010fc08       0x58 C:/devkitPro/devkitARM/bin/../lib/gcc/arm-none-eabi/14.2.0/../../../../arm-none-eabi/lib/armv6k/fpu\libstdc++.a(eh_personality.o)
 .text._ZL17parse_lsda_headerP15_Unwind_ContextPKhP16lsda_header_info
                0x0010fc60       0xd8 C:/devkitPro/devkitARM/bin/../lib/gcc/arm-none-eabi/14.2.0/../../../../arm-none-eabi/lib/armv6k/fpu\libstdc++.a(eh_personality.o)
 .text.__gxx_personality_v0
                0x0010fd38      0x6dc C:/devkitPro/devkitARM/bin/../lib/gcc/arm-none-eabi/14.2.0/../../../../arm-none-eabi/lib/armv6k/fpu\libstdc++.a(eh_personality.o)
                0x0010fd38                __gxx_personality_v0
 .text._ZN10__cxxabiv111__terminateEPFvvE
                0x00110414       0x14 C:/devkitPro/devkitARM/bin/../lib/gcc/arm-none-eabi/14.2.0/../../../../arm-none-eabi/lib/armv6k/fpu\libstdc++.a(eh_terminate.o)
                0x00110414                __cxxabiv1::__terminate(void (*)())
 .text.unlikely._ZSt9terminatev
                0x00110428       0x18 C:/devkitPro/devkitARM/bin/../lib/gcc/arm-none-eabi/14.2.0/../../../../arm-none-eabi/lib/armv6k/fpu\libstdc++.a(eh_terminate.o)
                0x00110428                std::terminate()
 .text._ZN10__cxxabiv112__unexpectedEPFvvE
                0x00110440        0xc C:/devkitPro/devkitARM/bin/../lib/gcc/arm-none-eabi/14.2.0/../../../../arm-none-eabi/lib/armv6k/fpu\libstdc++.a(eh_terminate.o)
                0x00110440                __cxxabiv1::__unexpected(void (*)())
 .text.unlikely._ZSt10unexpectedv
                0x0011044c       0x18 C:/devkitPro/devkitARM/bin/../lib/gcc/arm-none-eabi/14.2.0/../../../../arm-none-eabi/lib/armv6k/fpu\libstdc++.a(eh_terminate.o)
                0x0011044c                std::unexpected()
 .text._ZSt13get_terminatev
                0x00110464       0x14 C:/devkitPro/devkitARM/bin/../lib/gcc/arm-none-eabi/14.2.0/../../../../arm-none-eabi/lib/armv6k/fpu\libstdc++.a(eh_terminate.o)
                0x00110464                std::get_terminate()
 .text._ZSt14get_unexpectedv
                0x00110478       0x14 C:/devkitPro/devkitARM/bin/../lib/gcc/arm-none-eabi/14.2.0/../../../../arm-none-eabi/lib/armv6k/fpu\libstdc++.a(eh_terminate.o)
                0x00110478                std::get_unexpected()
 .text._ZL23__gxx_exception_cleanup19_Unwind_Reason_CodeP21_Unwind_Control_Block
                0x0011048c       0x60 C:/devkitPro/devkitARM/bin/../lib/gcc/arm-none-eabi/14.2.0/../../../../arm-none-eabi/lib/armv6k/fpu\libstdc++.a(eh_throw.o)
 .text.__cxa_init_primary_exception
                0x001104ec       0x54 C:/devkitPro/devkitARM/bin/../lib/gcc/arm-none-eabi/14.2.0/../../../../arm-none-eabi/lib/armv6k/fpu\libstdc++.a(eh_throw.o)
                0x001104ec                __cxa_init_primary_exception
 .text.__cxa_throw
                0x00110540       0x54 C:/devkitPro/devkitARM/bin/../lib/gcc/arm-none-eabi/14.2.0/../../../../arm-none-eabi/lib/armv6k/fpu\libstdc++.a(eh_throw.o)
                0x00110540                __cxa_throw
 .text.__cxa_rethrow
                0x00110594       0xb0 C:/devkitPro/devkitARM/bin/../lib/gcc/arm-none-eabi/14.2.0/../../../../arm-none-eabi/lib/armv6k/fpu\libstdc++.a(eh_throw.o)
                0x00110594                __cxa_rethrow
 .text._ZSt15get_new_handlerv
                0x00110644       0x14 C:/devkitPro/devkitARM/bin/../lib/gcc/arm-none-eabi/14.2.0/../../../../arm-none-eabi/lib/armv6k/fpu\libstdc++.a(new_handler.o)
                0x00110644                std::get_new_handler()
 .text._ZN10__cxxabiv120__si_class_type_infoD2Ev
                0x00110658       0x20 C:/devkitPro/devkitARM/bin/../lib/gcc/arm-none-eabi/14.2.0/../../../../arm-none-eabi/lib/armv6k/fpu\libstdc++.a(si_class_type_info.o)
                0x00110658                __cxxabiv1::__si_class_type_info::~__si_class_type_info()
                0x00110658                __cxxabiv1::__si_class_type_info::~__si_class_type_info()
 .text._ZN10__cxxabiv120__si_class_type_infoD0Ev
                0x00110678       0x2c C:/devkitPro/devkitARM/bin/../lib/gcc/arm-none-eabi/14.2.0/../../../../arm-none-eabi/lib/armv6k/fpu\libstdc++.a(si_class_type_info.o)
                0x00110678                __cxxabiv1::__si_class_type_info::~__si_class_type_info()
 .text._ZNK10__cxxabiv120__si_class_type_info12__do_dyncastEiNS_17__class_type_info10__sub_kindEPKS1_PKvS4_S6_RNS1_16__dyncast_resultE
                0x001106a4      0x138 C:/devkitPro/devkitARM/bin/../lib/gcc/arm-none-eabi/14.2.0/../../../../arm-none-eabi/lib/armv6k/fpu\libstdc++.a(si_class_type_info.o)
                0x001106a4                __cxxabiv1::__si_class_type_info::__do_dyncast(int, __cxxabiv1::__class_type_info::__sub_kind, __cxxabiv1::__class_type_info const*, void const*, __cxxabiv1::__class_type_info const*, void const*, __cxxabiv1::__class_type_info::__dyncast_result&) const
 .text._ZNK10__cxxabiv120__si_class_type_info20__do_find_public_srcEiPKvPKNS_17__class_type_infoES2_
                0x001107dc       0x88 C:/devkitPro/devkitARM/bin/../lib/gcc/arm-none-eabi/14.2.0/../../../../arm-none-eabi/lib/armv6k/fpu\libstdc++.a(si_class_type_info.o)
                0x001107dc                __cxxabiv1::__si_class_type_info::__do_find_public_src(int, void const*, __cxxabiv1::__class_type_info const*, void const*) const
 .text._ZNK10__cxxabiv120__si_class_type_info11__do_upcastEPKNS_17__class_type_infoEPKvRNS1_15__upcast_resultE
                0x00110864       0x44 C:/devkitPro/devkitARM/bin/../lib/gcc/arm-none-eabi/14.2.0/../../../../arm-none-eabi/lib/armv6k/fpu\libstdc++.a(si_class_type_info.o)
                0x00110864                __cxxabiv1::__si_class_type_info::__do_upcast(__cxxabiv1::__class_type_info const*, void const*, __cxxabiv1::__class_type_info::__upcast_result&) const
 .text._ZNSt9type_infoD2Ev
                0x001108a8        0x4 C:/devkitPro/devkitARM/bin/../lib/gcc/arm-none-eabi/14.2.0/../../../../arm-none-eabi/lib/armv6k/fpu\libstdc++.a(tinfo.o)
                0x001108a8                std::type_info::~type_info()
                0x001108a8                std::type_info::~type_info()
 .text._ZNKSt9type_info14__is_pointer_pEv
                0x001108ac        0x8 C:/devkitPro/devkitARM/bin/../lib/gcc/arm-none-eabi/14.2.0/../../../../arm-none-eabi/lib/armv6k/fpu\libstdc++.a(tinfo.o)
                0x001108ac                std::type_info::__is_pointer_p() const
                0x001108ac                std::type_info::__is_function_p() const
 .text._ZNKSt11logic_error4whatEv
                0x001108b4        0x8 C:/devkitPro/devkitARM/bin/../lib/gcc/arm-none-eabi/14.2.0/../../../../arm-none-eabi/lib/armv6k/fpu\libstdc++.a(stdexcept.o)
                0x001108b4                std::logic_error::what() const
                0x001108b4                std::runtime_error::what() const
 .text._ZNSt11logic_errorD2Ev
                0x001108bc       0x98 C:/devkitPro/devkitARM/bin/../lib/gcc/arm-none-eabi/14.2.0/../../../../arm-none-eabi/lib/armv6k/fpu\libstdc++.a(stdexcept.o)
                0x001108bc                std::logic_error::~logic_error()
                0x001108bc                std::logic_error::~logic_error()
 .text._ZNSt12length_errorD2Ev
                0x00110954       0x98 C:/devkitPro/devkitARM/bin/../lib/gcc/arm-none-eabi/14.2.0/../../../../arm-none-eabi/lib/armv6k/fpu\libstdc++.a(stdexcept.o)
                0x00110954                std::length_error::~length_error()
                0x00110954                std::length_error::~length_error()
 .text._ZNSt11logic_errorD0Ev
                0x001109ec       0xa0 C:/devkitPro/devkitARM/bin/../lib/gcc/arm-none-eabi/14.2.0/../../../../arm-none-eabi/lib/armv6k/fpu\libstdc++.a(stdexcept.o)
                0x001109ec                std::logic_error::~logic_error()
 .text._ZNSt12length_errorD0Ev
                0x00110a8c       0xa0 C:/devkitPro/devkitARM/bin/../lib/gcc/arm-none-eabi/14.2.0/../../../../arm-none-eabi/lib/armv6k/fpu\libstdc++.a(stdexcept.o)
                0x00110a8c                std::length_error::~length_error()
 .text._ZNSt11logic_errorC2EPKc
                0x00110b2c       0xd4 C:/devkitPro/devkitARM/bin/../lib/gcc/arm-none-eabi/14.2.0/../../../../arm-none-eabi/lib/armv6k/fpu\libstdc++.a(cow-stdexcept.o)
                0x00110b2c                std::logic_error::logic_error(char const*)
                0x00110b2c                std::logic_error::logic_error(char const*)
 .text._ZNSt12length_errorC2EPKc
                0x00110c00       0x20 C:/devkitPro/devkitARM/bin/../lib/gcc/arm-none-eabi/14.2.0/../../../../arm-none-eabi/lib/armv6k/fpu\libstdc++.a(cow-stdexcept.o)
                0x00110c00                std::length_error::length_error(char const*)
                0x00110c00                std::length_error::length_error(char const*)
 .text._ZNSs4_Rep9_S_createEjjRKSaIcE
                0x00110c20       0x84 C:/devkitPro/devkitARM/bin/../lib/gcc/arm-none-eabi/14.2.0/../../../../arm-none-eabi/lib/armv6k/fpu\libstdc++.a(cow-string-inst.o)
                0x00110c20                std::string::_Rep::_S_create(unsigned int, unsigned int, std::allocator<char> const&)
 .text._ZNSs4_Rep10_M_destroyERKSaIcE
                0x00110ca4        0x4 C:/devkitPro/devkitARM/bin/../lib/gcc/arm-none-eabi/14.2.0/../../../../arm-none-eabi/lib/armv6k/fpu\libstdc++.a(cow-string-inst.o)
                0x00110ca4                std::string::_Rep::_M_destroy(std::allocator<char> const&)
 .text._ZNK10__cxxabiv117__class_type_info11__do_upcastEPKS0_PPv
                0x00110ca8       0x5c C:/devkitPro/devkitARM/bin/../lib/gcc/arm-none-eabi/14.2.0/../../../../arm-none-eabi/lib/armv6k/fpu\libstdc++.a(class_type_info.o)
                0x00110ca8                __cxxabiv1::__class_type_info::__do_upcast(__cxxabiv1::__class_type_info const*, void**) const
 .text._ZNK10__cxxabiv117__class_type_info20__do_find_public_srcEiPKvPKS0_S2_
                0x00110d04       0x14 C:/devkitPro/devkitARM/bin/../lib/gcc/arm-none-eabi/14.2.0/../../../../arm-none-eabi/lib/armv6k/fpu\libstdc++.a(class_type_info.o)
                0x00110d04                __cxxabiv1::__class_type_info::__do_find_public_src(int, void const*, __cxxabiv1::__class_type_info const*, void const*) const
 .text._ZN10__cxxabiv117__class_type_infoD2Ev
                0x00110d18       0x20 C:/devkitPro/devkitARM/bin/../lib/gcc/arm-none-eabi/14.2.0/../../../../arm-none-eabi/lib/armv6k/fpu\libstdc++.a(class_type_info.o)
                0x00110d18                __cxxabiv1::__class_type_info::~__class_type_info()
                0x00110d18                __cxxabiv1::__class_type_info::~__class_type_info()
 .text._ZN10__cxxabiv117__class_type_infoD0Ev
                0x00110d38       0x2c C:/devkitPro/devkitARM/bin/../lib/gcc/arm-none-eabi/14.2.0/../../../../arm-none-eabi/lib/armv6k/fpu\libstdc++.a(class_type_info.o)
                0x00110d38                __cxxabiv1::__class_type_info::~__class_type_info()
 .text._ZNK10__cxxabiv117__class_type_info11__do_upcastEPKS0_PKvRNS0_15__upcast_resultE
                0x00110d64       0x64 C:/devkitPro/devkitARM/bin/../lib/gcc/arm-none-eabi/14.2.0/../../../../arm-none-eabi/lib/armv6k/fpu\libstdc++.a(class_type_info.o)
                0x00110d64                __cxxabiv1::__class_type_info::__do_upcast(__cxxabiv1::__class_type_info const*, void const*, __cxxabiv1::__class_type_info::__upcast_result&) const
 .text._ZNK10__cxxabiv117__class_type_info10__do_catchEPKSt9type_infoPPvj
                0x00110dc8       0x7c C:/devkitPro/devkitARM/bin/../lib/gcc/arm-none-eabi/14.2.0/../../../../arm-none-eabi/lib/armv6k/fpu\libstdc++.a(class_type_info.o)
                0x00110dc8                __cxxabiv1::__class_type_info::__do_catch(std::type_info const*, void**, unsigned int) const
 .text._ZNK10__cxxabiv117__class_type_info12__do_dyncastEiNS0_10__sub_kindEPKS0_PKvS3_S5_RNS0_16__dyncast_resultE
                0x00110e44       0xd4 C:/devkitPro/devkitARM/bin/../lib/gcc/arm-none-eabi/14.2.0/../../../../arm-none-eabi/lib/armv6k/fpu\libstdc++.a(class_type_info.o)
                0x00110e44                __cxxabiv1::__class_type_info::__do_dyncast(int, __cxxabiv1::__class_type_info::__sub_kind, __cxxabiv1::__class_type_info const*, void const*, __cxxabiv1::__class_type_info const*, void const*, __cxxabiv1::__class_type_info::__dyncast_result&) const
 .text.unlikely._ZN10__cxxabiv1L24__is_gxx_exception_classEPc
                0x00110f18       0x70 C:/devkitPro/devkitARM/bin/../lib/gcc/arm-none-eabi/14.2.0/../../../../arm-none-eabi/lib/armv6k/fpu\libstdc++.a(eh_call.o)
 .text.unlikely.__cxa_call_terminate
                0x00110f88       0x2c C:/devkitPro/devkitARM/bin/../lib/gcc/arm-none-eabi/14.2.0/../../../../arm-none-eabi/lib/armv6k/fpu\libstdc++.a(eh_call.o)
                0x00110f88                __cxa_call_terminate
 .text.unlikely.__cxa_call_unexpected
                0x00110fb4      0x148 C:/devkitPro/devkitARM/bin/../lib/gcc/arm-none-eabi/14.2.0/../../../../arm-none-eabi/lib/armv6k/fpu\libstdc++.a(eh_call.o)
                0x00110fb4                __cxa_call_unexpected
 .text.__cxa_begin_catch
                0x001110fc       0xcc C:/devkitPro/devkitARM/bin/../lib/gcc/arm-none-eabi/14.2.0/../../../../arm-none-eabi/lib/armv6k/fpu\libstdc++.a(eh_catch.o)
                0x001110fc                __cxa_begin_catch
 .text.__cxa_end_catch
                0x001111c8       0xe0 C:/devkitPro/devkitARM/bin/../lib/gcc/arm-none-eabi/14.2.0/../../../../arm-none-eabi/lib/armv6k/fpu\libstdc++.a(eh_catch.o)
                0x001111c8                __cxa_end_catch
 .text.__udivmoddi4
                0x001112a8      0x120 C:/devkitPro/devkitARM/bin/../lib/gcc/arm-none-eabi/14.2.0/armv6k/fpu\libgcc.a(_udivmoddi4.o)
                0x001112a8                __udivmoddi4
 .text.selfrel_offset31
                0x001113c8       0x18 C:/devkitPro/devkitARM/bin/../lib/gcc/arm-none-eabi/14.2.0/armv6k/fpu\libgcc.a(unwind-arm.o)
 .text.search_EIT_table
                0x001113e0       0x90 C:/devkitPro/devkitARM/bin/../lib/gcc/arm-none-eabi/14.2.0/armv6k/fpu\libgcc.a(unwind-arm.o)
 .text.__gnu_unwind_get_pr_addr
                0x00111470       0x40 C:/devkitPro/devkitARM/bin/../lib/gcc/arm-none-eabi/14.2.0/armv6k/fpu\libgcc.a(unwind-arm.o)
 .text.get_eit_entry
                0x001114b0      0x10c C:/devkitPro/devkitARM/bin/../lib/gcc/arm-none-eabi/14.2.0/armv6k/fpu\libgcc.a(unwind-arm.o)
 .text.restore_non_core_regs
                0x001115bc       0x88 C:/devkitPro/devkitARM/bin/../lib/gcc/arm-none-eabi/14.2.0/armv6k/fpu\libgcc.a(unwind-arm.o)
 .text._Unwind_decode_typeinfo_ptr.constprop.0
                0x00111644       0x14 C:/devkitPro/devkitARM/bin/../lib/gcc/arm-none-eabi/14.2.0/armv6k/fpu\libgcc.a(unwind-arm.o)
 .text._Unwind_DebugHook
                0x00111658        0x4 C:/devkitPro/devkitARM/bin/../lib/gcc/arm-none-eabi/14.2.0/armv6k/fpu\libgcc.a(unwind-arm.o)
 .text.unwind_phase2
                0x0011165c       0x64 C:/devkitPro/devkitARM/bin/../lib/gcc/arm-none-eabi/14.2.0/armv6k/fpu\libgcc.a(unwind-arm.o)
 .text.unwind_phase2_forced
                0x001116c0      0x140 C:/devkitPro/devkitARM/bin/../lib/gcc/arm-none-eabi/14.2.0/armv6k/fpu\libgcc.a(unwind-arm.o)
 .text.__gnu_Unwind_RaiseException
                0x00111800       0xa4 C:/devkitPro/devkitARM/bin/../lib/gcc/arm-none-eabi/14.2.0/armv6k/fpu\libgcc.a(unwind-arm.o)
                0x00111800                __gnu_Unwind_RaiseException
 .text.__gnu_Unwind_ForcedUnwind
                0x001118a4       0x28 C:/devkitPro/devkitARM/bin/../lib/gcc/arm-none-eabi/14.2.0/armv6k/fpu\libgcc.a(unwind-arm.o)
                0x001118a4                __gnu_Unwind_ForcedUnwind
 .text.__gnu_Unwind_Resume
                0x001118cc       0x74 C:/devkitPro/devkitARM/bin/../lib/gcc/arm-none-eabi/14.2.0/armv6k/fpu\libgcc.a(unwind-arm.o)
                0x001118cc                __gnu_Unwind_Resume
 .text.__gnu_Unwind_Resume_or_Rethrow
                0x00111940       0x2c C:/devkitPro/devkitARM/bin/../lib/gcc/arm-none-eabi/14.2.0/armv6k/fpu\libgcc.a(unwind-arm.o)
                0x00111940                __gnu_Unwind_Resume_or_Rethrow
 .text._Unwind_Complete
                0x0011196c        0x4 C:/devkitPro/devkitARM/bin/../lib/gcc/arm-none-eabi/14.2.0/armv6k/fpu\libgcc.a(unwind-arm.o)
                0x0011196c                _Unwind_Complete
 .text._Unwind_DeleteException
                0x00111970       0x18 C:/devkitPro/devkitARM/bin/../lib/gcc/arm-none-eabi/14.2.0/armv6k/fpu\libgcc.a(unwind-arm.o)
                0x00111970                _Unwind_DeleteException
 .text._Unwind_VRS_Get
                0x00111988       0x64 C:/devkitPro/devkitARM/bin/../lib/gcc/arm-none-eabi/14.2.0/armv6k/fpu\libgcc.a(unwind-arm.o)
                0x00111988                _Unwind_VRS_Get
 .text._Unwind_GetGR
                0x001119ec       0x2c C:/devkitPro/devkitARM/bin/../lib/gcc/arm-none-eabi/14.2.0/armv6k/fpu\libgcc.a(unwind-arm.o)
 .text._Unwind_VRS_Set
                0x00111a18       0x64 C:/devkitPro/devkitARM/bin/../lib/gcc/arm-none-eabi/14.2.0/armv6k/fpu\libgcc.a(unwind-arm.o)
                0x00111a18                _Unwind_VRS_Set
 .text._Unwind_SetGR
                0x00111a7c       0x2c C:/devkitPro/devkitARM/bin/../lib/gcc/arm-none-eabi/14.2.0/armv6k/fpu\libgcc.a(unwind-arm.o)
 .text.__gnu_Unwind_Backtrace
                0x00111aa8       0xc0 C:/devkitPro/devkitARM/bin/../lib/gcc/arm-none-eabi/14.2.0/armv6k/fpu\libgcc.a(unwind-arm.o)
                0x00111aa8                __gnu_Unwind_Backtrace
 .text.__gnu_unwind_pr_common
                0x00111b68      0x410 C:/devkitPro/devkitARM/bin/../lib/gcc/arm-none-eabi/14.2.0/armv6k/fpu\libgcc.a(unwind-arm.o)
 .text.__aeabi_unwind_cpp_pr0
                0x00111f78        0x8 C:/devkitPro/devkitARM/bin/../lib/gcc/arm-none-eabi/14.2.0/armv6k/fpu\libgcc.a(unwind-arm.o)
                0x00111f78                __aeabi_unwind_cpp_pr0
 .text.__aeabi_unwind_cpp_pr1
                0x00111f80        0x8 C:/devkitPro/devkitARM/bin/../lib/gcc/arm-none-eabi/14.2.0/armv6k/fpu\libgcc.a(unwind-arm.o)
                0x00111f80                __aeabi_unwind_cpp_pr1
 .text.__aeabi_unwind_cpp_pr2
                0x00111f88        0x8 C:/devkitPro/devkitARM/bin/../lib/gcc/arm-none-eabi/14.2.0/armv6k/fpu\libgcc.a(unwind-arm.o)
                0x00111f88                __aeabi_unwind_cpp_pr2
 .text._Unwind_VRS_Pop
                0x00111f90      0x458 C:/devkitPro/devkitARM/bin/../lib/gcc/arm-none-eabi/14.2.0/armv6k/fpu\libgcc.a(unwind-arm.o)
                0x00111f90                _Unwind_VRS_Pop
 .text.next_unwind_byte
                0x001123e8       0x64 C:/devkitPro/devkitARM/bin/../lib/gcc/arm-none-eabi/14.2.0/armv6k/fpu\libgcc.a(pr-support.o)
 .text._Unwind_GetGR.constprop.0
                0x0011244c       0x2c C:/devkitPro/devkitARM/bin/../lib/gcc/arm-none-eabi/14.2.0/armv6k/fpu\libgcc.a(pr-support.o)
 .text.unwind_UCB_from_context
                0x00112478        0x4 C:/devkitPro/devkitARM/bin/../lib/gcc/arm-none-eabi/14.2.0/armv6k/fpu\libgcc.a(pr-support.o)
 .text.__gnu_unwind_execute
                0x0011247c      0x460 C:/devkitPro/devkitARM/bin/../lib/gcc/arm-none-eabi/14.2.0/armv6k/fpu\libgcc.a(pr-support.o)
                0x0011247c                __gnu_unwind_execute
 .text.__gnu_unwind_frame
                0x001128dc       0x48 C:/devkitPro/devkitARM/bin/../lib/gcc/arm-none-eabi/14.2.0/armv6k/fpu\libgcc.a(pr-support.o)
                0x001128dc                __gnu_unwind_frame
 .text._Unwind_GetRegionStart
                0x00112924       0x10 C:/devkitPro/devkitARM/bin/../lib/gcc/arm-none-eabi/14.2.0/armv6k/fpu\libgcc.a(pr-support.o)
                0x00112924                _Unwind_GetRegionStart
 .text._Unwind_GetLanguageSpecificData
                0x00112934       0x1c C:/devkitPro/devkitARM/bin/../lib/gcc/arm-none-eabi/14.2.0/armv6k/fpu\libgcc.a(pr-support.o)
                0x00112934                _Unwind_GetLanguageSpecificData
 .text.unlikely._Unwind_GetDataRelBase
                0x00112950        0x8 C:/devkitPro/devkitARM/bin/../lib/gcc/arm-none-eabi/14.2.0/armv6k/fpu\libgcc.a(pr-support.o)
                0x00112950                _Unwind_GetDataRelBase
 .text.unlikely._Unwind_GetTextRelBase
                0x00112958        0x8 C:/devkitPro/devkitARM/bin/../lib/gcc/arm-none-eabi/14.2.0/armv6k/fpu\libgcc.a(pr-support.o)
                0x00112958                _Unwind_GetTextRelBase
 .text.strncmp  0x00112960       0xd8 C:/devkitPro/devkitARM/bin/../lib/gcc/arm-none-eabi/14.2.0/../../../../arm-none-eabi/lib/armv6k/fpu\libg.a(libc_a-strncmp.o)
                0x00112960                strncmp
 .text.strchr   0x00112a38      0x130 C:/devkitPro/devkitARM/bin/../lib/gcc/arm-none-eabi/14.2.0/../../../../arm-none-eabi/lib/armv6k/fpu\libg.a(libc_a-strchr.o)
                0x00112a38                strchr
 .text.srand    0x00112b68       0x1c C:/devkitPro/devkitARM/bin/../lib/gcc/arm-none-eabi/14.2.0/../../../../arm-none-eabi/lib/armv6k/fpu\libg.a(libc_a-rand.o)
                0x00112b68                srand
 .text.rand     0x00112b84       0x44 C:/devkitPro/devkitARM/bin/../lib/gcc/arm-none-eabi/14.2.0/../../../../arm-none-eabi/lib/armv6k/fpu\libg.a(libc_a-rand.o)
                0x00112b84                rand
 .text.getenv   0x00112bc8       0x24 C:/devkitPro/devkitARM/bin/../lib/gcc/arm-none-eabi/14.2.0/../../../../arm-none-eabi/lib/armv6k/fpu\libg.a(libc_a-getenv.o)
                0x00112bc8                getenv
 .text.strlen   0x00112bec       0x5c C:/devkitPro/devkitARM/bin/../lib/gcc/arm-none-eabi/14.2.0/../../../../arm-none-eabi/lib/armv6k/fpu\libg.a(libc_a-strlen-stub.o)
                0x00112bec                strlen
 .text.memcmp   0x00112c48       0xd4 C:/devkitPro/devkitARM/bin/../lib/gcc/arm-none-eabi/14.2.0/../../../../arm-none-eabi/lib/armv6k/fpu\libg.a(libc_a-memcmp.o)
                0x00112c48                memcmp
 .text._strtoul_l.isra.0
                0x00112d1c      0x1e4 C:/devkitPro/devkitARM/bin/../lib/gcc/arm-none-eabi/14.2.0/../../../../arm-none-eabi/lib/armv6k/fpu\libg.a(libc_a-strtoul.o)
 .text.strtoul  0x00112f00       0x34 C:/devkitPro/devkitARM/bin/../lib/gcc/arm-none-eabi/14.2.0/../../../../arm-none-eabi/lib/armv6k/fpu\libg.a(libc_a-strtoul.o)
                0x00112f00                strtoul
 .text.strncat  0x00112f34       0xe4 C:/devkitPro/devkitARM/bin/../lib/gcc/arm-none-eabi/14.2.0/../../../../arm-none-eabi/lib/armv6k/fpu\libg.a(libc_a-strncat.o)
                0x00112f34                strncat
 .text.bsearch  0x00113018       0x78 C:/devkitPro/devkitARM/bin/../lib/gcc/arm-none-eabi/14.2.0/../../../../arm-none-eabi/lib/armv6k/fpu\libg.a(libc_a-bsearch.o)
                0x00113018                bsearch
 .text.calloc   0x00113090       0x20 C:/devkitPro/devkitARM/bin/../lib/gcc/arm-none-eabi/14.2.0/../../../../arm-none-eabi/lib/armv6k/fpu\libg.a(libc_a-calloc.o)
                0x00113090                calloc
 .text.abort    0x001130b0       0x14 C:/devkitPro/devkitARM/bin/../lib/gcc/arm-none-eabi/14.2.0/../../../../arm-none-eabi/lib/armv6k/fpu\libg.a(libc_a-abort.o)
                0x001130b0                abort
 .text._calloc_r
                0x001130c4       0xc0 C:/devkitPro/devkitARM/bin/../lib/gcc/arm-none-eabi/14.2.0/../../../../arm-none-eabi/lib/armv6k/fpu\libg.a(libc_a-callocr.o)
                0x001130c4                _calloc_r
 .text.memalign
                0x00113184       0x20 C:/devkitPro/devkitARM/bin/../lib/gcc/arm-none-eabi/14.2.0/../../../../arm-none-eabi/lib/armv6k/fpu\libg.a(libc_a-malign.o)
                0x00113184                memalign
 .text._malloc_r
                0x001131a4      0x7e8 C:/devkitPro/devkitARM/bin/../lib/gcc/arm-none-eabi/14.2.0/../../../../arm-none-eabi/lib/armv6k/fpu\libg.a(libc_a-mallocr.o)
                0x001131a4                _malloc_r
 .text._malloc_trim_r
                0x0011398c       0xf8 C:/devkitPro/devkitARM/bin/../lib/gcc/arm-none-eabi/14.2.0/../../../../arm-none-eabi/lib/armv6k/fpu\libg.a(libc_a-freer.o)
                0x0011398c                _malloc_trim_r
 .text._free_r  0x00113a84      0x300 C:/devkitPro/devkitARM/bin/../lib/gcc/arm-none-eabi/14.2.0/../../../../arm-none-eabi/lib/armv6k/fpu\libg.a(libc_a-freer.o)
                0x00113a84                _free_r
 .text.strnlen  0x00113d84       0x4c C:/devkitPro/devkitARM/bin/../lib/gcc/arm-none-eabi/14.2.0/../../../../arm-none-eabi/lib/armv6k/fpu\libg.a(libc_a-strnlen.o)
                0x00113d84                strnlen
 .text.__errno  0x00113dd0        0xc C:/devkitPro/devkitARM/bin/../lib/gcc/arm-none-eabi/14.2.0/../../../../arm-none-eabi/lib/armv6k/fpu\libg.a(libc_a-errno.o)
                0x00113dd0                __errno